Component: ARM Compiler 5.06 update 5 (build 528) Tool: armlink [4d35e2]

==============================================================================

Section Cross References

    startup_fm33lg0xx.o(STACK) refers (Special) to heapauxi.o(.text) for __use_two_region_memory
    startup_fm33lg0xx.o(HEAP) refers (Special) to heapauxi.o(.text) for __use_two_region_memory
    startup_fm33lg0xx.o(RESET) refers (Special) to heapauxi.o(.text) for __use_two_region_memory
    startup_fm33lg0xx.o(RESET) refers to startup_fm33lg0xx.o(STACK) for __initial_sp
    startup_fm33lg0xx.o(RESET) refers to startup_fm33lg0xx.o(.text) for Reset_Handler
    startup_fm33lg0xx.o(RESET) refers to i2c.o(i.I2C_IRQHandler) for I2C_IRQHandler
    startup_fm33lg0xx.o(.text) refers (Special) to heapauxi.o(.text) for __use_two_region_memory
    startup_fm33lg0xx.o(.text) refers to system_fm33lg0xx.o(i.SystemInit) for SystemInit
    startup_fm33lg0xx.o(.text) refers to __main.o(!!!main) for __main
    startup_fm33lg0xx.o(.text) refers to startup_fm33lg0xx.o(HEAP) for Heap_Mem
    startup_fm33lg0xx.o(.text) refers to startup_fm33lg0xx.o(STACK) for Stack_Mem
    mf_config.o(i.MF_Clock_Init) refers to system_fm33lg0xx.o(i.SystemCoreClockUpdate) for SystemCoreClockUpdate
    mf_config.o(i.MF_Config_Init) refers to mf_config.o(i.MF_I2C_Init) for MF_I2C_Init
    mf_config.o(i.MF_Config_Init) refers to mf_config.o(i.MF_I2C_Interrupt_Init) for MF_I2C_Interrupt_Init
    mf_config.o(i.MF_Config_Init) refers to mf_config.o(i.MF_NVIC_Init) for MF_NVIC_Init
    mf_config.o(i.MF_I2C_Init) refers to fm33lg0xx_fl_gpio.o(i.FL_GPIO_Init) for FL_GPIO_Init
    mf_config.o(i.MF_I2C_Init) refers to fm33lg0xx_fl_i2c.o(i.FL_I2C_SlaveMode_Init) for FL_I2C_SlaveMode_Init
    mf_config.o(i.MF_NVIC_Init) refers to fm33lg0xx_fl.o(i.FL_NVIC_Init) for FL_NVIC_Init
    main.o(i.main) refers to mf_config.o(i.MF_Clock_Init) for MF_Clock_Init
    main.o(i.main) refers to fm33lg0xx_fl.o(i.FL_Init) for FL_Init
    main.o(i.main) refers to mf_config.o(i.MF_Config_Init) for MF_Config_Init
    i2c.o(i.I2C_IRQHandler) refers to i2c.o(i.FL_I2C_Slave_ReadRXBuff) for FL_I2C_Slave_ReadRXBuff
    i2c.o(i.I2C_IRQHandler) refers to i2c.o(i.FL_I2C_Slave_ClearFlag_RXComplete) for FL_I2C_Slave_ClearFlag_RXComplete
    i2c.o(i.I2C_IRQHandler) refers to i2c.o(i.FL_I2C_Slave_IsActiveFlag_RXComplete) for FL_I2C_Slave_IsActiveFlag_RXComplete
    i2c.o(i.I2C_IRQHandler) refers to i2c.o(i.FL_I2C_Slave_WriteTXBuff) for FL_I2C_Slave_WriteTXBuff
    i2c.o(i.I2C_IRQHandler) refers to i2c.o(i.FL_I2C_Slave_IsActiveFlag_TXComplete) for FL_I2C_Slave_IsActiveFlag_TXComplete
    i2c.o(i.I2C_IRQHandler) refers to i2c.o(.data) for readdata
    system_fm33lg0xx.o(i.SystemCoreClockUpdate) refers to system_fm33lg0xx.o(i.__ARM_common_switch8) for __ARM_common_switch8
    system_fm33lg0xx.o(i.SystemCoreClockUpdate) refers to system_fm33lg0xx.o(i.SystemPLLClockUpdate) for SystemPLLClockUpdate
    system_fm33lg0xx.o(i.SystemCoreClockUpdate) refers to system_fm33lg0xx.o(.data) for XTHFClock
    system_fm33lg0xx.o(i.SystemInit) refers to system_fm33lg0xx.o(i.SystemCoreClockUpdate) for SystemCoreClockUpdate
    system_fm33lg0xx.o(i.SystemPLLClockUpdate) refers to system_fm33lg0xx.o(i.__ARM_common_switch8) for __ARM_common_switch8
    system_fm33lg0xx.o(i.SystemPLLClockUpdate) refers to aeabi_sdiv.o(.text) for __aeabi_uidivmod
    system_fm33lg0xx.o(i.SystemPLLClockUpdate) refers to system_fm33lg0xx.o(.data) for XTHFClock
    fm33lg0xx_fl.o(i.FL_DelayMs) refers to fm33lg0xx_fl.o(i.FL_DelayUs) for FL_DelayUs
    fm33lg0xx_fl.o(i.FL_DelayMsStart) refers to fm33lg0xx_fl.o(i.FL_DelayUsStart) for FL_DelayUsStart
    fm33lg0xx_fl.o(i.FL_DelayUs) refers to aeabi_sdiv.o(.text) for __aeabi_uidivmod
    fm33lg0xx_fl.o(i.FL_DelayUs) refers to system_fm33lg0xx.o(.data) for SystemCoreClock
    fm33lg0xx_fl.o(i.FL_DelayUsStart) refers to aeabi_sdiv.o(.text) for __aeabi_uidivmod
    fm33lg0xx_fl.o(i.FL_DelayUsStart) refers to system_fm33lg0xx.o(.data) for SystemCoreClock
    fm33lg0xx_fl.o(i.FL_Init) refers to fm33lg0xx_fl.o(i.FL_DelayInit) for FL_DelayInit
    fm33lg0xx_fl.o(i.FL_NVIC_Init) refers to fm33lg0xx_fl.o(i.NVIC_SetPriority) for NVIC_SetPriority
    fm33lg0xx_fl_adc.o(i.FL_ADC_CommonInit) refers to fm33lg0xx_fl_adc.o(i.FL_ADC_SetClockSource) for FL_ADC_SetClockSource
    fm33lg0xx_fl_adc.o(i.FL_ADC_DeInit) refers to fm33lg0xx_fl_adc.o(i.FL_RMU_EnableResetAPBPeripheral) for FL_RMU_EnableResetAPBPeripheral
    fm33lg0xx_fl_adc.o(i.FL_ADC_DeInit) refers to fm33lg0xx_fl_adc.o(i.FL_RMU_DisableResetAPBPeripheral) for FL_RMU_DisableResetAPBPeripheral
    fm33lg0xx_fl_adc.o(i.FL_ADC_Init) refers to fm33lg0xx_fl_adc.o(i.FL_ADC_Disable) for FL_ADC_Disable
    fm33lg0xx_fl_adc.o(i.FL_ADC_Init) refers to fm33lg0xx_fl_adc.o(i.FL_ADC_DisableOverSampling) for FL_ADC_DisableOverSampling
    fm33lg0xx_fl_atim.o(i.FL_ATIM_ETR_Init) refers to fm33lg0xx_fl_atim.o(i.FL_CMU_EnableGroup4BusClock) for FL_CMU_EnableGroup4BusClock
[...]
    libinit.o(.ARM.Collect$$libinit$$00000000) refers (Special) to libinit2.o(.ARM.Collect$$libinit$$00000023) for __rt_lib_init_getenv_1
    libinit.o(.ARM.Collect$$libinit$$00000000) refers (Special) to libinit2.o(.ARM.Collect$$libinit$$0000000A) for __rt_lib_init_heap_1
    libinit.o(.ARM.Collect$$libinit$$00000000) refers (Special) to libinit2.o(.ARM.Collect$$libinit$$00000011) for __rt_lib_init_lc_collate_1
    libinit.o(.ARM.Collect$$libinit$$00000000) refers (Special) to libinit2.o(.ARM.Collect$$libinit$$00000013) for __rt_lib_init_lc_ctype_1
    libinit.o(.ARM.Collect$$libinit$$00000000) refers (Special) to libinit2.o(.ARM.Collect$$libinit$$00000015) for __rt_lib_init_lc_monetary_1
    libinit.o(.ARM.Collect$$libinit$$00000000) refers (Special) to libinit2.o(.ARM.Collect$$libinit$$00000017) for __rt_lib_init_lc_numeric_1
    libinit.o(.ARM.Collect$$libinit$$00000000) refers (Special) to libinit2.o(.ARM.Collect$$libinit$$00000019) for __rt_lib_init_lc_time_1
    libinit.o(.ARM.Collect$$libinit$$00000000) refers (Special) to libinit2.o(.ARM.Collect$$libinit$$00000004) for __rt_lib_init_preinit_1
    libinit.o(.ARM.Collect$$libinit$$00000000) refers (Special) to libinit2.o(.ARM.Collect$$libinit$$0000000E) for __rt_lib_init_rand_1
    libinit.o(.ARM.Collect$$libinit$$00000000) refers (Special) to libinit2.o(.ARM.Collect$$libinit$$00000033) for __rt_lib_init_return
    libinit.o(.ARM.Collect$$libinit$$00000000) refers (Special) to libinit2.o(.ARM.Collect$$libinit$$0000001D) for __rt_lib_init_signal_1
    libinit.o(.ARM.Collect$$libinit$$00000000) refers (Special) to libinit2.o(.ARM.Collect$$libinit$$00000025) for __rt_lib_init_stdio_1
    libinit.o(.ARM.Collect$$libinit$$00000000) refers (Special) to libinit2.o(.ARM.Collect$$libinit$$0000000C) for __rt_lib_init_user_alloc_1
    retnan.o(.text) refers (Special) to usenofp.o(x$fpl$usenofp) for __I$use$fp
    retnan.o(.text) refers to cmpret.o(.text) for __fpl_cmpreturn
    libspace.o(.text) refers to libspace.o(.bss) for __libspace_start
    rtexit.o(.ARM.Collect$$rtexit$$00000000) refers (Special) to rtexit2.o(.ARM.Collect$$rtexit$$00000004) for __rt_exit_exit
    rtexit.o(.ARM.Collect$$rtexit$$00000000) refers (Special) to rtexit2.o(.ARM.Collect$$rtexit$$00000003) for __rt_exit_ls
    rtexit.o(.ARM.Collect$$rtexit$$00000000) refers (Special) to rtexit2.o(.ARM.Collect$$rtexit$$00000002) for __rt_exit_prels_1
    rtexit.o(.ARM.exidx) refers (Special) to rtexit2.o(.ARM.Collect$$rtexit$$00000004) for __rt_exit_exit
    rtexit.o(.ARM.exidx) refers (Special) to rtexit2.o(.ARM.Collect$$rtexit$$00000003) for __rt_exit_ls
    rtexit.o(.ARM.exidx) refers (Special) to rtexit2.o(.ARM.Collect$$rtexit$$00000002) for __rt_exit_prels_1
    rtexit.o(.ARM.exidx) refers to rtexit.o(.ARM.Collect$$rtexit$$00000000) for .ARM.Collect$$rtexit$$00000000
    rt_raise.o(.text) refers to __raise.o(.text) for __raise
    rt_raise.o(.text) refers to sys_exit.o(.text) for _sys_exit
    defsig_exit.o(.text) refers to sys_exit.o(.text) for _sys_exit
    defsig_fpe_inner.o(.text) refers to defsig_general.o(.text) for __default_signal_display
    libinit2.o(.ARM.Collect$$libinit$$00000010) refers to libinit2.o(.ARM.Collect$$libinit$$0000000F) for .ARM.Collect$$libinit$$0000000F
    libinit2.o(.ARM.Collect$$libinit$$00000012) refers to libinit2.o(.ARM.Collect$$libinit$$0000000F) for .ARM.Collect$$libinit$$0000000F
    libinit2.o(.ARM.Collect$$libinit$$00000014) refers to libinit2.o(.ARM.Collect$$libinit$$0000000F) for .ARM.Collect$$libinit$$0000000F
    libinit2.o(.ARM.Collect$$libinit$$00000016) refers to libinit2.o(.ARM.Collect$$libinit$$0000000F) for .ARM.Collect$$libinit$$0000000F
    libinit2.o(.ARM.Collect$$libinit$$00000018) refers to libinit2.o(.ARM.Collect$$libinit$$0000000F) for .ARM.Collect$$libinit$$0000000F
    libinit2.o(.ARM.Collect$$libinit$$00000026) refers to argv_veneer.o(.text) for __ARM_argv_veneer
    libinit2.o(.ARM.Collect$$libinit$$00000027) refers to argv_veneer.o(.text) for __ARM_argv_veneer
    sys_exit.o(.text) refers (Special) to use_no_semi.o(.text) for __I$use$semihosting
    sys_exit.o(.text) refers (Special) to indicate_semi.o(.text) for __semihosting_library_function
    rtexit2.o(.ARM.Collect$$rtexit$$00000003) refers to libshutdown.o(.ARM.Collect$$libshutdown$$00000000) for __rt_lib_shutdown
    rtexit2.o(.ARM.Collect$$rtexit$$00000004) refers to sys_exit.o(.text) for _sys_exit
    rtexit2.o(.ARM.exidx) refers to rtexit2.o(.ARM.Collect$$rtexit$$00000001) for .ARM.Collect$$rtexit$$00000001
    rtexit2.o(.ARM.exidx) refers to rtexit2.o(.ARM.Collect$$rtexit$$00000003) for .ARM.Collect$$rtexit$$00000003
    rtexit2.o(.ARM.exidx) refers to rtexit2.o(.ARM.Collect$$rtexit$$00000004) for .ARM.Collect$$rtexit$$00000004
    __raise.o(.text) refers to defsig.o(CL$$defsig) for __default_signal_handler
    defsig_general.o(.text) refers to sys_wrch.o(.text) for _ttywrch
    sys_wrch.o(.text) refers (Special) to use_no_semi.o(.text) for __I$use$semihosting
    sys_wrch.o(.text) refers (Special) to indicate_semi.o(.text) for __semihosting_library_function
    defsig.o(CL$$defsig) refers to defsig_fpe_inner.o(.text) for __rt_SIGFPE_inner
    defsig.o(CL$$defsig) refers to defsig_rtmem_inner.o(.text) for __rt_SIGRTMEM_inner
    _get_argv_nomalloc.o(.text) refers (Special) to hrguard.o(.text) for __heap_region$guard
    _get_argv_nomalloc.o(.text) refers to defsig_rtmem_outer.o(.text) for __rt_SIGRTMEM
    _get_argv_nomalloc.o(.text) refers to sys_command.o(.text) for _sys_command_string
    libshutdown.o(.ARM.Collect$$libshutdown$$00000000) refers (Special) to libshutdown2.o(.ARM.Collect$$libshutdown$$00000002) for __rt_lib_shutdown_cpp_1
    libshutdown.o(.ARM.Collect$$libshutdown$$00000000) refers (Special) to libshutdown2.o(.ARM.Collect$$libshutdown$$00000007) for __rt_lib_shutdown_fp_trap_1
    libshutdown.o(.ARM.Collect$$libshutdown$$00000000) refers (Special) to libshutdown2.o(.ARM.Collect$$libshutdown$$0000000F) for __rt_lib_shutdown_heap_1
    libshutdown.o(.ARM.Collect$$libshutdown$$00000000) refers (Special) to libshutdown2.o(.ARM.Collect$$libshutdown$$00000010) for __rt_lib_shutdown_return
    libshutdown.o(.ARM.Collect$$libshutdown$$00000000) refers (Special) to libshutdown2.o(.ARM.Collect$$libshutdown$$0000000A) for __rt_lib_shutdown_signal_1
    libshutdown.o(.ARM.Collect$$libshutdown$$00000000) refers (Special) to libshutdown2.o(.ARM.Collect$$libshutdown$$00000004) for __rt_lib_shutdown_stdio_1
    libshutdown.o(.ARM.Collect$$libshutdown$$00000000) refers (Special) to libshutdown2.o(.ARM.Collect$$libshutdown$$0000000C) for __rt_lib_shutdown_user_alloc_1
    sys_command.o(.text) refers (Special) to use_no_semi.o(.text) for __I$use$semihosting
    sys_command.o(.text) refers (Special) to indicate_semi.o(.text) for __semihosting_library_function
    defsig_abrt_inner.o(.text) refers to defsig_general.o(.text) for __default_signal_display
    defsig_rtred_inner.o(.text) refers to defsig_general.o(.text) for __default_signal_display
    defsig_rtmem_inner.o(.text) refers to defsig_general.o(.text) for __default_signal_display
    defsig_rtmem_outer.o(.text) refers to defsig_rtmem_inner.o(.text) for __rt_SIGRTMEM_inner
    defsig_rtmem_outer.o(.text) refers to defsig_exit.o(.text) for __sig_exit
    defsig_rtmem_formal.o(.text) refers to rt_raise.o(.text) for __rt_raise
    defsig_stak_inner.o(.text) refers to defsig_general.o(.text) for __default_signal_display
    defsig_pvfn_inner.o(.text) refers to defsig_general.o(.text) for __default_signal_display
    defsig_cppl_inner.o(.text) refers to defsig_general.o(.text) for __default_signal_display
    defsig_segv_inner.o(.text) refers to defsig_general.o(.text) for __default_signal_display
    defsig_other.o(.text) refers to defsig_general.o(.text) for __default_signal_display


==============================================================================

Removing Unused input sections from the image.

    Removing mf_config.o(.rev16_text), (4 bytes).
    Removing mf_config.o(.revsh_text), (4 bytes).
    Removing mf_config.o(i.Error_Handler), (2 bytes).
    Removing mf_config.o(i.assert_failed), (2 bytes).
    Removing main.o(.rev16_text), (4 bytes).
    Removing main.o(.revsh_text), (4 bytes).
    Removing i2c.o(.rev16_text), (4 bytes).
    Removing i2c.o(.revsh_text), (4 bytes).
    Removing system_fm33lg0xx.o(.rev16_text), (4 bytes).
    Removing system_fm33lg0xx.o(.revsh_text), (4 bytes).
    Removing fm33lg0xx_fl.o(.rev16_text), (4 bytes).
    Removing fm33lg0xx_fl.o(.revsh_text), (4 bytes).
    Removing fm33lg0xx_fl.o(i.FL_DelayEnd), (20 bytes).
    Removing fm33lg0xx_fl.o(i.FL_DelayMs), (24 bytes).
    Removing fm33lg0xx_fl.o(i.FL_DelayMsStart), (18 bytes).
    Removing fm33lg0xx_fl.o(i.FL_DelayUs), (68 bytes).
    Removing fm33lg0xx_fl.o(i.FL_DelayUsStart), (56 bytes).
    Removing fm33lg0xx_fl_adc.o(.rev16_text), (4 bytes).
    Removing fm33lg0xx_fl_adc.o(.revsh_text), (4 bytes).
    Removing fm33lg0xx_fl_adc.o(i.FL_ADC_CommonDeInit), (44 bytes).
    Removing fm33lg0xx_fl_adc.o(i.FL_ADC_CommonInit), (396 bytes).
    Removing fm33lg0xx_fl_adc.o(i.FL_ADC_CommonStructInit), (16 bytes).
    Removing fm33lg0xx_fl_adc.o(i.FL_ADC_DeInit), (100 bytes).
    Removing fm33lg0xx_fl_adc.o(i.FL_ADC_Disable), (10 bytes).
    Removing fm33lg0xx_fl_adc.o(i.FL_ADC_DisableOverSampling), (12 bytes).
    Removing fm33lg0xx_fl_adc.o(i.FL_ADC_Init), (904 bytes).
    Removing fm33lg0xx_fl_adc.o(i.FL_ADC_SetClockSource), (12 bytes).
    Removing fm33lg0xx_fl_adc.o(i.FL_ADC_StructInit), (42 bytes).
    Removing fm33lg0xx_fl_adc.o(i.FL_RMU_DisableResetAPBPeripheral), (34 bytes).
    Removing fm33lg0xx_fl_adc.o(i.FL_RMU_EnableResetAPBPeripheral), (34 bytes).
    Removing fm33lg0xx_fl_aes.o(.rev16_text), (4 bytes).
    Removing fm33lg0xx_fl_aes.o(.revsh_text), (4 bytes).
    Removing fm33lg0xx_fl_aes.o(i.FL_AES_DeInit), (136 bytes).
    Removing fm33lg0xx_fl_aes.o(i.FL_AES_Init), (304 bytes).
    Removing fm33lg0xx_fl_aes.o(i.FL_AES_StructInit), (12 bytes).
    Removing fm33lg0xx_fl_atim.o(.rev16_text), (4 bytes).
    Removing fm33lg0xx_fl_atim.o(.revsh_text), (4 bytes).
    Removing fm33lg0xx_fl_atim.o(i.FL_ATIM_BDTR_Init), (556 bytes).
    Removing fm33lg0xx_fl_atim.o(i.FL_ATIM_BDTR_StructInit), (34 bytes).
    Removing fm33lg0xx_fl_atim.o(i.FL_ATIM_CC_SetChannelMode), (54 bytes).
    Removing fm33lg0xx_fl_atim.o(i.FL_ATIM_DeInit), (180 bytes).
    Removing fm33lg0xx_fl_atim.o(i.FL_ATIM_ETRStructInit), (12 bytes).
    Removing fm33lg0xx_fl_atim.o(i.FL_ATIM_ETR_Init), (368 bytes).
    Removing fm33lg0xx_fl_atim.o(i.FL_ATIM_GenerateUpdateEvent), (10 bytes).
    Removing fm33lg0xx_fl_atim.o(i.FL_ATIM_IC_Init), (490 bytes).
    Removing fm33lg0xx_fl_atim.o(i.FL_ATIM_IC_StructInit), (18 bytes).
    Removing fm33lg0xx_fl_atim.o(i.FL_ATIM_Init), (408 bytes).
    Removing fm33lg0xx_fl_atim.o(i.FL_ATIM_IsActiveFlag_Update), (16 bytes).
    Removing fm33lg0xx_fl_atim.o(i.FL_ATIM_OC_DisableChannel), (16 bytes).
    Removing fm33lg0xx_fl_atim.o(i.FL_ATIM_OC_DisableReverseChannel), (16 bytes).
    Removing fm33lg0xx_fl_atim.o(i.FL_ATIM_OC_Init), (560 bytes).
    Removing fm33lg0xx_fl_atim.o(i.FL_ATIM_OC_StructInit), (24 bytes).
    Removing fm33lg0xx_fl_atim.o(i.FL_ATIM_SetCounterAlignedMode), (12 bytes).
    Removing fm33lg0xx_fl_atim.o(i.FL_ATIM_SetCounterDirection), (12 bytes).
    Removing fm33lg0xx_fl_atim.o(i.FL_ATIM_SetSlaveMode), (12 bytes).
    Removing fm33lg0xx_fl_atim.o(i.FL_ATIM_SlaveModeStructInit), (14 bytes).
    Removing fm33lg0xx_fl_atim.o(i.FL_ATIM_SlaveMode_Init), (276 bytes).
    Removing fm33lg0xx_fl_atim.o(i.FL_ATIM_StructInit), (28 bytes).
    Removing fm33lg0xx_fl_atim.o(i.FL_CMU_EnableGroup3OperationClock), (16 bytes).
    Removing fm33lg0xx_fl_atim.o(i.FL_CMU_EnableGroup4BusClock), (16 bytes).
    Removing fm33lg0xx_fl_atim.o(i.OCConfig), (472 bytes).
    Removing fm33lg0xx_fl_bstim16.o(.rev16_text), (4 bytes).
    Removing fm33lg0xx_fl_bstim16.o(.revsh_text), (4 bytes).
    Removing fm33lg0xx_fl_bstim16.o(i.FL_BSTIM16_DeInit), (180 bytes).
    Removing fm33lg0xx_fl_bstim16.o(i.FL_BSTIM16_Init), (344 bytes).
    Removing fm33lg0xx_fl_bstim16.o(i.FL_BSTIM16_StructInit), (18 bytes).
    Removing fm33lg0xx_fl_bstim32.o(.rev16_text), (4 bytes).
    Removing fm33lg0xx_fl_bstim32.o(.revsh_text), (4 bytes).
    Removing fm33lg0xx_fl_bstim32.o(i.FL_BSTIM32_DeInit), (180 bytes).
    Removing fm33lg0xx_fl_bstim32.o(i.FL_BSTIM32_Init), (272 bytes).
    Removing fm33lg0xx_fl_bstim32.o(i.FL_BSTIM32_StructInit), (18 bytes).
    Removing fm33lg0xx_fl_can.o(.rev16_text), (4 bytes).
    Removing fm33lg0xx_fl_can.o(.revsh_text), (4 bytes).
    Removing fm33lg0xx_fl_can.o(i.FL_CAN_Enable), (10 bytes).
    Removing fm33lg0xx_fl_can.o(i.FL_CAN_FilterInit), (808 bytes).
    Removing fm33lg0xx_fl_can.o(i.FL_CAN_Filter_WriteIDCompare), (26 bytes).
    Removing fm33lg0xx_fl_can.o(i.FL_CAN_Init), (472 bytes).
    Removing fm33lg0xx_fl_can.o(i.FL_CAN_StructFilterInit), (44 bytes).
    Removing fm33lg0xx_fl_can.o(i.FL_CAN_StructInit), (20 bytes).
    Removing fm33lg0xx_fl_cmu.o(.rev16_text), (4 bytes).
    Removing fm33lg0xx_fl_cmu.o(.revsh_text), (4 bytes).
    Removing fm33lg0xx_fl_cmu.o(i.FL_CMU_GetAHBClockFreq), (120 bytes).
    Removing fm33lg0xx_fl_cmu.o(i.FL_CMU_GetAPBClockFreq), (120 bytes).
    Removing fm33lg0xx_fl_cmu.o(i.FL_CMU_GetPLLClockFreq), (172 bytes).
    Removing fm33lg0xx_fl_cmu.o(i.FL_CMU_GetRCHFClockFreq), (80 bytes).
    Removing fm33lg0xx_fl_cmu.o(i.FL_CMU_GetRCLFClockFreq), (76 bytes).
    Removing fm33lg0xx_fl_cmu.o(i.FL_CMU_GetSystemClockFreq), (100 bytes).
    Removing fm33lg0xx_fl_comp.o(.rev16_text), (4 bytes).
    Removing fm33lg0xx_fl_comp.o(.revsh_text), (4 bytes).
    Removing fm33lg0xx_fl_comp.o(i.FL_COMP_DeInit), (52 bytes).
    Removing fm33lg0xx_fl_comp.o(i.FL_COMP_Init), (836 bytes).
    Removing fm33lg0xx_fl_comp.o(i.FL_COMP_StructInit), (20 bytes).
    Removing fm33lg0xx_fl_crc.o(.rev16_text), (4 bytes).
    Removing fm33lg0xx_fl_crc.o(.revsh_text), (4 bytes).
    Removing fm33lg0xx_fl_crc.o(i.FL_CRC_DeInit), (168 bytes).
    Removing fm33lg0xx_fl_crc.o(i.FL_CRC_Init), (364 bytes).
    Removing fm33lg0xx_fl_crc.o(i.FL_CRC_StructInit), (24 bytes).
    Removing fm33lg0xx_fl_dac.o(.rev16_text), (4 bytes).
    Removing fm33lg0xx_fl_dac.o(.revsh_text), (4 bytes).
    Removing fm33lg0xx_fl_dac.o(i.FL_DAC_DeInit), (84 bytes).
    Removing fm33lg0xx_fl_dac.o(i.FL_DAC_Init), (576 bytes).
    Removing fm33lg0xx_fl_dac.o(i.FL_DAC_StructInit), (24 bytes).
    Removing fm33lg0xx_fl_dac.o(i.FL_RMU_DisableResetAPBPeripheral), (34 bytes).
    Removing fm33lg0xx_fl_dac.o(i.FL_RMU_EnableResetAPBPeripheral), (34 bytes).
    Removing fm33lg0xx_fl_divas.o(.rev16_text), (4 bytes).
    Removing fm33lg0xx_fl_divas.o(.revsh_text), (4 bytes).
    Removing fm33lg0xx_fl_divas.o(i.FL_DIVAS_DeInit), (168 bytes).
    Removing fm33lg0xx_fl_divas.o(i.FL_DIVAS_Hdiv_Calculation), (128 bytes).
    Removing fm33lg0xx_fl_divas.o(i.FL_DIVAS_Init), (56 bytes).
    Removing fm33lg0xx_fl_divas.o(i.FL_DIVAS_IsActiveFlag_Busy), (16 bytes).
    Removing fm33lg0xx_fl_divas.o(i.FL_DIVAS_Root_Calculation), (68 bytes).
    Removing fm33lg0xx_fl_divas.o(i.FL_DIVAS_SetMode), (12 bytes).
    Removing fm33lg0xx_fl_divas.o(i.FL_DIVAS_WriteOperand), (4 bytes).
    Removing fm33lg0xx_fl_dma.o(.rev16_text), (4 bytes).
    Removing fm33lg0xx_fl_dma.o(.revsh_text), (4 bytes).
    Removing fm33lg0xx_fl_dma.o(i.FL_DMA_DeInit), (108 bytes).
    Removing fm33lg0xx_fl_dma.o(i.FL_DMA_Init), (740 bytes).
    Removing fm33lg0xx_fl_dma.o(i.FL_DMA_StartTransmission), (172 bytes).
    Removing fm33lg0xx_fl_dma.o(i.FL_DMA_StructInit), (20 bytes).
    Removing fm33lg0xx_fl_exti.o(.rev16_text), (4 bytes).
    Removing fm33lg0xx_fl_exti.o(.revsh_text), (4 bytes).
    Removing fm33lg0xx_fl_exti.o(i.FL_EXTI_CommonDeinit), (24 bytes).
    Removing fm33lg0xx_fl_exti.o(i.FL_EXTI_CommonInit), (96 bytes).
    Removing fm33lg0xx_fl_exti.o(i.FL_EXTI_CommonStructInit), (8 bytes).
    Removing fm33lg0xx_fl_exti.o(i.FL_EXTI_DeInit), (192 bytes).
    Removing fm33lg0xx_fl_exti.o(i.FL_EXTI_Init), (444 bytes).
    Removing fm33lg0xx_fl_exti.o(i.FL_EXTI_StructInit), (10 bytes).
    Removing fm33lg0xx_fl_exti.o(i.FL_GPIO_ClearFlag_EXTI), (8 bytes).
    Removing fm33lg0xx_fl_exti.o(i.FL_GPIO_DisableDigitalFilter), (12 bytes).
    Removing fm33lg0xx_fl_exti.o(i.FL_GPIO_SetExtiLine0), (12 bytes).
    Removing fm33lg0xx_fl_exti.o(i.FL_GPIO_SetExtiLine1), (12 bytes).
    Removing fm33lg0xx_fl_exti.o(i.FL_GPIO_SetExtiLine10), (14 bytes).
    Removing fm33lg0xx_fl_exti.o(i.FL_GPIO_SetExtiLine11), (14 bytes).
    Removing fm33lg0xx_fl_exti.o(i.FL_GPIO_SetExtiLine12), (14 bytes).
    Removing fm33lg0xx_fl_exti.o(i.FL_GPIO_SetExtiLine13), (14 bytes).
    Removing fm33lg0xx_fl_exti.o(i.FL_GPIO_SetExtiLine14), (14 bytes).
    Removing fm33lg0xx_fl_exti.o(i.FL_GPIO_SetExtiLine15), (12 bytes).
    Removing fm33lg0xx_fl_exti.o(i.FL_GPIO_SetExtiLine16), (12 bytes).
    Removing fm33lg0xx_fl_exti.o(i.FL_GPIO_SetExtiLine17), (12 bytes).
    Removing fm33lg0xx_fl_exti.o(i.FL_GPIO_SetExtiLine18), (12 bytes).
    Removing fm33lg0xx_fl_exti.o(i.FL_GPIO_SetExtiLine2), (12 bytes).
    Removing fm33lg0xx_fl_exti.o(i.FL_GPIO_SetExtiLine3), (12 bytes).
    Removing fm33lg0xx_fl_exti.o(i.FL_GPIO_SetExtiLine4), (14 bytes).
    Removing fm33lg0xx_fl_exti.o(i.FL_GPIO_SetExtiLine5), (14 bytes).
    Removing fm33lg0xx_fl_exti.o(i.FL_GPIO_SetExtiLine6), (14 bytes).
    Removing fm33lg0xx_fl_exti.o(i.FL_GPIO_SetExtiLine7), (14 bytes).
    Removing fm33lg0xx_fl_exti.o(i.FL_GPIO_SetExtiLine8), (14 bytes).
    Removing fm33lg0xx_fl_exti.o(i.FL_GPIO_SetExtiLine9), (14 bytes).
    Removing fm33lg0xx_fl_exti.o(i.FL_GPIO_SetTriggerEdge0), (26 bytes).
    Removing fm33lg0xx_fl_exti.o(i.FL_GPIO_SetTriggerEdge1), (26 bytes).
    Removing fm33lg0xx_fl_exti.o(.constdata), (84 bytes).
    Removing fm33lg0xx_fl_flash.o(.rev16_text), (4 bytes).
    Removing fm33lg0xx_fl_flash.o(.revsh_text), (4 bytes).
    Removing fm33lg0xx_fl_flash.o(i.FL_CMU_DisableGroup2BusClock), (16 bytes).
    Removing fm33lg0xx_fl_flash.o(i.FL_CMU_DisableGroup3OperationClock), (16 bytes).
    Removing fm33lg0xx_fl_flash.o(i.FL_CMU_EnableGroup2BusClock), (16 bytes).
    Removing fm33lg0xx_fl_flash.o(i.FL_CMU_EnableGroup3OperationClock), (16 bytes).
    Removing fm33lg0xx_fl_flash.o(i.FL_DMA_ClearFlag_TransferComplete), (10 bytes).
    Removing fm33lg0xx_fl_flash.o(i.FL_DMA_EnableChannel), (38 bytes).
    Removing fm33lg0xx_fl_flash.o(i.FL_DMA_IsActiveFlag_TransferComplete), (30 bytes).
    Removing fm33lg0xx_fl_flash.o(i.FL_DMA_WriteFlashAddress), (12 bytes).
    Removing fm33lg0xx_fl_flash.o(i.FL_DMA_WriteMemoryAddress), (40 bytes).
    Removing fm33lg0xx_fl_flash.o(i.FL_DMA_WriteTransmissionSize), (48 bytes).
    Removing fm33lg0xx_fl_flash.o(i.FL_FLASH_ClearFlag_AuthenticationError), (8 bytes).
    Removing fm33lg0xx_fl_flash.o(i.FL_FLASH_ClearFlag_ClockError), (8 bytes).
    Removing fm33lg0xx_fl_flash.o(i.FL_FLASH_ClearFlag_EraseComplete), (6 bytes).
    Removing fm33lg0xx_fl_flash.o(i.FL_FLASH_EnableErase), (18 bytes).
    Removing fm33lg0xx_fl_flash.o(i.FL_FLASH_EnableProgram), (18 bytes).
    Removing fm33lg0xx_fl_flash.o(i.FL_FLASH_GetFlashLockStatus), (12 bytes).
    Removing fm33lg0xx_fl_flash.o(i.FL_FLASH_IsActiveFlag_AuthenticationError), (14 bytes).
    Removing fm33lg0xx_fl_flash.o(i.FL_FLASH_IsActiveFlag_ClockError), (14 bytes).
    Removing fm33lg0xx_fl_flash.o(i.FL_FLASH_IsActiveFlag_EraseComplete), (16 bytes).
    Removing fm33lg0xx_fl_flash.o(i.FL_FLASH_IsActiveFlag_KeyError), (14 bytes).
    Removing fm33lg0xx_fl_flash.o(i.FL_FLASH_IsActiveFlag_ProgramComplete), (12 bytes).
    Removing fm33lg0xx_fl_flash.o(i.FL_FLASH_LockFlash), (8 bytes).
    Removing fm33lg0xx_fl_flash.o(i.FL_FLASH_PageErase), (284 bytes).
    Removing fm33lg0xx_fl_flash.o(i.FL_FLASH_Program_Page), (308 bytes).
    Removing fm33lg0xx_fl_flash.o(i.FL_FLASH_Program_Sector), (304 bytes).
    Removing fm33lg0xx_fl_flash.o(i.FL_FLASH_Program_Word), (276 bytes).
    Removing fm33lg0xx_fl_flash.o(i.FL_FLASH_Read_Dma), (220 bytes).
    Removing fm33lg0xx_fl_flash.o(i.FL_FLASH_SectorErase), (288 bytes).
    Removing fm33lg0xx_fl_flash.o(i.FL_FLASH_SetFlashEraseType), (14 bytes).
    Removing fm33lg0xx_fl_flash.o(i.FL_FLASH_UnlockFlash), (4 bytes).
    Removing fm33lg0xx_fl_flash.o(i.FL_FLASH_Write_Dma), (300 bytes).
    Removing fm33lg0xx_fl_flash.o(i.__get_PRIMASK), (6 bytes).
    Removing fm33lg0xx_fl_flash.o(i.__set_PRIMASK), (6 bytes).
    Removing fm33lg0xx_fl_gpio.o(.rev16_text), (4 bytes).
    Removing fm33lg0xx_fl_gpio.o(.revsh_text), (4 bytes).
    Removing fm33lg0xx_fl_gpio.o(i.FL_GPIO_ALLPIN_LPM_MODE), (68 bytes).
    Removing fm33lg0xx_fl_gpio.o(i.FL_GPIO_DeInit), (184 bytes).
    Removing fm33lg0xx_fl_gpio.o(i.FL_GPIO_StructInit), (28 bytes).
    Removing fm33lg0xx_fl_gpio.o(i.FL_WKUP_DeInit), (92 bytes).
    Removing fm33lg0xx_fl_gpio.o(i.FL_WKUP_Init), (168 bytes).
    Removing fm33lg0xx_fl_gpio.o(i.FL_WKUP_StructInit), (6 bytes).
    Removing fm33lg0xx_fl_gptim.o(.rev16_text), (4 bytes).
    Removing fm33lg0xx_fl_gptim.o(.revsh_text), (4 bytes).
    Removing fm33lg0xx_fl_gptim.o(i.FL_CMU_DisableGroup4BusClock), (16 bytes).
    Removing fm33lg0xx_fl_gptim.o(i.FL_CMU_EnableGroup4BusClock), (16 bytes).
    Removing fm33lg0xx_fl_gptim.o(i.FL_GPTIM_CC_SetChannelMode), (80 bytes).
    Removing fm33lg0xx_fl_gptim.o(i.FL_GPTIM_DeInit), (180 bytes).
    Removing fm33lg0xx_fl_gptim.o(i.FL_GPTIM_ETR_Init), (396 bytes).
    Removing fm33lg0xx_fl_gptim.o(i.FL_GPTIM_ETR_StructInit), (12 bytes).
    Removing fm33lg0xx_fl_gptim.o(i.FL_GPTIM_GenerateUpdateEvent), (10 bytes).
    Removing fm33lg0xx_fl_gptim.o(i.FL_GPTIM_IC_Init), (752 bytes).
    Removing fm33lg0xx_fl_gptim.o(i.FL_GPTIM_IC_StructInit), (18 bytes).
    Removing fm33lg0xx_fl_gptim.o(i.FL_GPTIM_Init), (364 bytes).
    Removing fm33lg0xx_fl_gptim.o(i.FL_GPTIM_OC_Init), (504 bytes).
    Removing fm33lg0xx_fl_gptim.o(i.FL_GPTIM_OC_StructInit), (16 bytes).
    Removing fm33lg0xx_fl_gptim.o(i.FL_GPTIM_SetCounterAlignedMode), (12 bytes).
    Removing fm33lg0xx_fl_gptim.o(i.FL_GPTIM_SetSlaveMode), (12 bytes).
    Removing fm33lg0xx_fl_gptim.o(i.FL_GPTIM_SlaveMode_Init), (360 bytes).
    Removing fm33lg0xx_fl_gptim.o(i.FL_GPTIM_SlaveMode_StructInit), (16 bytes).
    Removing fm33lg0xx_fl_gptim.o(i.FL_GPTIM_StructInit), (24 bytes).
    Removing fm33lg0xx_fl_gptim.o(i.FL_RMU_DisableResetAPBPeripheral), (34 bytes).
    Removing fm33lg0xx_fl_gptim.o(i.FL_RMU_EnableResetAPBPeripheral), (34 bytes).
    Removing fm33lg0xx_fl_gptim.o(i.OCConfig), (416 bytes).
    Removing fm33lg0xx_fl_i2c.o(.rev16_text), (4 bytes).
    Removing fm33lg0xx_fl_i2c.o(.revsh_text), (4 bytes).
    Removing fm33lg0xx_fl_i2c.o(i.FL_I2C_DeInit), (188 bytes).
    Removing fm33lg0xx_fl_i2c.o(i.FL_I2C_MasterMode_Init), (360 bytes).
    Removing fm33lg0xx_fl_i2c.o(i.FL_I2C_MasterMode_StructInit), (16 bytes).
    Removing fm33lg0xx_fl_i2c.o(i.FL_I2C_SlaveMode_StructInit), (16 bytes).
    Removing fm33lg0xx_fl_iwdt.o(.rev16_text), (4 bytes).
    Removing fm33lg0xx_fl_iwdt.o(.revsh_text), (4 bytes).
    Removing fm33lg0xx_fl_iwdt.o(i.FL_IWDT_DeInit), (36 bytes).
    Removing fm33lg0xx_fl_iwdt.o(i.FL_IWDT_Init), (212 bytes).
    Removing fm33lg0xx_fl_iwdt.o(i.FL_IWDT_StructInit), (10 bytes).
    Removing fm33lg0xx_fl_lcd.o(.rev16_text), (4 bytes).
    Removing fm33lg0xx_fl_lcd.o(.revsh_text), (4 bytes).
    Removing fm33lg0xx_fl_lcd.o(i.FL_LCD_4COMDisplay), (74 bytes).
    Removing fm33lg0xx_fl_lcd.o(i.FL_LCD_6COMDisplay), (74 bytes).
    Removing fm33lg0xx_fl_lcd.o(i.FL_LCD_8COMDisplay), (74 bytes).
    Removing fm33lg0xx_fl_lcd.o(i.FL_LCD_DeInit), (168 bytes).
    Removing fm33lg0xx_fl_lcd.o(i.FL_LCD_DisplayFreq), (196 bytes).
    Removing fm33lg0xx_fl_lcd.o(i.FL_LCD_FlickTime), (124 bytes).
    Removing fm33lg0xx_fl_lcd.o(i.FL_LCD_GetCOMNumber), (10 bytes).
    Removing fm33lg0xx_fl_lcd.o(i.FL_LCD_Init), (620 bytes).
    Removing fm33lg0xx_fl_lcd.o(i.FL_LCD_ReadDisplayFrequency), (8 bytes).
    Removing fm33lg0xx_fl_lcd.o(i.FL_LCD_StructInit), (40 bytes).
    Removing fm33lg0xx_fl_lptim16.o(.rev16_text), (4 bytes).
    Removing fm33lg0xx_fl_lptim16.o(.revsh_text), (4 bytes).
    Removing fm33lg0xx_fl_lptim16.o(i.FL_LPTIM16_DeInit), (184 bytes).
    Removing fm33lg0xx_fl_lptim16.o(i.FL_LPTIM16_EnableETRFilter), (12 bytes).
    Removing fm33lg0xx_fl_lptim16.o(i.FL_LPTIM16_IC_Init), (384 bytes).
    Removing fm33lg0xx_fl_lptim16.o(i.FL_LPTIM16_IC_StructInit), (14 bytes).
    Removing fm33lg0xx_fl_lptim16.o(i.FL_LPTIM16_Init), (656 bytes).
    Removing fm33lg0xx_fl_lptim16.o(i.FL_LPTIM16_OC_Init), (208 bytes).
    Removing fm33lg0xx_fl_lptim16.o(i.FL_LPTIM16_OC_StructInit), (8 bytes).
    Removing fm33lg0xx_fl_lptim16.o(i.FL_LPTIM16_SetChannelMode), (42 bytes).
    Removing fm33lg0xx_fl_lptim16.o(i.FL_LPTIM16_SetETRCountEdge), (12 bytes).
    Removing fm33lg0xx_fl_lptim16.o(i.FL_LPTIM16_SetETRTriggerEdge), (12 bytes).
    Removing fm33lg0xx_fl_lptim16.o(i.FL_LPTIM16_StructInit), (22 bytes).
    Removing fm33lg0xx_fl_lptim32.o(.rev16_text), (4 bytes).
    Removing fm33lg0xx_fl_lptim32.o(.revsh_text), (4 bytes).
    Removing fm33lg0xx_fl_lptim32.o(i.FL_LPTIM32_DeInit), (184 bytes).
    Removing fm33lg0xx_fl_lptim32.o(i.FL_LPTIM32_EnableETRFilter), (12 bytes).
    Removing fm33lg0xx_fl_lptim32.o(i.FL_LPTIM32_IC_Init), (312 bytes).
    Removing fm33lg0xx_fl_lptim32.o(i.FL_LPTIM32_IC_StructInit), (8 bytes).
    Removing fm33lg0xx_fl_lptim32.o(i.FL_LPTIM32_Init), (580 bytes).
    Removing fm33lg0xx_fl_lptim32.o(i.FL_LPTIM32_OC_Init), (272 bytes).
    Removing fm33lg0xx_fl_lptim32.o(i.FL_LPTIM32_OC_StructInit), (8 bytes).
    Removing fm33lg0xx_fl_lptim32.o(i.FL_LPTIM32_SetChannelMode), (78 bytes).
    Removing fm33lg0xx_fl_lptim32.o(i.FL_LPTIM32_SetETRCountEdge), (12 bytes).
    Removing fm33lg0xx_fl_lptim32.o(i.FL_LPTIM32_SetETRTriggerEdge), (12 bytes).
    Removing fm33lg0xx_fl_lptim32.o(i.FL_LPTIM32_StructInit), (20 bytes).
    Removing fm33lg0xx_fl_lpuart.o(.rev16_text), (4 bytes).
    Removing fm33lg0xx_fl_lpuart.o(.revsh_text), (4 bytes).
    Removing fm33lg0xx_fl_lpuart.o(i.FL_CMU_DisableGroup3OperationClock), (16 bytes).
    Removing fm33lg0xx_fl_lpuart.o(i.FL_CMU_EnableGroup3BusClock), (16 bytes).
    Removing fm33lg0xx_fl_lpuart.o(i.FL_CMU_EnableGroup3OperationClock), (16 bytes).
    Removing fm33lg0xx_fl_lpuart.o(i.FL_CMU_IsEnabledGroup3BusClock), (24 bytes).
    Removing fm33lg0xx_fl_lpuart.o(i.FL_LPUART_DeInit), (208 bytes).
    Removing fm33lg0xx_fl_lpuart.o(i.FL_LPUART_Init), (736 bytes).
    Removing fm33lg0xx_fl_lpuart.o(i.FL_LPUART_StructInit), (24 bytes).
    Removing fm33lg0xx_fl_lpuart.o(i.FL_RMU_DisableResetAPBPeripheral), (34 bytes).
    Removing fm33lg0xx_fl_lpuart.o(i.FL_RMU_EnableResetAPBPeripheral), (34 bytes).
    Removing fm33lg0xx_fl_opa.o(.rev16_text), (4 bytes).
    Removing fm33lg0xx_fl_opa.o(.revsh_text), (4 bytes).
    Removing fm33lg0xx_fl_opa.o(i.FL_OPA_DeInit), (168 bytes).
    Removing fm33lg0xx_fl_opa.o(i.FL_OPA_Init), (452 bytes).
    Removing fm33lg0xx_fl_opa.o(i.FL_OPA_StructInit), (22 bytes).
    Removing fm33lg0xx_fl_pgl.o(.rev16_text), (4 bytes).
    Removing fm33lg0xx_fl_pgl.o(.revsh_text), (4 bytes).
    Removing fm33lg0xx_fl_pgl.o(i.FL_PGL_DeInit), (168 bytes).
    Removing fm33lg0xx_fl_pgl.o(i.FL_PGL_EnableLUTInputMask), (78 bytes).
    Removing fm33lg0xx_fl_pgl.o(i.FL_PGL_LUT_Init), (608 bytes).
    Removing fm33lg0xx_fl_pgl.o(i.FL_PGL_SetLUTEffectiveEdge), (94 bytes).
    Removing fm33lg0xx_fl_pgl.o(i.FL_PGL_SetLUTInputSource), (140 bytes).
    Removing fm33lg0xx_fl_pgl.o(i.FL_PGL_SetLUTOutputMode), (92 bytes).
    Removing fm33lg0xx_fl_pgl.o(i.FL_PGL_StructInit), (24 bytes).
    Removing fm33lg0xx_fl_pmu.o(.rev16_text), (4 bytes).
    Removing fm33lg0xx_fl_pmu.o(.revsh_text), (4 bytes).
    Removing fm33lg0xx_fl_pmu.o(i.FL_PMU_Sleep_DeInit), (56 bytes).
    Removing fm33lg0xx_fl_pmu.o(i.FL_PMU_Sleep_Init), (332 bytes).
    Removing fm33lg0xx_fl_pmu.o(i.FL_PMU_StructInit), (22 bytes).
    Removing fm33lg0xx_fl_rng.o(.rev16_text), (4 bytes).
    Removing fm33lg0xx_fl_rng.o(.revsh_text), (4 bytes).
    Removing fm33lg0xx_fl_rng.o(i.FL_CMU_SetRNGPrescaler), (24 bytes).
    Removing fm33lg0xx_fl_rng.o(i.FL_RNG_ClearFlag_CRCComplete), (10 bytes).
    Removing fm33lg0xx_fl_rng.o(i.FL_RNG_DeInit), (168 bytes).
    Removing fm33lg0xx_fl_rng.o(i.FL_RNG_Disable), (10 bytes).
    Removing fm33lg0xx_fl_rng.o(i.FL_RNG_Init), (188 bytes).
    Removing fm33lg0xx_fl_rng.o(i.GetCrc32), (132 bytes).
    Removing fm33lg0xx_fl_rng.o(i.GetRandomNumber), (92 bytes).
    Removing fm33lg0xx_fl_rtca.o(.rev16_text), (4 bytes).
    Removing fm33lg0xx_fl_rtca.o(.revsh_text), (4 bytes).
    Removing fm33lg0xx_fl_rtca.o(i.FL_RTCA_ConfigTime), (128 bytes).
    Removing fm33lg0xx_fl_rtca.o(i.FL_RTCA_DeInit), (76 bytes).
    Removing fm33lg0xx_fl_rtca.o(i.FL_RTCA_GetTime), (74 bytes).
    Removing fm33lg0xx_fl_rtca.o(i.FL_RTCA_Init), (64 bytes).
    Removing fm33lg0xx_fl_rtca.o(i.FL_RTCA_StructInit), (18 bytes).
    Removing fm33lg0xx_fl_rtcb.o(.rev16_text), (4 bytes).
    Removing fm33lg0xx_fl_rtcb.o(.revsh_text), (4 bytes).
    Removing fm33lg0xx_fl_rtcb.o(i.FL_RTCB_ConfigTime), (128 bytes).
    Removing fm33lg0xx_fl_rtcb.o(i.FL_RTCB_DeInit), (88 bytes).
    Removing fm33lg0xx_fl_rtcb.o(i.FL_RTCB_GetTime), (74 bytes).
    Removing fm33lg0xx_fl_rtcb.o(i.FL_RTCB_Init), (56 bytes).
    Removing fm33lg0xx_fl_rtcb.o(i.FL_RTCB_StructInit), (18 bytes).
    Removing fm33lg0xx_fl_spi.o(.rev16_text), (4 bytes).
    Removing fm33lg0xx_fl_spi.o(.revsh_text), (4 bytes).
    Removing fm33lg0xx_fl_spi.o(i.FL_CMU_DisableGroup3BusClock), (16 bytes).
    Removing fm33lg0xx_fl_spi.o(i.FL_CMU_EnableGroup3BusClock), (16 bytes).
    Removing fm33lg0xx_fl_spi.o(i.FL_RMU_DisableResetAPBPeripheral), (34 bytes).
    Removing fm33lg0xx_fl_spi.o(i.FL_RMU_EnableResetAPBPeripheral), (34 bytes).
    Removing fm33lg0xx_fl_spi.o(i.FL_SPI_DeInit), (192 bytes).
    Removing fm33lg0xx_fl_spi.o(i.FL_SPI_Init), (496 bytes).
    Removing fm33lg0xx_fl_spi.o(i.FL_SPI_StructInit), (28 bytes).
    Removing fm33lg0xx_fl_svd.o(.rev16_text), (4 bytes).
    Removing fm33lg0xx_fl_svd.o(.revsh_text), (4 bytes).
    Removing fm33lg0xx_fl_svd.o(i.FL_SVD_DeInit), (168 bytes).
    Removing fm33lg0xx_fl_svd.o(i.FL_SVD_Init), (416 bytes).
    Removing fm33lg0xx_fl_svd.o(i.FL_SVD_StructInit), (18 bytes).
    Removing fm33lg0xx_fl_u7816.o(.rev16_text), (4 bytes).
    Removing fm33lg0xx_fl_u7816.o(.revsh_text), (4 bytes).
    Removing fm33lg0xx_fl_u7816.o(i.FL_U7816_DeInit), (168 bytes).
    Removing fm33lg0xx_fl_u7816.o(i.FL_U7816_Init), (648 bytes).
    Removing fm33lg0xx_fl_u7816.o(i.FL_U7816_StructInit), (52 bytes).
    Removing fm33lg0xx_fl_uart.o(.rev16_text), (4 bytes).
    Removing fm33lg0xx_fl_uart.o(.revsh_text), (4 bytes).
    Removing fm33lg0xx_fl_uart.o(i.FL_CMU_DisableGroup3BusClock), (16 bytes).
    Removing fm33lg0xx_fl_uart.o(i.FL_CMU_DisableGroup3OperationClock), (16 bytes).
    Removing fm33lg0xx_fl_uart.o(i.FL_CMU_EnableGroup3BusClock), (16 bytes).
    Removing fm33lg0xx_fl_uart.o(i.FL_CMU_EnableGroup3OperationClock), (16 bytes).
    Removing fm33lg0xx_fl_uart.o(i.FL_RMU_DisableResetAPBPeripheral), (34 bytes).
    Removing fm33lg0xx_fl_uart.o(i.FL_RMU_EnableResetAPBPeripheral), (34 bytes).
    Removing fm33lg0xx_fl_uart.o(i.FL_UART_DeInit), (272 bytes).
    Removing fm33lg0xx_fl_uart.o(i.FL_UART_InfraRed_Init), (480 bytes).
    Removing fm33lg0xx_fl_uart.o(i.FL_UART_InfraRed_StructInit), (20 bytes).
    Removing fm33lg0xx_fl_uart.o(i.FL_UART_Init), (740 bytes).
    Removing fm33lg0xx_fl_uart.o(i.FL_UART_StructInit), (28 bytes).
    Removing fm33lg0xx_fl_vao.o(.rev16_text), (4 bytes).
    Removing fm33lg0xx_fl_vao.o(.revsh_text), (4 bytes).
    Removing fm33lg0xx_fl_vao.o(i.FL_CDIF_EnableCPUToVAO), (10 bytes).
    Removing fm33lg0xx_fl_vao.o(i.FL_CDIF_EnableVAOToCPU), (10 bytes).
    Removing fm33lg0xx_fl_vao.o(i.FL_VAO_DeInit), (92 bytes).
    Removing fm33lg0xx_fl_vao.o(i.FL_VAO_IO_Init), (400 bytes).
    Removing fm33lg0xx_fl_vao.o(i.FL_VAO_IO_StructInit), (16 bytes).
    Removing fm33lg0xx_fl_vao.o(i.FL_VAO_XTLF_Init), (288 bytes).
    Removing fm33lg0xx_fl_vao.o(i.FL_VAO_XTLF_StructInit), (10 bytes).
    Removing fm33lg0xx_fl_wwdt.o(.rev16_text), (4 bytes).
    Removing fm33lg0xx_fl_wwdt.o(.revsh_text), (4 bytes).
    Removing fm33lg0xx_fl_wwdt.o(i.FL_WWDT_DeInit), (36 bytes).
    Removing fm33lg0xx_fl_wwdt.o(i.FL_WWDT_Init), (144 bytes).
    Removing fm33lg0xx_fl_wwdt.o(i.FL_WWDT_StructInit), (6 bytes).
    Removing fm33lg0xx_fl_vrefp.o(.rev16_text), (4 bytes).
    Removing fm33lg0xx_fl_vrefp.o(.revsh_text), (4 bytes).
    Removing fm33lg0xx_fl_vrefp.o(i.FL_VREFP_DeInit), (36 bytes).
    Removing fm33lg0xx_fl_vrefp.o(i.FL_VREFP_Init), (436 bytes).
    Removing fm33lg0xx_fl_vrefp.o(i.FL_VREFP_StructInit), (28 bytes).

369 unused section(s) (total 35812 bytes) removed from the image.

==============================================================================

Image Symbol Table

    Local Symbols

    Symbol Name                              Value     Ov Type        Size  Object(Section)

    RESET                                    0x00000000   Section      192  startup_fm33lg0xx.o(RESET)
    ../clib/angel/boardlib.s                 0x00000000   Number         0  boardshut.o ABSOLUTE
    ../clib/angel/boardlib.s                 0x00000000   Number         0  boardinit1.o ABSOLUTE
    ../clib/angel/boardlib.s                 0x00000000   Number         0  boardinit2.o ABSOLUTE
    ../clib/angel/boardlib.s                 0x00000000   Number         0  boardinit3.o ABSOLUTE
    ../clib/angel/handlers.s                 0x00000000   Number         0  __scatter_copy.o ABSOLUTE
    ../clib/angel/handlers.s                 0x00000000   Number         0  __scatter_zi.o ABSOLUTE
    ../clib/angel/kernel.s                   0x00000000   Number         0  rtexit2.o ABSOLUTE
    ../clib/angel/kernel.s                   0x00000000   Number         0  __rtentry.o ABSOLUTE
    ../clib/angel/kernel.s                   0x00000000   Number         0  __rtentry2.o ABSOLUTE
    ../clib/angel/kernel.s                   0x00000000   Number         0  rtexit.o ABSOLUTE
    ../clib/angel/kernel.s                   0x00000000   Number         0  __rtentry4.o ABSOLUTE
    ../clib/angel/rt.s                       0x00000000   Number         0  rt_div0.o ABSOLUTE
    ../clib/angel/rt.s                       0x00000000   Number         0  rt_raise.o ABSOLUTE
    ../clib/angel/rt.s                       0x00000000   Number         0  aeabi_idiv0.o ABSOLUTE
    ../clib/angel/rt.s                       0x00000000   Number         0  aeabi_idiv0_sigfpe.o ABSOLUTE
    ../clib/angel/scatterp.s                 0x00000000   Number         0  __scatter.o ABSOLUTE
    ../clib/angel/startup.s                  0x00000000   Number         0  __main.o ABSOLUTE
    ../clib/angel/sys.s                      0x00000000   Number         0  indicate_semi.o ABSOLUTE
    ../clib/angel/sys.s                      0x00000000   Number         0  tempstk.o ABSOLUTE
    ../clib/angel/sys.s                      0x00000000   Number         0  libspace.o ABSOLUTE
    ../clib/angel/sys.s                      0x00000000   Number         0  sys_stackheap_outer.o ABSOLUTE
    ../clib/angel/sys.s                      0x00000000   Number         0  use_no_semi.o ABSOLUTE
    ../clib/angel/sysapp.c                   0x00000000   Number         0  sys_exit.o ABSOLUTE
    ../clib/angel/sysapp.c                   0x00000000   Number         0  sys_command.o ABSOLUTE
    ../clib/angel/sysapp.c                   0x00000000   Number         0  sys_wrch.o ABSOLUTE
    ../clib/armsys.c                         0x00000000   Number         0  no_argv.o ABSOLUTE
    ../clib/armsys.c                         0x00000000   Number         0  argv_veneer.o ABSOLUTE
    ../clib/armsys.c                         0x00000000   Number         0  _get_argv_nomalloc.o ABSOLUTE
    ../clib/division.s                       0x00000000   Number         0  aeabi_sdiv_div0.o ABSOLUTE
    ../clib/division.s                       0x00000000   Number         0  aeabi_sdiv.o ABSOLUTE
    ../clib/heapalloc.c                      0x00000000   Number         0  hrguard.o ABSOLUTE
    ../clib/heapaux.c                        0x00000000   Number         0  heapauxi.o ABSOLUTE
    ../clib/libinit.s                        0x00000000   Number         0  libshutdown.o ABSOLUTE
    ../clib/libinit.s                        0x00000000   Number         0  libshutdown2.o ABSOLUTE
    ../clib/libinit.s                        0x00000000   Number         0  libinit2.o ABSOLUTE
    ../clib/libinit.s                        0x00000000   Number         0  libinit.o ABSOLUTE
    ../clib/memcpset.c                       0x00000000   Number         0  rt_memclr.o ABSOLUTE
    ../clib/signal.c                         0x00000000   Number         0  defsig_segv_inner.o ABSOLUTE
    ../clib/signal.c                         0x00000000   Number         0  defsig_cppl_inner.o ABSOLUTE
    ../clib/signal.c                         0x00000000   Number         0  defsig_pvfn_inner.o ABSOLUTE
    ../clib/signal.c                         0x00000000   Number         0  defsig_stak_inner.o ABSOLUTE
    ../clib/signal.c                         0x00000000   Number         0  defsig_rtmem_formal.o ABSOLUTE
    ../clib/signal.c                         0x00000000   Number         0  defsig_rtmem_inner.o ABSOLUTE
    ../clib/signal.c                         0x00000000   Number         0  defsig_rtred_inner.o ABSOLUTE
    ../clib/signal.c                         0x00000000   Number         0  defsig_abrt_inner.o ABSOLUTE
    ../clib/signal.c                         0x00000000   Number         0  defsig_general.o ABSOLUTE
    ../clib/signal.c                         0x00000000   Number         0  __raise.o ABSOLUTE
    ../clib/signal.c                         0x00000000   Number         0  defsig_fpe_inner.o ABSOLUTE
    ../clib/signal.c                         0x00000000   Number         0  defsig_exit.o ABSOLUTE
    ../clib/signal.c                         0x00000000   Number         0  defsig_fpe_formal.o ABSOLUTE
    ../clib/signal.c                         0x00000000   Number         0  defsig_fpe_outer.o ABSOLUTE
    ../clib/signal.c                         0x00000000   Number         0  defsig_other.o ABSOLUTE
    ../clib/signal.c                         0x00000000   Number         0  defsig_rtmem_outer.o ABSOLUTE
    ../clib/signal.s                         0x00000000   Number         0  defsig.o ABSOLUTE
    ../clib/stdlib.c                         0x00000000   Number         0  exit.o ABSOLUTE
    ../fplib/cfplib/cmpret.c                 0x00000000   Number         0  cmpret.o ABSOLUTE
    ../fplib/cfplib/daddsub.c                0x00000000   Number         0  daddsub.o ABSOLUTE
    ../fplib/cfplib/ddiv.c                   0x00000000   Number         0  ddiv.o ABSOLUTE
    ../fplib/cfplib/dmul.c                   0x00000000   Number         0  dmul.o ABSOLUTE
    ../fplib/cfplib/fcmpin.c                 0x00000000   Number         0  fcmpin.o ABSOLUTE
    ../fplib/cfplib/fdiv.c                   0x00000000   Number         0  fdiv.o ABSOLUTE
    ../fplib/cfplib/ffix.c                   0x00000000   Number         0  ffixui.o ABSOLUTE
    ../fplib/cfplib/ffix.c                   0x00000000   Number         0  dfixui.o ABSOLUTE
    ../fplib/cfplib/fflt.c                   0x00000000   Number         0  dflti.o ABSOLUTE
    ../fplib/cfplib/fflt.c                   0x00000000   Number         0  fflti.o ABSOLUTE
    ../fplib/cfplib/fpinit.c                 0x00000000   Number         0  fpinit.o ABSOLUTE
    ../fplib/cfplib/nan2.c                   0x00000000   Number         0  fnan2.o ABSOLUTE
    ../fplib/cfplib/retnan.c                 0x00000000   Number         0  retnan.o ABSOLUTE
    ../fplib/faddsub6m.s                     0x00000000   Number         0  faddsub.o ABSOLUTE
    ../fplib/fleqf6m.s                       0x00000000   Number         0  flef.o ABSOLUTE
    ../fplib/fmul6m.s                        0x00000000   Number         0  fmul.o ABSOLUTE
    ../fplib/usenofp.s                       0x00000000   Number         0  usenofp.o ABSOLUTE
    ..\Drivers\CMSIS\Device\FM\FM33xx\Source\Templates\ARM\startup_fm33lg0xx.s 0x00000000   Number         0  startup_fm33lg0xx.o ABSOLUTE
    ..\Drivers\CMSIS\Device\FM\FM33xx\Source\system_fm33lg0xx.c 0x00000000   Number         0  system_fm33lg0xx.o ABSOLUTE
    ..\Drivers\FM33LG0xx_FL_Driver\Src\fm33lg0xx_fl.c 0x00000000   Number         0  fm33lg0xx_fl.o ABSOLUTE
    ..\Drivers\FM33LG0xx_FL_Driver\Src\fm33lg0xx_fl_adc.c 0x00000000   Number         0  fm33lg0xx_fl_adc.o ABSOLUTE
    ..\Drivers\FM33LG0xx_FL_Driver\Src\fm33lg0xx_fl_aes.c 0x00000000   Number         0  fm33lg0xx_fl_aes.o ABSOLUTE
    ..\Drivers\FM33LG0xx_FL_Driver\Src\fm33lg0xx_fl_atim.c 0x00000000   Number         0  fm33lg0xx_fl_atim.o ABSOLUTE
    ..\Drivers\FM33LG0xx_FL_Driver\Src\fm33lg0xx_fl_bstim16.c 0x00000000   Number         0  fm33lg0xx_fl_bstim16.o ABSOLUTE
    ..\Drivers\FM33LG0xx_FL_Driver\Src\fm33lg0xx_fl_bstim32.c 0x00000000   Number         0  fm33lg0xx_fl_bstim32.o ABSOLUTE
    ..\Drivers\FM33LG0xx_FL_Driver\Src\fm33lg0xx_fl_can.c 0x00000000   Number         0  fm33lg0xx_fl_can.o ABSOLUTE
    ..\Drivers\FM33LG0xx_FL_Driver\Src\fm33lg0xx_fl_cmu.c 0x00000000   Number         0  fm33lg0xx_fl_cmu.o ABSOLUTE
    ..\Drivers\FM33LG0xx_FL_Driver\Src\fm33lg0xx_fl_comp.c 0x00000000   Number         0  fm33lg0xx_fl_comp.o ABSOLUTE
    ..\Drivers\FM33LG0xx_FL_Driver\Src\fm33lg0xx_fl_crc.c 0x00000000   Number         0  fm33lg0xx_fl_crc.o ABSOLUTE
    ..\Drivers\FM33LG0xx_FL_Driver\Src\fm33lg0xx_fl_dac.c 0x00000000   Number         0  fm33lg0xx_fl_dac.o ABSOLUTE
    ..\Drivers\FM33LG0xx_FL_Driver\Src\fm33lg0xx_fl_divas.c 0x00000000   Number         0  fm33lg0xx_fl_divas.o ABSOLUTE
    ..\Drivers\FM33LG0xx_FL_Driver\Src\fm33lg0xx_fl_dma.c 0x00000000   Number         0  fm33lg0xx_fl_dma.o ABSOLUTE
    ..\Drivers\FM33LG0xx_FL_Driver\Src\fm33lg0xx_fl_exti.c 0x00000000   Number         0  fm33lg0xx_fl_exti.o ABSOLUTE
    ..\Drivers\FM33LG0xx_FL_Driver\Src\fm33lg0xx_fl_flash.c 0x00000000   Number         0  fm33lg0xx_fl_flash.o ABSOLUTE
    ..\Drivers\FM33LG0xx_FL_Driver\Src\fm33lg0xx_fl_gpio.c 0x00000000   Number         0  fm33lg0xx_fl_gpio.o ABSOLUTE
    ..\Drivers\FM33LG0xx_FL_Driver\Src\fm33lg0xx_fl_gptim.c 0x00000000   Number         0  fm33lg0xx_fl_gptim.o ABSOLUTE
    ..\Drivers\FM33LG0xx_FL_Driver\Src\fm33lg0xx_fl_i2c.c 0x00000000   Number         0  fm33lg0xx_fl_i2c.o ABSOLUTE
    ..\Drivers\FM33LG0xx_FL_Driver\Src\fm33lg0xx_fl_iwdt.c 0x00000000   Number         0  fm33lg0xx_fl_iwdt.o ABSOLUTE
    ..\Drivers\FM33LG0xx_FL_Driver\Src\fm33lg0xx_fl_lcd.c 0x00000000   Number         0  fm33lg0xx_fl_lcd.o ABSOLUTE
    ..\Drivers\FM33LG0xx_FL_Driver\Src\fm33lg0xx_fl_lptim16.c 0x00000000   Number         0  fm33lg0xx_fl_lptim16.o ABSOLUTE
    ..\Drivers\FM33LG0xx_FL_Driver\Src\fm33lg0xx_fl_lptim32.c 0x00000000   Number         0  fm33lg0xx_fl_lptim32.o ABSOLUTE
    ..\Drivers\FM33LG0xx_FL_Driver\Src\fm33lg0xx_fl_lpuart.c 0x00000000   Number         0  fm33lg0xx_fl_lpuart.o ABSOLUTE
    ..\Drivers\FM33LG0xx_FL_Driver\Src\fm33lg0xx_fl_opa.c 0x00000000   Number         0  fm33lg0xx_fl_opa.o ABSOLUTE
    ..\Drivers\FM33LG0xx_FL_Driver\Src\fm33lg0xx_fl_pgl.c 0x00000000   Number         0  fm33lg0xx_fl_pgl.o ABSOLUTE
    ..\Drivers\FM33LG0xx_FL_Driver\Src\fm33lg0xx_fl_pmu.c 0x00000000   Number         0  fm33lg0xx_fl_pmu.o ABSOLUTE
    ..\Drivers\FM33LG0xx_FL_Driver\Src\fm33lg0xx_fl_rng.c 0x00000000   Number         0  fm33lg0xx_fl_rng.o ABSOLUTE
    ..\Drivers\FM33LG0xx_FL_Driver\Src\fm33lg0xx_fl_rtca.c 0x00000000   Number         0  fm33lg0xx_fl_rtca.o ABSOLUTE
    ..\Drivers\FM33LG0xx_FL_Driver\Src\fm33lg0xx_fl_rtcb.c 0x00000000   Number         0  fm33lg0xx_fl_rtcb.o ABSOLUTE
    ..\Drivers\FM33LG0xx_FL_Driver\Src\fm33lg0xx_fl_spi.c 0x00000000   Number         0  fm33lg0xx_fl_spi.o ABSOLUTE
    ..\Drivers\FM33LG0xx_FL_Driver\Src\fm33lg0xx_fl_svd.c 0x00000000   Number         0  fm33lg0xx_fl_svd.o ABSOLUTE
    ..\Drivers\FM33LG0xx_FL_Driver\Src\fm33lg0xx_fl_u7816.c 0x00000000   Number         0  fm33lg0xx_fl_u7816.o ABSOLUTE
    ..\Drivers\FM33LG0xx_FL_Driver\Src\fm33lg0xx_fl_uart.c 0x00000000   Number         0  fm33lg0xx_fl_uart.o ABSOLUTE
    ..\Drivers\FM33LG0xx_FL_Driver\Src\fm33lg0xx_fl_vao.c 0x00000000   Number         0  fm33lg0xx_fl_vao.o ABSOLUTE
    ..\Drivers\FM33LG0xx_FL_Driver\Src\fm33lg0xx_fl_vrefp.c 0x00000000   Number         0  fm33lg0xx_fl_vrefp.o ABSOLUTE
    ..\Drivers\FM33LG0xx_FL_Driver\Src\fm33lg0xx_fl_wwdt.c 0x00000000   Number         0  fm33lg0xx_fl_wwdt.o ABSOLUTE
    ..\MF-config\Src\mf_config.c             0x00000000   Number         0  mf_config.o ABSOLUTE
    ..\Src\I2C.c                             0x00000000   Number         0  i2c.o ABSOLUTE
    ..\Src\main.c                            0x00000000   Number         0  main.o ABSOLUTE
    ..\\Drivers\\CMSIS\\Device\\FM\\FM33xx\\Source\\system_fm33lg0xx.c 0x00000000   Number         0  system_fm33lg0xx.o ABSOLUTE
    ..\\Drivers\\FM33LG0xx_FL_Driver\\Src\\fm33lg0xx_fl.c 0x00000000   Number         0  fm33lg0xx_fl.o ABSOLUTE
    ..\\Drivers\\FM33LG0xx_FL_Driver\\Src\\fm33lg0xx_fl_adc.c 0x00000000   Number         0  fm33lg0xx_fl_adc.o ABSOLUTE
    ..\\Drivers\\FM33LG0xx_FL_Driver\\Src\\fm33lg0xx_fl_aes.c 0x00000000   Number         0  fm33lg0xx_fl_aes.o ABSOLUTE
    ..\\Drivers\\FM33LG0xx_FL_Driver\\Src\\fm33lg0xx_fl_atim.c 0x00000000   Number         0  fm33lg0xx_fl_atim.o ABSOLUTE
    ..\\Drivers\\FM33LG0xx_FL_Driver\\Src\\fm33lg0xx_fl_bstim16.c 0x00000000   Number         0  fm33lg0xx_fl_bstim16.o ABSOLUTE
    ..\\Drivers\\FM33LG0xx_FL_Driver\\Src\\fm33lg0xx_fl_bstim32.c 0x00000000   Number         0  fm33lg0xx_fl_bstim32.o ABSOLUTE
    ..\\Drivers\\FM33LG0xx_FL_Driver\\Src\\fm33lg0xx_fl_can.c 0x00000000   Number         0  fm33lg0xx_fl_can.o ABSOLUTE
    ..\\Drivers\\FM33LG0xx_FL_Driver\\Src\\fm33lg0xx_fl_cmu.c 0x00000000   Number         0  fm33lg0xx_fl_cmu.o ABSOLUTE
    ..\\Drivers\\FM33LG0xx_FL_Driver\\Src\\fm33lg0xx_fl_comp.c 0x00000000   Number         0  fm33lg0xx_fl_comp.o ABSOLUTE
    ..\\Drivers\\FM33LG0xx_FL_Driver\\Src\\fm33lg0xx_fl_crc.c 0x00000000   Number         0  fm33lg0xx_fl_crc.o ABSOLUTE
    ..\\Drivers\\FM33LG0xx_FL_Driver\\Src\\fm33lg0xx_fl_dac.c 0x00000000   Number         0  fm33lg0xx_fl_dac.o ABSOLUTE
    ..\\Drivers\\FM33LG0xx_FL_Driver\\Src\\fm33lg0xx_fl_divas.c 0x00000000   Number         0  fm33lg0xx_fl_divas.o ABSOLUTE
    ..\\Drivers\\FM33LG0xx_FL_Driver\\Src\\fm33lg0xx_fl_dma.c 0x00000000   Number         0  fm33lg0xx_fl_dma.o ABSOLUTE
    ..\\Drivers\\FM33LG0xx_FL_Driver\\Src\\fm33lg0xx_fl_exti.c 0x00000000   Number         0  fm33lg0xx_fl_exti.o ABSOLUTE
    ..\\Drivers\\FM33LG0xx_FL_Driver\\Src\\fm33lg0xx_fl_flash.c 0x00000000   Number         0  fm33lg0xx_fl_flash.o ABSOLUTE
    ..\\Drivers\\FM33LG0xx_FL_Driver\\Src\\fm33lg0xx_fl_gpio.c 0x00000000   Number         0  fm33lg0xx_fl_gpio.o ABSOLUTE
    ..\\Drivers\\FM33LG0xx_FL_Driver\\Src\\fm33lg0xx_fl_gptim.c 0x00000000   Number         0  fm33lg0xx_fl_gptim.o ABSOLUTE
    ..\\Drivers\\FM33LG0xx_FL_Driver\\Src\\fm33lg0xx_fl_i2c.c 0x00000000   Number         0  fm33lg0xx_fl_i2c.o ABSOLUTE
    ..\\Drivers\\FM33LG0xx_FL_Driver\\Src\\fm33lg0xx_fl_iwdt.c 0x00000000   Number         0  fm33lg0xx_fl_iwdt.o ABSOLUTE
    ..\\Drivers\\FM33LG0xx_FL_Driver\\Src\\fm33lg0xx_fl_lcd.c 0x00000000   Number         0  fm33lg0xx_fl_lcd.o ABSOLUTE
    ..\\Drivers\\FM33LG0xx_FL_Driver\\Src\\fm33lg0xx_fl_lptim16.c 0x00000000   Number         0  fm33lg0xx_fl_lptim16.o ABSOLUTE
    ..\\Drivers\\FM33LG0xx_FL_Driver\\Src\\fm33lg0xx_fl_lptim32.c 0x00000000   Number         0  fm33lg0xx_fl_lptim32.o ABSOLUTE
    ..\\Drivers\\FM33LG0xx_FL_Driver\\Src\\fm33lg0xx_fl_lpuart.c 0x00000000   Number         0  fm33lg0xx_fl_lpuart.o ABSOLUTE
    ..\\Drivers\\FM33LG0xx_FL_Driver\\Src\\fm33lg0xx_fl_opa.c 0x00000000   Number         0  fm33lg0xx_fl_opa.o ABSOLUTE
    ..\\Drivers\\FM33LG0xx_FL_Driver\\Src\\fm33lg0xx_fl_pgl.c 0x00000000   Number         0  fm33lg0xx_fl_pgl.o ABSOLUTE
    ..\\Drivers\\FM33LG0xx_FL_Driver\\Src\\fm33lg0xx_fl_pmu.c 0x00000000   Number         0  fm33lg0xx_fl_pmu.o ABSOLUTE
    ..\\Drivers\\FM33LG0xx_FL_Driver\\Src\\fm33lg0xx_fl_rng.c 0x00000000   Number         0  fm33lg0xx_fl_rng.o ABSOLUTE
    ..\\Drivers\\FM33LG0xx_FL_Driver\\Src\\fm33lg0xx_fl_rtca.c 0x00000000   Number         0  fm33lg0xx_fl_rtca.o ABSOLUTE
    ..\\Drivers\\FM33LG0xx_FL_Driver\\Src\\fm33lg0xx_fl_rtcb.c 0x00000000   Number         0  fm33lg0xx_fl_rtcb.o ABSOLUTE
    ..\\Drivers\\FM33LG0xx_FL_Driver\\Src\\fm33lg0xx_fl_spi.c 0x00000000   Number         0  fm33lg0xx_fl_spi.o ABSOLUTE
    ..\\Drivers\\FM33LG0xx_FL_Driver\\Src\\fm33lg0xx_fl_svd.c 0x00000000   Number         0  fm33lg0xx_fl_svd.o ABSOLUTE
    ..\\Drivers\\FM33LG0xx_FL_Driver\\Src\\fm33lg0xx_fl_u7816.c 0x00000000   Number         0  fm33lg0xx_fl_u7816.o ABSOLUTE
    ..\\Drivers\\FM33LG0xx_FL_Driver\\Src\\fm33lg0xx_fl_uart.c 0x00000000   Number         0  fm33lg0xx_fl_uart.o ABSOLUTE
    ..\\Drivers\\FM33LG0xx_FL_Driver\\Src\\fm33lg0xx_fl_vao.c 0x00000000   Number         0  fm33lg0xx_fl_vao.o ABSOLUTE
    ..\\Drivers\\FM33LG0xx_FL_Driver\\Src\\fm33lg0xx_fl_vrefp.c 0x00000000   Number         0  fm33lg0xx_fl_vrefp.o ABSOLUTE
    ..\\Drivers\\FM33LG0xx_FL_Driver\\Src\\fm33lg0xx_fl_wwdt.c 0x00000000   Number         0  fm33lg0xx_fl_wwdt.o ABSOLUTE
    ..\\MF-config\\Src\\mf_config.c          0x00000000   Number         0  mf_config.o ABSOLUTE
    ..\\Src\\I2C.c                           0x00000000   Number         0  i2c.o ABSOLUTE
    ..\\Src\\main.c                          0x00000000   Number         0  main.o ABSOLUTE
    dc.s                                     0x00000000   Number         0  dc.o ABSOLUTE
    !!!main                                  0x000000c0   Section        8  __main.o(!!!main)
    !!!scatter                               0x000000c8   Section       60  __scatter.o(!!!scatter)
    !!handler_copy                           0x00000104   Section       26  __scatter_copy.o(!!handler_copy)
    !!handler_zi                             0x00000120   Section       28  __scatter_zi.o(!!handler_zi)
    .ARM.Collect$$libinit$$00000000          0x0000013c   Section        2  libinit.o(.ARM.Collect$$libinit$$00000000)
    .ARM.Collect$$libinit$$00000002          0x0000013e   Section        0  libinit2.o(.ARM.Collect$$libinit$$00000002)
    .ARM.Collect$$libinit$$00000004          0x0000013e   Section        0  libinit2.o(.ARM.Collect$$libinit$$00000004)
    .ARM.Collect$$libinit$$0000000A          0x0000013e   Section        0  libinit2.o(.ARM.Collect$$libinit$$0000000A)
    .ARM.Collect$$libinit$$0000000C          0x0000013e   Section        0  libinit2.o(.ARM.Collect$$libinit$$0000000C)
    .ARM.Collect$$libinit$$0000000E          0x0000013e   Section        0  libinit2.o(.ARM.Collect$$libinit$$0000000E)
    .ARM.Collect$$libinit$$00000011          0x0000013e   Section        0  libinit2.o(.ARM.Collect$$libinit$$00000011)
    .ARM.Collect$$libinit$$00000013          0x0000013e   Section        0  libinit2.o(.ARM.Collect$$libinit$$00000013)
    .ARM.Collect$$libinit$$00000015          0x0000013e   Section        0  libinit2.o(.ARM.Collect$$libinit$$00000015)
    .ARM.Collect$$libinit$$00000017          0x0000013e   Section        0  libinit2.o(.ARM.Collect$$libinit$$00000017)
    .ARM.Collect$$libinit$$00000019          0x0000013e   Section        0  libinit2.o(.ARM.Collect$$libinit$$00000019)
    .ARM.Collect$$libinit$$0000001B          0x0000013e   Section        0  libinit2.o(.ARM.Collect$$libinit$$0000001B)
    .ARM.Collect$$libinit$$0000001D          0x0000013e   Section        0  libinit2.o(.ARM.Collect$$libinit$$0000001D)
    .ARM.Collect$$libinit$$0000001F          0x0000013e   Section        0  libinit2.o(.ARM.Collect$$libinit$$0000001F)
    .ARM.Collect$$libinit$$00000021          0x0000013e   Section        0  libinit2.o(.ARM.Collect$$libinit$$00000021)
    .ARM.Collect$$libinit$$00000023          0x0000013e   Section        0  libinit2.o(.ARM.Collect$$libinit$$00000023)
    .ARM.Collect$$libinit$$00000025          0x0000013e   Section        0  libinit2.o(.ARM.Collect$$libinit$$00000025)
    .ARM.Collect$$libinit$$0000002C          0x0000013e   Section        0  libinit2.o(.ARM.Collect$$libinit$$0000002C)
    .ARM.Collect$$libinit$$0000002E          0x0000013e   Section        0  libinit2.o(.ARM.Collect$$libinit$$0000002E)
    .ARM.Collect$$libinit$$00000030          0x0000013e   Section        0  libinit2.o(.ARM.Collect$$libinit$$00000030)
    .ARM.Collect$$libinit$$00000032          0x0000013e   Section        0  libinit2.o(.ARM.Collect$$libinit$$00000032)
    .ARM.Collect$$libinit$$00000033          0x0000013e   Section        2  libinit2.o(.ARM.Collect$$libinit$$00000033)
    .ARM.Collect$$libshutdown$$00000000      0x00000140   Section        2  libshutdown.o(.ARM.Collect$$libshutdown$$00000000)
    .ARM.Collect$$libshutdown$$00000002      0x00000142   Section        0  libshutdown2.o(.ARM.Collect$$libshutdown$$00000002)
    .ARM.Collect$$libshutdown$$00000004      0x00000142   Section        0  libshutdown2.o(.ARM.Collect$$libshutdown$$00000004)
    .ARM.Collect$$libshutdown$$00000007      0x00000142   Section        0  libshutdown2.o(.ARM.Collect$$libshutdown$$00000007)
    .ARM.Collect$$libshutdown$$0000000A      0x00000142   Section        0  libshutdown2.o(.ARM.Collect$$libshutdown$$0000000A)
    .ARM.Collect$$libshutdown$$0000000C      0x00000142   Section        0  libshutdown2.o(.ARM.Collect$$libshutdown$$0000000C)
    .ARM.Collect$$libshutdown$$0000000F      0x00000142   Section        0  libshutdown2.o(.ARM.Collect$$libshutdown$$0000000F)
    .ARM.Collect$$libshutdown$$00000010      0x00000142   Section        2  libshutdown2.o(.ARM.Collect$$libshutdown$$00000010)
    .ARM.Collect$$rtentry$$00000000          0x00000144   Section        0  __rtentry.o(.ARM.Collect$$rtentry$$00000000)
    .ARM.Collect$$rtentry$$00000002          0x00000144   Section        0  __rtentry2.o(.ARM.Collect$$rtentry$$00000002)
    .ARM.Collect$$rtentry$$00000004          0x00000144   Section        6  __rtentry4.o(.ARM.Collect$$rtentry$$00000004)
    .ARM.Collect$$rtentry$$00000009          0x0000014a   Section        0  __rtentry2.o(.ARM.Collect$$rtentry$$00000009)
    .ARM.Collect$$rtentry$$0000000A          0x0000014a   Section        4  __rtentry2.o(.ARM.Collect$$rtentry$$0000000A)
    .ARM.Collect$$rtentry$$0000000C          0x0000014e   Section        0  __rtentry2.o(.ARM.Collect$$rtentry$$0000000C)
    .ARM.Collect$$rtentry$$0000000D          0x0000014e   Section        8  __rtentry2.o(.ARM.Collect$$rtentry$$0000000D)
    .ARM.Collect$$rtexit$$00000000           0x00000156   Section        2  rtexit.o(.ARM.Collect$$rtexit$$00000000)
    .ARM.Collect$$rtexit$$00000002           0x00000158   Section        0  rtexit2.o(.ARM.Collect$$rtexit$$00000002)
    .ARM.Collect$$rtexit$$00000003           0x00000158   Section        4  rtexit2.o(.ARM.Collect$$rtexit$$00000003)
    .ARM.Collect$$rtexit$$00000004           0x0000015c   Section        6  rtexit2.o(.ARM.Collect$$rtexit$$00000004)
    .text                                    0x00000164   Section       56  startup_fm33lg0xx.o(.text)
    .text                                    0x0000019c   Section      346  aeabi_sdiv.o(.text)
    .text                                    0x000002f6   Section        0  heapauxi.o(.text)
    .text                                    0x000002fc   Section       62  sys_stackheap_outer.o(.text)
    .text                                    0x0000033a   Section        0  exit.o(.text)
    .text                                    0x0000034c   Section        8  libspace.o(.text)
    .text                                    0x00000354   Section        0  sys_exit.o(.text)
    .text                                    0x00000360   Section        2  use_no_semi.o(.text)
    .text                                    0x00000362   Section        0  indicate_semi.o(.text)
    i.FL_CMU_EnableGroup3BusClock            0x00000364   Section        0  fm33lg0xx_fl_i2c.o(i.FL_CMU_EnableGroup3BusClock)
    FL_CMU_EnableGroup3BusClock              0x00000365   Thumb Code    12  fm33lg0xx_fl_i2c.o(i.FL_CMU_EnableGroup3BusClock)
    i.FL_DelayInit                           0x00000374   Section        0  fm33lg0xx_fl.o(i.FL_DelayInit)
    i.FL_GPIO_DisablePinAnalogSwitch         0x00000394   Section        0  fm33lg0xx_fl_gpio.o(i.FL_GPIO_DisablePinAnalogSwitch)
    FL_GPIO_DisablePinAnalogSwitch           0x00000395   Thumb Code    10  fm33lg0xx_fl_gpio.o(i.FL_GPIO_DisablePinAnalogSwitch)
    i.FL_GPIO_DisablePinInput                0x0000039e   Section        0  fm33lg0xx_fl_gpio.o(i.FL_GPIO_DisablePinInput)
    FL_GPIO_DisablePinInput                  0x0000039f   Thumb Code    10  fm33lg0xx_fl_gpio.o(i.FL_GPIO_DisablePinInput)
    i.FL_GPIO_DisablePinOpenDrain            0x000003a8   Section        0  fm33lg0xx_fl_gpio.o(i.FL_GPIO_DisablePinOpenDrain)
    FL_GPIO_DisablePinOpenDrain              0x000003a9   Thumb Code    10  fm33lg0xx_fl_gpio.o(i.FL_GPIO_DisablePinOpenDrain)
    i.FL_GPIO_DisablePinPullup               0x000003b2   Section        0  fm33lg0xx_fl_gpio.o(i.FL_GPIO_DisablePinPullup)
    FL_GPIO_DisablePinPullup                 0x000003b3   Thumb Code    10  fm33lg0xx_fl_gpio.o(i.FL_GPIO_DisablePinPullup)
    i.FL_GPIO_DisablePinRemap                0x000003bc   Section        0  fm33lg0xx_fl_gpio.o(i.FL_GPIO_DisablePinRemap)
    FL_GPIO_DisablePinRemap                  0x000003bd   Thumb Code    10  fm33lg0xx_fl_gpio.o(i.FL_GPIO_DisablePinRemap)
    i.FL_GPIO_Init                           0x000003c8   Section        0  fm33lg0xx_fl_gpio.o(i.FL_GPIO_Init)
    i.FL_GPIO_SetPinMode                     0x000005b0   Section        0  fm33lg0xx_fl_gpio.o(i.FL_GPIO_SetPinMode)
    FL_GPIO_SetPinMode                       0x000005b1   Thumb Code    26  fm33lg0xx_fl_gpio.o(i.FL_GPIO_SetPinMode)
    i.FL_I2C_SlaveMode_Init                  0x000005cc   Section        0  fm33lg0xx_fl_i2c.o(i.FL_I2C_SlaveMode_Init)
    i.FL_I2C_Slave_ClearFlag_RXComplete      0x000006e8   Section        0  i2c.o(i.FL_I2C_Slave_ClearFlag_RXComplete)
    FL_I2C_Slave_ClearFlag_RXComplete        0x000006e9   Thumb Code     6  i2c.o(i.FL_I2C_Slave_ClearFlag_RXComplete)
    i.FL_I2C_Slave_IsActiveFlag_RXComplete   0x000006ee   Section        0  i2c.o(i.FL_I2C_Slave_IsActiveFlag_RXComplete)
    FL_I2C_Slave_IsActiveFlag_RXComplete     0x000006ef   Thumb Code    16  i2c.o(i.FL_I2C_Slave_IsActiveFlag_RXComplete)
    i.FL_I2C_Slave_IsActiveFlag_TXComplete   0x000006fe   Section        0  i2c.o(i.FL_I2C_Slave_IsActiveFlag_TXComplete)
    FL_I2C_Slave_IsActiveFlag_TXComplete     0x000006ff   Thumb Code    12  i2c.o(i.FL_I2C_Slave_IsActiveFlag_TXComplete)
    i.FL_I2C_Slave_ReadRXBuff                0x0000070a   Section        0  i2c.o(i.FL_I2C_Slave_ReadRXBuff)
    FL_I2C_Slave_ReadRXBuff                  0x0000070b   Thumb Code     8  i2c.o(i.FL_I2C_Slave_ReadRXBuff)
    i.FL_I2C_Slave_WriteSlaveAddress         0x00000712   Section        0  fm33lg0xx_fl_i2c.o(i.FL_I2C_Slave_WriteSlaveAddress)
    FL_I2C_Slave_WriteSlaveAddress           0x00000713   Thumb Code    12  fm33lg0xx_fl_i2c.o(i.FL_I2C_Slave_WriteSlaveAddress)
    i.FL_I2C_Slave_WriteTXBuff               0x0000071e   Section        0  i2c.o(i.FL_I2C_Slave_WriteTXBuff)
    FL_I2C_Slave_WriteTXBuff                 0x0000071f   Thumb Code    12  i2c.o(i.FL_I2C_Slave_WriteTXBuff)
    i.FL_Init                                0x0000072a   Section        0  fm33lg0xx_fl.o(i.FL_Init)
    i.FL_NVIC_Init                           0x00000734   Section        0  fm33lg0xx_fl.o(i.FL_NVIC_Init)
    i.I2C_IRQHandler                         0x0000077c   Section        0  i2c.o(i.I2C_IRQHandler)
    i.MF_Clock_Init                          0x0000088c   Section        0  mf_config.o(i.MF_Clock_Init)
    i.MF_Config_Init                         0x0000090c   Section        0  mf_config.o(i.MF_Config_Init)
    i.MF_I2C_Init                            0x0000091c   Section        0  mf_config.o(i.MF_I2C_Init)
    i.MF_I2C_Interrupt_Init                  0x0000097c   Section        0  mf_config.o(i.MF_I2C_Interrupt_Init)
    MF_I2C_Interrupt_Init                    0x0000097d   Thumb Code    28  mf_config.o(i.MF_I2C_Interrupt_Init)
    i.MF_NVIC_Init                           0x0000099c   Section        0  mf_config.o(i.MF_NVIC_Init)
    MF_NVIC_Init                             0x0000099d   Thumb Code    16  mf_config.o(i.MF_NVIC_Init)
    i.NVIC_SetPriority                       0x000009ac   Section        0  fm33lg0xx_fl.o(i.NVIC_SetPriority)
    NVIC_SetPriority                         0x000009ad   Thumb Code   110  fm33lg0xx_fl.o(i.NVIC_SetPriority)
    i.SystemCoreClockUpdate                  0x00000a24   Section        0  system_fm33lg0xx.o(i.SystemCoreClockUpdate)
    i.SystemInit                             0x00000b60   Section        0  system_fm33lg0xx.o(i.SystemInit)
    i.SystemPLLClockUpdate                   0x00000c5c   Section        0  system_fm33lg0xx.o(i.SystemPLLClockUpdate)
    SystemPLLClockUpdate                     0x00000c5d   Thumb Code   182  system_fm33lg0xx.o(i.SystemPLLClockUpdate)
    i.__ARM_common_switch8                   0x00000d2c   Section        0  system_fm33lg0xx.o(i.__ARM_common_switch8)
    i.main                                   0x00000d48   Section        0  main.o(i.main)
    .data                                    0x20000000   Section        6  i2c.o(.data)
    .data                                    0x20000008   Section       12  system_fm33lg0xx.o(.data)
    .bss                                     0x20000014   Section       96  libspace.o(.bss)
    HEAP                                     0x20000078   Section     2048  startup_fm33lg0xx.o(HEAP)
    Heap_Mem                                 0x20000078   Data        2048  startup_fm33lg0xx.o(HEAP)
    STACK                                    0x20000878   Section     2048  startup_fm33lg0xx.o(STACK)
    Stack_Mem                                0x20000878   Data        2048  startup_fm33lg0xx.o(STACK)
    __initial_sp                             0x20001078   Data           0  startup_fm33lg0xx.o(STACK)

    Global Symbols

    Symbol Name                              Value     Ov Type        Size  Object(Section)

    BuildAttributes$$THM_ISAv3M$S$PE$A:L22$X:L11$S22$IEEE1$IW$USESV6$~STKCKD$USESV7$~SHL$OSPACE$ROPI$EBA8$UX$STANDARDLIB$REQ8$PRES8$EABIv2 0x00000000   Number         0  anon$$obj.o ABSOLUTE
    __ARM_use_no_argv                        0x00000000   Number         0  main.o ABSOLUTE
    __Vectors                                0x00000000   Data           4  startup_fm33lg0xx.o(RESET)
    __ARM_exceptions_init                     - Undefined Weak Reference
    __alloca_initialize                       - Undefined Weak Reference
    __arm_preinit_                            - Undefined Weak Reference
    __cpp_initialize__aeabi_                  - Undefined Weak Reference
    __cxa_finalize                            - Undefined Weak Reference
    __rt_locale                               - Undefined Weak Reference
    __sigvec_lookup                           - Undefined Weak Reference
    _atexit_init                              - Undefined Weak Reference
    _call_atexit_fns                          - Undefined Weak Reference
    _clock_init                               - Undefined Weak Reference
    _fp_trap_init                             - Undefined Weak Reference
    _fp_trap_shutdown                         - Undefined Weak Reference
    _get_lc_collate                           - Undefined Weak Reference
    _get_lc_ctype                             - Undefined Weak Reference
    _get_lc_monetary                          - Undefined Weak Reference
    _get_lc_numeric                           - Undefined Weak Reference
    _get_lc_time                              - Undefined Weak Reference
    _getenv_init                              - Undefined Weak Reference
    _handle_redirection                       - Undefined Weak Reference
    _init_alloc                               - Undefined Weak Reference
    _init_user_alloc                          - Undefined Weak Reference
    _initio                                   - Undefined Weak Reference
    _rand_init                                - Undefined Weak Reference
    _signal_finish                            - Undefined Weak Reference
    _signal_init                              - Undefined Weak Reference
    _terminate_alloc                          - Undefined Weak Reference
    _terminate_user_alloc                     - Undefined Weak Reference
    _terminateio                              - Undefined Weak Reference
    __Vectors_End                            0x000000c0   Data           0  startup_fm33lg0xx.o(RESET)
    __Vectors_Size                           0x000000c0   Number         0  startup_fm33lg0xx.o ABSOLUTE
    __main                                   0x000000c1   Thumb Code     8  __main.o(!!!main)
    __scatterload                            0x000000c9   Thumb Code     0  __scatter.o(!!!scatter)
    __scatterload_rt2                        0x000000c9   Thumb Code    52  __scatter.o(!!!scatter)
    __scatterload_rt2_thumb_only             0x000000c9   Thumb Code     0  __scatter.o(!!!scatter)
    __scatterload_null                       0x000000d9   Thumb Code     0  __scatter.o(!!!scatter)
    __scatterload_copy                       0x00000105   Thumb Code    26  __scatter_copy.o(!!handler_copy)
    __scatterload_zeroinit                   0x00000121   Thumb Code    28  __scatter_zi.o(!!handler_zi)
    __rt_lib_init                            0x0000013d   Thumb Code     0  libinit.o(.ARM.Collect$$libinit$$00000000)
    __rt_lib_init_alloca_1                   0x0000013f   Thumb Code     0  libinit2.o(.ARM.Collect$$libinit$$0000002E)
    __rt_lib_init_argv_1                     0x0000013f   Thumb Code     0  libinit2.o(.ARM.Collect$$libinit$$0000002C)
    __rt_lib_init_atexit_1                   0x0000013f   Thumb Code     0  libinit2.o(.ARM.Collect$$libinit$$0000001B)
    __rt_lib_init_clock_1                    0x0000013f   Thumb Code     0  libinit2.o(.ARM.Collect$$libinit$$00000021)
    __rt_lib_init_cpp_1                      0x0000013f   Thumb Code     0  libinit2.o(.ARM.Collect$$libinit$$00000032)
    __rt_lib_init_exceptions_1               0x0000013f   Thumb Code     0  libinit2.o(.ARM.Collect$$libinit$$00000030)
    __rt_lib_init_fp_1                       0x0000013f   Thumb Code     0  libinit2.o(.ARM.Collect$$libinit$$00000002)
    __rt_lib_init_fp_trap_1                  0x0000013f   Thumb Code     0  libinit2.o(.ARM.Collect$$libinit$$0000001F)
    __rt_lib_init_getenv_1                   0x0000013f   Thumb Code     0  libinit2.o(.ARM.Collect$$libinit$$00000023)
    __rt_lib_init_heap_1                     0x0000013f   Thumb Code     0  libinit2.o(.ARM.Collect$$libinit$$0000000A)
    __rt_lib_init_lc_collate_1               0x0000013f   Thumb Code     0  libinit2.o(.ARM.Collect$$libinit$$00000011)
    __rt_lib_init_lc_ctype_1                 0x0000013f   Thumb Code     0  libinit2.o(.ARM.Collect$$libinit$$00000013)
    __rt_lib_init_lc_monetary_1              0x0000013f   Thumb Code     0  libinit2.o(.ARM.Collect$$libinit$$00000015)
    __rt_lib_init_lc_numeric_1               0x0000013f   Thumb Code     0  libinit2.o(.ARM.Collect$$libinit$$00000017)
    __rt_lib_init_lc_time_1                  0x0000013f   Thumb Code     0  libinit2.o(.ARM.Collect$$libinit$$00000019)
    __rt_lib_init_preinit_1                  0x0000013f   Thumb Code     0  libinit2.o(.ARM.Collect$$libinit$$00000004)
    __rt_lib_init_rand_1                     0x0000013f   Thumb Code     0  libinit2.o(.ARM.Collect$$libinit$$0000000E)
    __rt_lib_init_return                     0x0000013f   Thumb Code     0  libinit2.o(.ARM.Collect$$libinit$$00000033)
    __rt_lib_init_signal_1                   0x0000013f   Thumb Code     0  libinit2.o(.ARM.Collect$$libinit$$0000001D)
    __rt_lib_init_stdio_1                    0x0000013f   Thumb Code     0  libinit2.o(.ARM.Collect$$libinit$$00000025)
    __rt_lib_init_user_alloc_1               0x0000013f   Thumb Code     0  libinit2.o(.ARM.Collect$$libinit$$0000000C)
    __rt_lib_shutdown                        0x00000141   Thumb Code     0  libshutdown.o(.ARM.Collect$$libshutdown$$00000000)
    __rt_lib_shutdown_cpp_1                  0x00000143   Thumb Code     0  libshutdown2.o(.ARM.Collect$$libshutdown$$00000002)
    __rt_lib_shutdown_fp_trap_1              0x00000143   Thumb Code     0  libshutdown2.o(.ARM.Collect$$libshutdown$$00000007)
    __rt_lib_shutdown_heap_1                 0x00000143   Thumb Code     0  libshutdown2.o(.ARM.Collect$$libshutdown$$0000000F)
    __rt_lib_shutdown_return                 0x00000143   Thumb Code     0  libshutdown2.o(.ARM.Collect$$libshutdown$$00000010)
    __rt_lib_shutdown_signal_1               0x00000143   Thumb Code     0  libshutdown2.o(.ARM.Collect$$libshutdown$$0000000A)
    __rt_lib_shutdown_stdio_1                0x00000143   Thumb Code     0  libshutdown2.o(.ARM.Collect$$libshutdown$$00000004)
    __rt_lib_shutdown_user_alloc_1           0x00000143   Thumb Code     0  libshutdown2.o(.ARM.Collect$$libshutdown$$0000000C)
    __rt_entry                               0x00000145   Thumb Code     0  __rtentry.o(.ARM.Collect$$rtentry$$00000000)
    __rt_entry_presh_1                       0x00000145   Thumb Code     0  __rtentry2.o(.ARM.Collect$$rtentry$$00000002)
    __rt_entry_sh                            0x00000145   Thumb Code     0  __rtentry4.o(.ARM.Collect$$rtentry$$00000004)
    __rt_entry_li                            0x0000014b   Thumb Code     0  __rtentry2.o(.ARM.Collect$$rtentry$$0000000A)
    __rt_entry_postsh_1                      0x0000014b   Thumb Code     0  __rtentry2.o(.ARM.Collect$$rtentry$$00000009)
    __rt_entry_main                          0x0000014f   Thumb Code     0  __rtentry2.o(.ARM.Collect$$rtentry$$0000000D)
    __rt_entry_postli_1                      0x0000014f   Thumb Code     0  __rtentry2.o(.ARM.Collect$$rtentry$$0000000C)
    __rt_exit                                0x00000157   Thumb Code     0  rtexit.o(.ARM.Collect$$rtexit$$00000000)
    __rt_exit_ls                             0x00000159   Thumb Code     0  rtexit2.o(.ARM.Collect$$rtexit$$00000003)
    __rt_exit_prels_1                        0x00000159   Thumb Code     0  rtexit2.o(.ARM.Collect$$rtexit$$00000002)
    __rt_exit_exit                           0x0000015d   Thumb Code     0  rtexit2.o(.ARM.Collect$$rtexit$$00000004)
    Reset_Handler                            0x00000165   Thumb Code     8  startup_fm33lg0xx.o(.text)
    NMI_Handler                              0x0000016d   Thumb Code     2  startup_fm33lg0xx.o(.text)
    HardFault_Handler                        0x0000016f   Thumb Code     2  startup_fm33lg0xx.o(.text)
    SVC_Handler                              0x00000171   Thumb Code     2  startup_fm33lg0xx.o(.text)
    PendSV_Handler                           0x00000173   Thumb Code     2  startup_fm33lg0xx.o(.text)
    SysTick_Handler                          0x00000175   Thumb Code     2  startup_fm33lg0xx.o(.text)
    ADC_IRQHandler                           0x00000177   Thumb Code     0  startup_fm33lg0xx.o(.text)
    AES_IRQHandler                           0x00000177   Thumb Code     0  startup_fm33lg0xx.o(.text)
    ATIM_IRQHandler                          0x00000177   Thumb Code     0  startup_fm33lg0xx.o(.text)
    BSTIM_IRQHandler                         0x00000177   Thumb Code     0  startup_fm33lg0xx.o(.text)
    CAN_IRQHandler                           0x00000177   Thumb Code     0  startup_fm33lg0xx.o(.text)
    CCL_IRQHandler                           0x00000177   Thumb Code     0  startup_fm33lg0xx.o(.text)
    COMPx_IRQHandler                         0x00000177   Thumb Code     0  startup_fm33lg0xx.o(.text)
    DAC_IRQHandler                           0x00000177   Thumb Code     0  startup_fm33lg0xx.o(.text)
    DMA_IRQHandler                           0x00000177   Thumb Code     0  startup_fm33lg0xx.o(.text)
    FDET_IRQHandler                          0x00000177   Thumb Code     0  startup_fm33lg0xx.o(.text)
    FLASH_IRQHandler                         0x00000177   Thumb Code     0  startup_fm33lg0xx.o(.text)
    GPIO_IRQHandler                          0x00000177   Thumb Code     0  startup_fm33lg0xx.o(.text)
    GPTIM0_1_IRQHandler                      0x00000177   Thumb Code     0  startup_fm33lg0xx.o(.text)
    GPTIM2_IRQHandler                        0x00000177   Thumb Code     0  startup_fm33lg0xx.o(.text)
    LPTIM_IRQHandler                         0x00000177   Thumb Code     0  startup_fm33lg0xx.o(.text)
    LPUARTx_IRQHandler                       0x00000177   Thumb Code     0  startup_fm33lg0xx.o(.text)
    LUT_IRQHandler                           0x00000177   Thumb Code     0  startup_fm33lg0xx.o(.text)
    RTC_IRQHandler                           0x00000177   Thumb Code     0  startup_fm33lg0xx.o(.text)
    SPI0_IRQHandler                          0x00000177   Thumb Code     0  startup_fm33lg0xx.o(.text)
    SPI1_IRQHandler                          0x00000177   Thumb Code     0  startup_fm33lg0xx.o(.text)
    SPI2_IRQHandler                          0x00000177   Thumb Code     0  startup_fm33lg0xx.o(.text)
    SVD_IRQHandler                           0x00000177   Thumb Code     0  startup_fm33lg0xx.o(.text)
    U7816_IRQHandler                         0x00000177   Thumb Code     0  startup_fm33lg0xx.o(.text)
    UART0_IRQHandler                         0x00000177   Thumb Code     0  startup_fm33lg0xx.o(.text)
    UART1_IRQHandler                         0x00000177   Thumb Code     0  startup_fm33lg0xx.o(.text)
    UART3_IRQHandler                         0x00000177   Thumb Code     0  startup_fm33lg0xx.o(.text)
    UART4_IRQHandler                         0x00000177   Thumb Code     0  startup_fm33lg0xx.o(.text)
    UART5_IRQHandler                         0x00000177   Thumb Code     0  startup_fm33lg0xx.o(.text)
    VREF_IRQHandler                          0x00000177   Thumb Code     0  startup_fm33lg0xx.o(.text)
    WDT_IRQHandler                           0x00000177   Thumb Code     0  startup_fm33lg0xx.o(.text)
    WKUPx_IRQHandler                         0x00000177   Thumb Code     0  startup_fm33lg0xx.o(.text)
    __user_initial_stackheap                 0x00000179   Thumb Code     0  startup_fm33lg0xx.o(.text)
    __aeabi_uidiv                            0x0000019d   Thumb Code     0  aeabi_sdiv.o(.text)
    __aeabi_uidivmod                         0x0000019d   Thumb Code    20  aeabi_sdiv.o(.text)
    __aeabi_idiv                             0x000001b1   Thumb Code     0  aeabi_sdiv.o(.text)
    __aeabi_idivmod                          0x000001b1   Thumb Code   326  aeabi_sdiv.o(.text)
    __use_two_region_memory                  0x000002f7   Thumb Code     2  heapauxi.o(.text)
    __rt_heap_escrow$2region                 0x000002f9   Thumb Code     2  heapauxi.o(.text)
    __rt_heap_expand$2region                 0x000002fb   Thumb Code     2  heapauxi.o(.text)
    __user_setup_stackheap                   0x000002fd   Thumb Code    62  sys_stackheap_outer.o(.text)
    exit                                     0x0000033b   Thumb Code    16  exit.o(.text)
    __user_libspace                          0x0000034d   Thumb Code     8  libspace.o(.text)
    __user_perproc_libspace                  0x0000034d   Thumb Code     0  libspace.o(.text)
    __user_perthread_libspace                0x0000034d   Thumb Code     0  libspace.o(.text)
    _sys_exit                                0x00000355   Thumb Code     8  sys_exit.o(.text)
    __I$use$semihosting                      0x00000361   Thumb Code     0  use_no_semi.o(.text)
    __use_no_semihosting_swi                 0x00000361   Thumb Code     2  use_no_semi.o(.text)
    __semihosting_library_function           0x00000363   Thumb Code     0  indicate_semi.o(.text)
    FL_DelayInit                             0x00000375   Thumb Code    26  fm33lg0xx_fl.o(i.FL_DelayInit)
    FL_GPIO_Init                             0x000003c9   Thumb Code   470  fm33lg0xx_fl_gpio.o(i.FL_GPIO_Init)
    FL_I2C_SlaveMode_Init                    0x000005cd   Thumb Code   280  fm33lg0xx_fl_i2c.o(i.FL_I2C_SlaveMode_Init)
    FL_Init                                  0x0000072b   Thumb Code     8  fm33lg0xx_fl.o(i.FL_Init)
    FL_NVIC_Init                             0x00000735   Thumb Code    68  fm33lg0xx_fl.o(i.FL_NVIC_Init)
    I2C_IRQHandler                           0x0000077d   Thumb Code   260  i2c.o(i.I2C_IRQHandler)
    MF_Clock_Init                            0x0000088d   Thumb Code   120  mf_config.o(i.MF_Clock_Init)
    MF_Config_Init                           0x0000090d   Thumb Code    16  mf_config.o(i.MF_Config_Init)
    MF_I2C_Init                              0x0000091d   Thumb Code    88  mf_config.o(i.MF_I2C_Init)
    SystemCoreClockUpdate                    0x00000a25   Thumb Code   282  system_fm33lg0xx.o(i.SystemCoreClockUpdate)
    SystemInit                               0x00000b61   Thumb Code   230  system_fm33lg0xx.o(i.SystemInit)
    __ARM_common_switch8                     0x00000d2d   Thumb Code    28  system_fm33lg0xx.o(i.__ARM_common_switch8)
    main                                     0x00000d49   Thumb Code    16  main.o(i.main)
    Region$$Table$$Base                      0x00000d58   Number         0  anon$$obj.o(Region$$Table)
    Region$$Table$$Limit                     0x00000d78   Number         0  anon$$obj.o(Region$$Table)
    readdata                                 0x20000000   Data           3  i2c.o(.data)
    writedata                                0x20000003   Data           3  i2c.o(.data)
    XTLFClock                                0x20000008   Data           4  system_fm33lg0xx.o(.data)
    XTHFClock                                0x2000000c   Data           4  system_fm33lg0xx.o(.data)
    SystemCoreClock                          0x20000010   Data           4  system_fm33lg0xx.o(.data)
    __libspace_start                         0x20000014   Data          96  libspace.o(.bss)
    __temporary_stack_top$libspace           0x20000074   Data           0  libspace.o(.bss)



==============================================================================

Memory Map of the image

  Image Entry point : 0x000000c1

  Load Region LR_IROM1 (Base: 0x00000000, Size: 0x00000d8c, Max: 0x00040000, ABSOLUTE)

    Execution Region ER_IROM1 (Exec base: 0x00000000, Load base: 0x00000000, Size: 0x00000d78, Max: 0x00040000, ABSOLUTE)

    Exec Addr    Load Addr    Size         Type   Attr      Idx    E Section Name        Object

    0x00000000   0x00000000   0x000000c0   Data   RO            3    RESET               startup_fm33lg0xx.o
    0x000000c0   0x000000c0   0x00000008   Code   RO         2735  * !!!main             c_p.l(__main.o)
    0x000000c8   0x000000c8   0x0000003c   Code   RO         2941    !!!scatter          c_p.l(__scatter.o)
    0x00000104   0x00000104   0x0000001a   Code   RO         2943    !!handler_copy      c_p.l(__scatter_copy.o)
    0x0000011e   0x0000011e   0x00000002   PAD
    0x00000120   0x00000120   0x0000001c   Code   RO         2945    !!handler_zi        c_p.l(__scatter_zi.o)
    0x0000013c   0x0000013c   0x00000002   Code   RO         2808    .ARM.Collect$$libinit$$00000000  c_p.l(libinit.o)
    0x0000013e   0x0000013e   0x00000000   Code   RO         2824    .ARM.Collect$$libinit$$00000002  c_p.l(libinit2.o)
    0x0000013e   0x0000013e   0x00000000   Code   RO         2826    .ARM.Collect$$libinit$$00000004  c_p.l(libinit2.o)
    0x0000013e   0x0000013e   0x00000000   Code   RO         2829    .ARM.Collect$$libinit$$0000000A  c_p.l(libinit2.o)
    0x0000013e   0x0000013e   0x00000000   Code   RO         2831    .ARM.Collect$$libinit$$0000000C  c_p.l(libinit2.o)
    0x0000013e   0x0000013e   0x00000000   Code   RO         2833    .ARM.Collect$$libinit$$0000000E  c_p.l(libinit2.o)
    0x0000013e   0x0000013e   0x00000000   Code   RO         2836    .ARM.Collect$$libinit$$00000011  c_p.l(libinit2.o)
    0x0000013e   0x0000013e   0x00000000   Code   RO         2838    .ARM.Collect$$libinit$$00000013  c_p.l(libinit2.o)
    0x0000013e   0x0000013e   0x00000000   Code   RO         2840    .ARM.Collect$$libinit$$00000015  c_p.l(libinit2.o)
    0x0000013e   0x0000013e   0x00000000   Code   RO         2842    .ARM.Collect$$libinit$$00000017  c_p.l(libinit2.o)
    0x0000013e   0x0000013e   0x00000000   Code   RO         2844    .ARM.Collect$$libinit$$00000019  c_p.l(libinit2.o)
    0x0000013e   0x0000013e   0x00000000   Code   RO         2846    .ARM.Collect$$libinit$$0000001B  c_p.l(libinit2.o)
    0x0000013e   0x0000013e   0x00000000   Code   RO         2848    .ARM.Collect$$libinit$$0000001D  c_p.l(libinit2.o)
    0x0000013e   0x0000013e   0x00000000   Code   RO         2850    .ARM.Collect$$libinit$$0000001F  c_p.l(libinit2.o)
    0x0000013e   0x0000013e   0x00000000   Code   RO         2852    .ARM.Collect$$libinit$$00000021  c_p.l(libinit2.o)
    0x0000013e   0x0000013e   0x00000000   Code   RO         2854    .ARM.Collect$$libinit$$00000023  c_p.l(libinit2.o)
    0x0000013e   0x0000013e   0x00000000   Code   RO         2856    .ARM.Collect$$libinit$$00000025  c_p.l(libinit2.o)
    0x0000013e   0x0000013e   0x00000000   Code   RO         2860    .ARM.Collect$$libinit$$0000002C  c_p.l(libinit2.o)
    0x0000013e   0x0000013e   0x00000000   Code   RO         2862    .ARM.Collect$$libinit$$0000002E  c_p.l(libinit2.o)
    0x0000013e   0x0000013e   0x00000000   Code   RO         2864    .ARM.Collect$$libinit$$00000030  c_p.l(libinit2.o)
    0x0000013e   0x0000013e   0x00000000   Code   RO         2866    .ARM.Collect$$libinit$$00000032  c_p.l(libinit2.o)
    0x0000013e   0x0000013e   0x00000002   Code   RO         2867    .ARM.Collect$$libinit$$00000033  c_p.l(libinit2.o)
    0x00000140   0x00000140   0x00000002   Code   RO         2898    .ARM.Collect$$libshutdown$$00000000  c_p.l(libshutdown.o)
    0x00000142   0x00000142   0x00000000   Code   RO         2924    .ARM.Collect$$libshutdown$$00000002  c_p.l(libshutdown2.o)
    0x00000142   0x00000142   0x00000000   Code   RO         2926    .ARM.Collect$$libshutdown$$00000004  c_p.l(libshutdown2.o)
    0x00000142   0x00000142   0x00000000   Code   RO         2929    .ARM.Collect$$libshutdown$$00000007  c_p.l(libshutdown2.o)
    0x00000142   0x00000142   0x00000000   Code   RO         2932    .ARM.Collect$$libshutdown$$0000000A  c_p.l(libshutdown2.o)
    0x00000142   0x00000142   0x00000000   Code   RO         2934    .ARM.Collect$$libshutdown$$0000000C  c_p.l(libshutdown2.o)
    0x00000142   0x00000142   0x00000000   Code   RO         2937    .ARM.Collect$$libshutdown$$0000000F  c_p.l(libshutdown2.o)
    0x00000142   0x00000142   0x00000002   Code   RO         2938    .ARM.Collect$$libshutdown$$00000010  c_p.l(libshutdown2.o)
    0x00000144   0x00000144   0x00000000   Code   RO         2765    .ARM.Collect$$rtentry$$00000000  c_p.l(__rtentry.o)
    0x00000144   0x00000144   0x00000000   Code   RO         2774    .ARM.Collect$$rtentry$$00000002  c_p.l(__rtentry2.o)
    0x00000144   0x00000144   0x00000006   Code   RO         2786    .ARM.Collect$$rtentry$$00000004  c_p.l(__rtentry4.o)
    0x0000014a   0x0000014a   0x00000000   Code   RO         2776    .ARM.Collect$$rtentry$$00000009  c_p.l(__rtentry2.o)
    0x0000014a   0x0000014a   0x00000004   Code   RO         2777    .ARM.Collect$$rtentry$$0000000A  c_p.l(__rtentry2.o)
    0x0000014e   0x0000014e   0x00000000   Code   RO         2779    .ARM.Collect$$rtentry$$0000000C  c_p.l(__rtentry2.o)
    0x0000014e   0x0000014e   0x00000008   Code   RO         2780    .ARM.Collect$$rtentry$$0000000D  c_p.l(__rtentry2.o)
    0x00000156   0x00000156   0x00000002   Code   RO         2815    .ARM.Collect$$rtexit$$00000000  c_p.l(rtexit.o)
    0x00000158   0x00000158   0x00000000   Code   RO         2871    .ARM.Collect$$rtexit$$00000002  c_p.l(rtexit2.o)
    0x00000158   0x00000158   0x00000004   Code   RO         2872    .ARM.Collect$$rtexit$$00000003  c_p.l(rtexit2.o)
    0x0000015c   0x0000015c   0x00000006   Code   RO         2873    .ARM.Collect$$rtexit$$00000004  c_p.l(rtexit2.o)
    0x00000162   0x00000162   0x00000002   PAD
    0x00000164   0x00000164   0x00000038   Code   RO            4    .text               startup_fm33lg0xx.o
    0x0000019c   0x0000019c   0x0000015a   Code   RO         2729    .text               c_p.l(aeabi_sdiv.o)
    0x000002f6   0x000002f6   0x00000006   Code   RO         2733    .text               c_p.l(heapauxi.o)
    0x000002fc   0x000002fc   0x0000003e   Code   RO         2794    .text               c_p.l(sys_stackheap_outer.o)
    0x0000033a   0x0000033a   0x00000010   Code   RO         2797    .text               c_p.l(exit.o)
    0x0000034a   0x0000034a   0x00000002   PAD
    0x0000034c   0x0000034c   0x00000008   Code   RO         2811    .text               c_p.l(libspace.o)
    0x00000354   0x00000354   0x0000000c   Code   RO         2868    .text               c_p.l(sys_exit.o)
    0x00000360   0x00000360   0x00000002   Code   RO         2887    .text               c_p.l(use_no_semi.o)
    0x00000362   0x00000362   0x00000000   Code   RO         2889    .text               c_p.l(indicate_semi.o)
    0x00000362   0x00000362   0x00000002   PAD
    0x00000364   0x00000364   0x00000010   Code   RO         1708    i.FL_CMU_EnableGroup3BusClock  fm33lg0xx_fl_i2c.o
    0x00000374   0x00000374   0x00000020   Code   RO          360    i.FL_DelayInit      fm33lg0xx_fl.o
    0x00000394   0x00000394   0x0000000a   Code   RO         1490    i.FL_GPIO_DisablePinAnalogSwitch  fm33lg0xx_fl_gpio.o
    0x0000039e   0x0000039e   0x0000000a   Code   RO         1491    i.FL_GPIO_DisablePinInput  fm33lg0xx_fl_gpio.o
    0x000003a8   0x000003a8   0x0000000a   Code   RO         1492    i.FL_GPIO_DisablePinOpenDrain  fm33lg0xx_fl_gpio.o
    0x000003b2   0x000003b2   0x0000000a   Code   RO         1493    i.FL_GPIO_DisablePinPullup  fm33lg0xx_fl_gpio.o
    0x000003bc   0x000003bc   0x0000000a   Code   RO         1494    i.FL_GPIO_DisablePinRemap  fm33lg0xx_fl_gpio.o
    0x000003c6   0x000003c6   0x00000002   PAD
    0x000003c8   0x000003c8   0x000001e8   Code   RO         1495    i.FL_GPIO_Init      fm33lg0xx_fl_gpio.o
    0x000005b0   0x000005b0   0x0000001a   Code   RO         1496    i.FL_GPIO_SetPinMode  fm33lg0xx_fl_gpio.o
    0x000005ca   0x000005ca   0x00000002   PAD
    0x000005cc   0x000005cc   0x0000011c   Code   RO         1712    i.FL_I2C_SlaveMode_Init  fm33lg0xx_fl_i2c.o
    0x000006e8   0x000006e8   0x00000006   Code   RO          269    i.FL_I2C_Slave_ClearFlag_RXComplete  i2c.o
    0x000006ee   0x000006ee   0x00000010   Code   RO          270    i.FL_I2C_Slave_IsActiveFlag_RXComplete  i2c.o
    0x000006fe   0x000006fe   0x0000000c   Code   RO          271    i.FL_I2C_Slave_IsActiveFlag_TXComplete  i2c.o
    0x0000070a   0x0000070a   0x00000008   Code   RO          272    i.FL_I2C_Slave_ReadRXBuff  i2c.o
    0x00000712   0x00000712   0x0000000c   Code   RO         1714    i.FL_I2C_Slave_WriteSlaveAddress  fm33lg0xx_fl_i2c.o
    0x0000071e   0x0000071e   0x0000000c   Code   RO          273    i.FL_I2C_Slave_WriteTXBuff  i2c.o
    0x0000072a   0x0000072a   0x00000008   Code   RO          365    i.FL_Init           fm33lg0xx_fl.o
    0x00000732   0x00000732   0x00000002   PAD
    0x00000734   0x00000734   0x00000048   Code   RO          366    i.FL_NVIC_Init      fm33lg0xx_fl.o
    0x0000077c   0x0000077c   0x00000110   Code   RO          274    i.I2C_IRQHandler    i2c.o
    0x0000088c   0x0000088c   0x00000080   Code   RO           13    i.MF_Clock_Init     mf_config.o
    0x0000090c   0x0000090c   0x00000010   Code   RO           14    i.MF_Config_Init    mf_config.o
    0x0000091c   0x0000091c   0x00000060   Code   RO           15    i.MF_I2C_Init       mf_config.o
    0x0000097c   0x0000097c   0x00000020   Code   RO           16    i.MF_I2C_Interrupt_Init  mf_config.o
    0x0000099c   0x0000099c   0x00000010   Code   RO           17    i.MF_NVIC_Init      mf_config.o
    0x000009ac   0x000009ac   0x00000078   Code   RO          367    i.NVIC_SetPriority  fm33lg0xx_fl.o
    0x00000a24   0x00000a24   0x0000013c   Code   RO          320    i.SystemCoreClockUpdate  system_fm33lg0xx.o
    0x00000b60   0x00000b60   0x000000fc   Code   RO          321    i.SystemInit        system_fm33lg0xx.o
    0x00000c5c   0x00000c5c   0x000000d0   Code   RO          322    i.SystemPLLClockUpdate  system_fm33lg0xx.o
    0x00000d2c   0x00000d2c   0x0000001c   Code   RO          349    i.__ARM_common_switch8  system_fm33lg0xx.o
    0x00000d48   0x00000d48   0x00000010   Code   RO          221    i.main              main.o
    0x00000d58   0x00000d58   0x00000020   Data   RO         2939    Region$$Table       anon$$obj.o


    Execution Region RW_IRAM1 (Exec base: 0x20000000, Load base: 0x00000d78, Size: 0x00001078, Max: 0x00008000, ABSOLUTE)

    Exec Addr    Load Addr    Size         Type   Attr      Idx    E Section Name        Object

    0x20000000   0x00000d78   0x00000006   Data   RW          275    .data               i2c.o
    0x20000006   0x00000d7e   0x00000002   PAD
    0x20000008   0x00000d80   0x0000000c   Data   RW          323    .data               system_fm33lg0xx.o
    0x20000014        -       0x00000060   Zero   RW         2812    .bss                c_p.l(libspace.o)
    0x20000074   0x00000d8c   0x00000004   PAD
    0x20000078        -       0x00000800   Zero   RW            2    HEAP                startup_fm33lg0xx.o
    0x20000878        -       0x00000800   Zero   RW            1    STACK               startup_fm33lg0xx.o


==============================================================================

Image component sizes


      Code (inc. data)   RO Data    RW Data    ZI Data      Debug   Object Name

       232         20          0          0          0      11084   fm33lg0xx_fl.o
         0          0          0          0          0      23828   fm33lg0xx_fl_comp.o
       564         18          0          0          0      23415   fm33lg0xx_fl_gpio.o
       312          8          0          0          0      43508   fm33lg0xx_fl_i2c.o
       326         12          0          6          0      19906   i2c.o
        16          0          0          0          0        427   main.o
       288         20          0          0          0      88487   mf_config.o
        56         26        192          0       4096        748   startup_fm33lg0xx.o
       804        102          0         12          0       2351   system_fm33lg0xx.o

    ----------------------------------------------------------------------
      2604        206        224         20       4096     213754   Object Totals
         0          0         32          0          0          0   (incl. Generated)
         6          0          0          2          0          0   (incl. Padding)

    ----------------------------------------------------------------------

      Code (inc. data)   RO Data    RW Data    ZI Data      Debug   Library Member Name

         8          0          0          0          0         68   __main.o
         0          0          0          0          0          0   __rtentry.o
        12          0          0          0          0          0   __rtentry2.o
         6          0          0          0          0          0   __rtentry4.o
        60          8          0          0          0          0   __scatter.o
        26          0          0          0          0          0   __scatter_copy.o
        28          0          0          0          0          0   __scatter_zi.o
       346          0          0          0          0         92   aeabi_sdiv.o
        16          0          0          0          0         68   exit.o
         6          0          0          0          0        136   heapauxi.o
         0          0          0          0          0          0   indicate_semi.o
         2          0          0          0          0          0   libinit.o
         2          0          0          0          0          0   libinit2.o
         2          0          0          0          0          0   libshutdown.o
         2          0          0          0          0          0   libshutdown2.o
         8          4          0          0         96         68   libspace.o
         2          0          0          0          0          0   rtexit.o
        10          0          0          0          0          0   rtexit2.o
        12          4          0          0          0         60   sys_exit.o
        62          0          0          0          0         80   sys_stackheap_outer.o
         2          0          0          0          0         68   use_no_semi.o

    ----------------------------------------------------------------------
       620         16          0          0        100        640   Library Totals
         8          0          0          0          4          0   (incl. Padding)

    ----------------------------------------------------------------------

      Code (inc. data)   RO Data    RW Data    ZI Data      Debug   Library Name

       612         16          0          0         96        640   c_p.l

    ----------------------------------------------------------------------
       620         16          0          0        100        640   Library Totals

    ----------------------------------------------------------------------

==============================================================================


      Code (inc. data)   RO Data    RW Data    ZI Data      Debug   

      3224        222        224         20       4196     212930   Grand Totals
      3224        222        224         20       4196     212930   ELF Image Totals
      3224        222        224         20          0          0   ROM Totals

==============================================================================

    Total RO  Size (Code + RO Data)                 3448 (   3.37kB)
    Total RW  Size (RW Data + ZI Data)              4216 (   4.12kB)
    Total ROM Size (Code + RO Data + RW Data)       3468 (   3.39kB)

==============================================================================

