<html>
<body>
<pre>
<h1>礦ision3 Build Log</h1>
<h2>Project:</h2>
E:\ZXKJ\LY-STM32\LY-STM32 光盘资料\1.课程\2.外设篇\外设篇 2.STM32模拟I2C通讯\程序\LY-STM32.uv2
Project File Date:  08/05/2013

<h2>Output:</h2>
Build target 'LY-STM32'
assembling startup_stm32f10x_hd.s...
compiling main.c...
compiling pbdata.c...
compiling stm32f10x_it.c...
compiling I2C.c...
compiling stm32f10x_gpio.c...
compiling stm32f10x_rcc.c...
compiling misc.c...
compiling stm32f10x_exti.c...
compiling stm32f10x_tim.c...
compiling stm32f10x_usart.c...
compiling core_cm3.c...
compiling system_stm32f10x.c...
linking...
Program Size: Code=3944 RO-data=336 RW-data=40 ZI-data=1024  
FromELF: creating hex file...
"LY-STM32.axf" - 0 Error(s), 0 Warning(s).
Build target 'LY-STM32'
compiling main.c...
compiling pbdata.c...
compiling stm32f10x_it.c...
compiling I2C.c...
linking...
Program Size: Code=3944 RO-data=336 RW-data=40 ZI-data=1024  
FromELF: creating hex file...
"LY-STM32.axf" - 0 Error(s), 0 Warning(s).
Build target 'LY-STM32'
compiling main.c...
compiling pbdata.c...
compiling stm32f10x_it.c...
compiling I2C.c...
linking...
Program Size: Code=3944 RO-data=336 RW-data=40 ZI-data=1024  
FromELF: creating hex file...
"LY-STM32.axf" - 0 Error(s), 0 Warning(s).
Build target 'LY-STM32'
compiling I2C.c...
linking...
Program Size: Code=3944 RO-data=336 RW-data=40 ZI-data=1024  
FromELF: creating hex file...
"LY-STM32.axf" - 0 Error(s), 0 Warning(s).
Build target 'LY-STM32'
compiling main.c...
compiling pbdata.c...
compiling stm32f10x_it.c...
compiling I2C.c...
linking...
Program Size: Code=3944 RO-data=336 RW-data=40 ZI-data=1024  
FromELF: creating hex file...
"LY-STM32.axf" - 0 Error(s), 0 Warning(s).
Build target 'LY-STM32'
compiling main.c...
compiling pbdata.c...
compiling stm32f10x_it.c...
compiling I2C.c...
linking...
Program Size: Code=3944 RO-data=336 RW-data=40 ZI-data=1024  
FromELF: creating hex file...
"LY-STM32.axf" - 0 Error(s), 0 Warning(s).
Build target 'LY-STM32'
compiling main.c...
linking...
LY-STM32.axf: Error: L6218E: Undefined symbol AT24CXX_ReadOneByte (referred from main.o).
LY-STM32.axf: Error: L6218E: Undefined symbol AT24CXX_ReadTwoByte (referred from main.o).
LY-STM32.axf: Error: L6218E: Undefined symbol AT24CXX_WriteOneByte (referred from main.o).
LY-STM32.axf: Error: L6218E: Undefined symbol AT24CXX_WriteTwoByte (referred from main.o).
Target not created
Build target 'LY-STM32'
compiling main.c...
compiling 24Cxx.c...
USR\24Cxx.c(13): warning:  #223-D: function "I2C_Wait_Ack" declared implicitly
USR\24Cxx.c(20): warning:  #223-D: function "I2C_Wait_Ack" declared implicitly
USR\24Cxx.c(39): warning:  #223-D: function "I2C_Wait_Ack" declared implicitly
USR\24Cxx.c(48): warning:  #223-D: function "I2C_Wait_Ack" declared implicitly
USR\24Cxx.c(70): warning:  #223-D: function "I2C_Wait_Ack" declared implicitly
USR\24Cxx.c(73): warning:  #223-D: function "I2C_Wait_Ack" declared implicitly
USR\24Cxx.c(88): warning:  #223-D: function "I2C_Wait_Ack" declared implicitly
USR\24Cxx.c(91): warning:  #223-D: function "I2C_Wait_Ack" declared implicitly
linking...
LY-STM32.axf: Error: L6218E: Undefined symbol I2C_Wait_Ack (referred from 24cxx.o).
Target not created
Build target 'LY-STM32'
compiling main.c...
compiling pbdata.c...
compiling stm32f10x_it.c...
compiling I2C.c...
compiling 24Cxx.c...
linking...
Program Size: Code=6188 RO-data=336 RW-data=44 ZI-data=1028  
FromELF: creating hex file...
"LY-STM32.axf" - 0 Error(s), 0 Warning(s).
Build target 'LY-STM32'
compiling main.c...
compiling pbdata.c...
compiling stm32f10x_it.c...
compiling I2C.c...
linking...
Program Size: Code=3944 RO-data=336 RW-data=40 ZI-data=1024  
FromELF: creating hex file...
"LY-STM32.axf" - 0 Error(s), 0 Warning(s).
Build target 'LY-STM32'
compiling main.c...
compiling pbdata.c...
compiling stm32f10x_it.c...
compiling I2C.c...
linking...
Program Size: Code=3944 RO-data=336 RW-data=40 ZI-data=1024  
FromELF: creating hex file...
"LY-STM32.axf" - 0 Error(s), 0 Warning(s).
