<html>
<body>
<pre>
<h1>礦ision Build Log</h1>
<h2>Tool Versions:</h2>
IDE-Version: μVision V5.20.0.0
Copyright (C) 2016 ARM Ltd and ARM Germany GmbH. All rights reserved.
License Information: w w, w, LIC=D0D7S-LEELQ-BSBYX-H7HN3-4HUEX-XH8UT
 
Tool Versions:
Toolchain:       MDK-ARM Plus  Version: 5.20
Toolchain Path:  C:\Keil_v5\ARM\ARMCC\Bin
C Compiler:      Armcc.exe V5.06 update 2 (build 183)
Assembler:       Armasm.exe V5.06 update 2 (build 183)
Linker/Locator:  ArmLink.exe V5.06 update 2 (build 183)
Library Manager: ArmAr.exe V5.06 update 2 (build 183)
Hex Converter:   FromElf.exe V5.06 update 2 (build 183)
CPU DLL:         SARMCM3.DLL V5.20
Dialog DLL:      DCM.DLL V1.13.7.0
Target DLL:      STLink\ST-LINKIII-KEIL_SWO.dll V2.0.18.0
Dialog DLL:      TCM.DLL V1.14.9.0
 
<h2>Project:</h2>
C:\Users\zy\Desktop\KeliProject\stm32Project\6-5 PWM驱动直流电机\Project.uvprojx
Project File Date:  07/22/2023

<h2>Output:</h2>
*** Using Compiler 'V5.06 update 2 (build 183)', folder: 'C:\Keil_v5\ARM\ARMCC\Bin'
Rebuild target 'Target 1'
compiling misc.c...
compiling stm32f10x_exti.c...
compiling stm32f10x_adc.c...
compiling stm32f10x_cec.c...
compiling stm32f10x_can.c...
compiling stm32f10x_bkp.c...
compiling stm32f10x_crc.c...
compiling stm32f10x_dbgmcu.c...
compiling stm32f10x_gpio.c...
compiling stm32f10x_fsmc.c...
compiling stm32f10x_dac.c...
compiling stm32f10x_dma.c...
compiling stm32f10x_flash.c...
compiling stm32f10x_i2c.c...
compiling stm32f10x_iwdg.c...
compiling stm32f10x_pwr.c...
compiling stm32f10x_rcc.c...
compiling stm32f10x_rtc.c...
assembling startup_stm32f10x_md.s...
compiling stm32f10x_spi.c...
compiling stm32f10x_sdio.c...
compiling stm32f10x_usart.c...
compiling main.c...
.\Hardware\Motor.h(7): warning:  #1-D: last line of file ends without a newline
  #endif __MOTOR_H
.\Hardware\Motor.h(7): warning:  #14-D: extra text after expected end of preprocessing directive
  #endif __MOTOR_H
User\main.c(16): warning:  #1-D: last line of file ends without a newline
  }
User\main.c: 3 warnings, 0 errors
compiling stm32f10x_wwdg.c...
compiling core_cm3.c...
compiling stm32f10x_it.c...
compiling Delay.c...
compiling stm32f10x_tim.c...
compiling system_stm32f10x.c...
compiling LED.c...
Hardware\LED.c(39): warning:  #1-D: last line of file ends without a newline
  }
Hardware\LED.c: 1 warning, 0 errors
compiling key.c...
Hardware\key.c(28): warning:  #1-D: last line of file ends without a newline
  }
Hardware\key.c: 1 warning, 0 errors
compiling OLED.c...
compiling PWM.c...
compiling Motor.c...
Hardware\PWM.h(5): warning:  #1-D: last line of file ends without a newline
  #endif
Hardware\Motor.c(30): warning:  #1-D: last line of file ends without a newline
  }
Hardware\Motor.c: 2 warnings, 0 errors
linking...
Program Size: Code=2480 RO-data=1772 RW-data=0 ZI-data=1632  
FromELF: creating hex file...
".\Objects\Project.axf" - 0 Error(s), 7 Warning(s).

<h2>Collection of Component include folders:</h2>
  C:\Users\zy\Desktop\KeliProject\stm32Project\6-5 PWM驱动直流电机\RTE
  C:\Keil_v5\ARM\PACK\Keil\STM32F1xx_DFP\2.1.0\Device\Include

<h2>Collection of Component Files used:</h2>
Build Time Elapsed:  00:00:02
</pre>
</body>
</html>
