Component: ARM Compiler 5.06 update 5 (build 528) Tool: armlink [4d35e2]

==============================================================================

Section Cross References

    main.o(i.main) refers to _printf_percent.o(.ARM.Collect$$_printf_percent$$00000000) for _printf_percent
    main.o(i.main) refers to _printf_s.o(.ARM.Collect$$_printf_percent$$00000014) for _printf_s
    main.o(i.main) refers to _printf_str.o(.text) for _printf_str
    main.o(i.main) refers to rt_memcpy_w.o(.text) for __aeabi_memcpy4
    main.o(i.main) refers to misc.o(i.NVIC_PriorityGroupConfig) for NVIC_PriorityGroupConfig
    main.o(i.main) refers to delay.o(i.delay_init) for delay_init
    main.o(i.main) refers to 28byj_48.o(i.Motor_Init) for Motor_Init
    main.o(i.main) refers to usart1.o(i.uart_init) for uart_init
    main.o(i.main) refers to usart3.o(i.usart3_init) for usart3_init
    main.o(i.main) refers to lora_app.o(i.LoRa_Init) for LoRa_Init
    main.o(i.main) refers to __2sprintf.o(.text) for __2sprintf
    main.o(i.main) refers to lora_app.o(i.LoRa_SendData) for LoRa_SendData
    main.o(i.main) refers to oled.o(i.OLED_ShowString) for OLED_ShowString
    main.o(i.main) refers to 28byj_48.o(i.Motor_Ctrl) for Motor_Ctrl
    main.o(i.main) refers to delay.o(i.delay_ms) for delay_ms
    main.o(i.main) refers to main.o(.constdata) for .constdata
    main.o(i.main) refers to main.o(.bss) for str123
    main.o(i.main) refers to main.o(.data) for len_usart1
    delay.o(i.delay_init) refers to misc.o(i.SysTick_CLKSourceConfig) for SysTick_CLKSourceConfig
    delay.o(i.delay_init) refers to system_stm32f10x.o(.data) for SystemCoreClock
    delay.o(i.delay_init) refers to delay.o(.data) for fac_us
    delay.o(i.delay_ms) refers to delay.o(.data) for fac_ms
    delay.o(i.delay_us) refers to delay.o(.data) for fac_us
    timer.o(i.TIM3_IRQHandler) refers to stm32f10x_tim.o(i.TIM_GetITStatus) for TIM_GetITStatus
    timer.o(i.TIM3_IRQHandler) refers to stm32f10x_tim.o(i.TIM_ClearITPendingBit) for TIM_ClearITPendingBit
    timer.o(i.TIM3_IRQHandler) refers to stm32f10x_tim.o(i.TIM_Cmd) for TIM_Cmd
    timer.o(i.TIM3_IRQHandler) refers to usart3.o(.data) for USART3_RX_STA
    timer.o(i.TIM3_Int_Init) refers to stm32f10x_rcc.o(i.RCC_APB1PeriphClockCmd) for RCC_APB1PeriphClockCmd
    timer.o(i.TIM3_Int_Init) refers to stm32f10x_tim.o(i.TIM_TimeBaseInit) for TIM_TimeBaseInit
    timer.o(i.TIM3_Int_Init) refers to stm32f10x_tim.o(i.TIM_ITConfig) for TIM_ITConfig
    timer.o(i.TIM3_Int_Init) refers to stm32f10x_tim.o(i.TIM_Cmd) for TIM_Cmd
    timer.o(i.TIM3_Int_Init) refers to misc.o(i.NVIC_Init) for NVIC_Init
    timer.o(i.TIM3_SetARR) refers to stm32f10x_tim.o(i.TIM_SetCounter) for TIM_SetCounter
    lora_app.o(i.Aux_Int) refers to stm32f10x_exti.o(i.EXTI_Init) for EXTI_Init
    lora_app.o(i.Aux_Int) refers to misc.o(i.NVIC_Init) for NVIC_Init
    lora_app.o(i.Aux_Int) refers to lora_app.o(.data) for EXTI_InitStructure
    lora_app.o(i.EXTI4_IRQHandler) refers to stm32f10x_exti.o(i.EXTI_GetITStatus) for EXTI_GetITStatus
    lora_app.o(i.EXTI4_IRQHandler) refers to lora_app.o(i.Aux_Int) for Aux_Int
    lora_app.o(i.EXTI4_IRQHandler) refers to stm32f10x_exti.o(i.EXTI_ClearITPendingBit) for EXTI_ClearITPendingBit
    lora_app.o(i.EXTI4_IRQHandler) refers to lora_app.o(.data) for Int_mode
    lora_app.o(i.EXTI4_IRQHandler) refers to usart3.o(.data) for USART3_RX_STA
    lora_app.o(i.LoRa_Configure) refers to stm32f10x_rcc.o(i.RCC_APB2PeriphClockCmd) for RCC_APB2PeriphClockCmd
    lora_app.o(i.LoRa_Configure) refers to stm32f10x_gpio.o(i.GPIO_PinRemapConfig) for GPIO_PinRemapConfig
    lora_app.o(i.LoRa_Configure) refers to stm32f10x_gpio.o(i.GPIO_Init) for GPIO_Init
    lora_app.o(i.LoRa_Configure) refers to stm32f10x_gpio.o(i.GPIO_EXTILineConfig) for GPIO_EXTILineConfig
    lora_app.o(i.LoRa_Configure) refers to stm32f10x_exti.o(i.EXTI_Init) for EXTI_Init
    lora_app.o(i.LoRa_Configure) refers to misc.o(i.NVIC_Init) for NVIC_Init
    lora_app.o(i.LoRa_Configure) refers to delay.o(i.delay_ms) for delay_ms
    lora_app.o(i.LoRa_Configure) refers to usart3.o(i.usart3_init) for usart3_init
    lora_app.o(i.LoRa_Configure) refers to lora_app.o(i.lora_send_cmd) for lora_send_cmd
    lora_app.o(i.LoRa_Configure) refers to lora_app.o(.data) for EXTI_InitStructure
    lora_app.o(i.LoRa_Init) refers to delay.o(i.delay_ms) for delay_ms
    lora_app.o(i.LoRa_Init) refers to __2printf.o(.text) for __2printf
    lora_app.o(i.LoRa_Init) refers to lora_app.o(i.LoRa_Configure) for LoRa_Configure
    lora_app.o(i.LoRa_Init) refers to usart3.o(i.usart3_rx) for usart3_rx
    lora_app.o(i.LoRa_Init) refers to lora_app.o(i.Aux_Int) for Aux_Int
    lora_app.o(i.LoRa_Init) refers to lora_app.o(i.LoRa_Set) for LoRa_Set
    lora_app.o(i.LoRa_Init) refers to lora_app.o(.data) for LoRa_CFG
    lora_app.o(i.LoRa_ReceData) refers to _printf_percent.o(.ARM.Collect$$_printf_percent$$00000000) for _printf_percent
[...]
    .ARM.Collect$$libinit$$0000001D          0x08000252   Section        0  libinit2.o(.ARM.Collect$$libinit$$0000001D)
    .ARM.Collect$$libinit$$0000001F          0x08000252   Section        0  libinit2.o(.ARM.Collect$$libinit$$0000001F)
    .ARM.Collect$$libinit$$00000021          0x08000252   Section        0  libinit2.o(.ARM.Collect$$libinit$$00000021)
    .ARM.Collect$$libinit$$00000023          0x08000252   Section        0  libinit2.o(.ARM.Collect$$libinit$$00000023)
    .ARM.Collect$$libinit$$00000025          0x08000252   Section        0  libinit2.o(.ARM.Collect$$libinit$$00000025)
    .ARM.Collect$$libinit$$0000002C          0x08000252   Section        0  libinit2.o(.ARM.Collect$$libinit$$0000002C)
    .ARM.Collect$$libinit$$0000002E          0x08000252   Section        0  libinit2.o(.ARM.Collect$$libinit$$0000002E)
    .ARM.Collect$$libinit$$00000030          0x08000252   Section        0  libinit2.o(.ARM.Collect$$libinit$$00000030)
    .ARM.Collect$$libinit$$00000032          0x08000252   Section        0  libinit2.o(.ARM.Collect$$libinit$$00000032)
    .ARM.Collect$$libinit$$00000033          0x08000252   Section        2  libinit2.o(.ARM.Collect$$libinit$$00000033)
    .ARM.Collect$$libshutdown$$00000000      0x08000254   Section        2  libshutdown.o(.ARM.Collect$$libshutdown$$00000000)
    .ARM.Collect$$libshutdown$$00000002      0x08000256   Section        0  libshutdown2.o(.ARM.Collect$$libshutdown$$00000002)
    .ARM.Collect$$libshutdown$$00000004      0x08000256   Section        0  libshutdown2.o(.ARM.Collect$$libshutdown$$00000004)
    .ARM.Collect$$libshutdown$$00000007      0x08000256   Section        0  libshutdown2.o(.ARM.Collect$$libshutdown$$00000007)
    .ARM.Collect$$libshutdown$$0000000A      0x08000256   Section        0  libshutdown2.o(.ARM.Collect$$libshutdown$$0000000A)
    .ARM.Collect$$libshutdown$$0000000C      0x08000256   Section        0  libshutdown2.o(.ARM.Collect$$libshutdown$$0000000C)
    .ARM.Collect$$libshutdown$$0000000F      0x08000256   Section        0  libshutdown2.o(.ARM.Collect$$libshutdown$$0000000F)
    .ARM.Collect$$libshutdown$$00000010      0x08000256   Section        2  libshutdown2.o(.ARM.Collect$$libshutdown$$00000010)
    .ARM.Collect$$rtentry$$00000000          0x08000258   Section        0  __rtentry.o(.ARM.Collect$$rtentry$$00000000)
    .ARM.Collect$$rtentry$$00000002          0x08000258   Section        0  __rtentry2.o(.ARM.Collect$$rtentry$$00000002)
    .ARM.Collect$$rtentry$$00000004          0x08000258   Section        6  __rtentry4.o(.ARM.Collect$$rtentry$$00000004)
    .ARM.Collect$$rtentry$$00000009          0x0800025e   Section        0  __rtentry2.o(.ARM.Collect$$rtentry$$00000009)
    .ARM.Collect$$rtentry$$0000000A          0x0800025e   Section        4  __rtentry2.o(.ARM.Collect$$rtentry$$0000000A)
    .ARM.Collect$$rtentry$$0000000C          0x08000262   Section        0  __rtentry2.o(.ARM.Collect$$rtentry$$0000000C)
    .ARM.Collect$$rtentry$$0000000D          0x08000262   Section        8  __rtentry2.o(.ARM.Collect$$rtentry$$0000000D)
    .ARM.Collect$$rtexit$$00000000           0x0800026a   Section        2  rtexit.o(.ARM.Collect$$rtexit$$00000000)
    .ARM.Collect$$rtexit$$00000002           0x0800026c   Section        0  rtexit2.o(.ARM.Collect$$rtexit$$00000002)
    .ARM.Collect$$rtexit$$00000003           0x0800026c   Section        4  rtexit2.o(.ARM.Collect$$rtexit$$00000003)
    .ARM.Collect$$rtexit$$00000004           0x08000270   Section        6  rtexit2.o(.ARM.Collect$$rtexit$$00000004)
    .text                                    0x08000278   Section       64  startup_stm32f10x_hd.o(.text)
    .text                                    0x080002b8   Section        2  use_no_semi_2.o(.text)
    .text                                    0x080002bc   Section        0  vsprintf.o(.text)
    .text                                    0x080002e0   Section        0  __2printf.o(.text)
    .text                                    0x080002f8   Section        0  __2sprintf.o(.text)
    .text                                    0x08000324   Section        0  _printf_pad.o(.text)
    .text                                    0x08000372   Section        0  _printf_str.o(.text)
    .text                                    0x080003c4   Section        0  _printf_dec.o(.text)
    .text                                    0x0800043c   Section        0  _printf_hex_int_ll_ptr.o(.text)
    _printf_hex_common                       0x0800043d   Thumb Code     0  _printf_hex_int_ll_ptr.o(.text)
    .text                                    0x080004d0   Section        0  __printf_flags_ss_wp.o(.text)
    .text                                    0x08000658   Section        0  strstr.o(.text)
    .text                                    0x0800067c   Section        0  strlen.o(.text)
    .text                                    0x080006ba   Section      100  rt_memcpy_w.o(.text)
    .text                                    0x0800071e   Section        0  heapauxi.o(.text)
    .text                                    0x08000724   Section        2  use_no_semi.o(.text)
    .text                                    0x08000726   Section        0  _printf_truncate.o(.text)
    .text                                    0x0800074a   Section        0  _printf_intcommon.o(.text)
    .text                                    0x080007fc   Section        0  _printf_charcount.o(.text)
    .text                                    0x08000824   Section        0  _printf_char_common.o(.text)
    _printf_input_char                       0x08000825   Thumb Code    10  _printf_char_common.o(.text)
    .text                                    0x08000854   Section        0  _sputc.o(.text)
    .text                                    0x0800085e   Section        0  _printf_char.o(.text)
    .text                                    0x0800088c   Section        0  _printf_char_file.o(.text)
    .text                                    0x080008b0   Section        0  _printf_wctomb.o(.text)
    .text                                    0x0800096c   Section        0  _printf_longlong_dec.o(.text)
    .text                                    0x080009e8   Section        0  _printf_oct_int_ll.o(.text)
    _printf_longlong_oct_internal            0x080009e9   Thumb Code     0  _printf_oct_int_ll.o(.text)
    .text                                    0x08000a58   Section      138  lludiv10.o(.text)
    .text                                    0x08000ae2   Section        0  _printf_fp_dec.o(.text)
    _fp_digits                               0x08000ae5   Thumb Code   432  _printf_fp_dec.o(.text)
    .text                                    0x08000f00   Section        0  _printf_fp_hex.o(.text)
    .text                                    0x080011fc   Section        0  _printf_wchar.o(.text)
    .text                                    0x08001228   Section        0  ferror.o(.text)
    .text                                    0x08001230   Section        0  _wcrtomb.o(.text)
    .text                                    0x08001270   Section       74  sys_stackheap_outer.o(.text)
    .text                                    0x080012bc   Section       16  rt_ctype_table.o(.text)
    .text                                    0x080012cc   Section        8  rt_locale_intlibspace.o(.text)
    .text                                    0x080012d4   Section        0  _printf_fp_infnan.o(.text)
    .text                                    0x08001354   Section        0  bigflt0.o(.text)
    .text                                    0x08001438   Section        0  exit.o(.text)
    .text                                    0x0800144c   Section        8  libspace.o(.text)
    .text                                    0x08001454   Section      128  strcmpv7m.o(.text)
    CL$$btod_d2e                             0x080014d4   Section       62  btod.o(CL$$btod_d2e)
    CL$$btod_d2e_denorm_low                  0x08001512   Section       70  btod.o(CL$$btod_d2e_denorm_low)
    CL$$btod_d2e_norm_op1                    0x08001558   Section       96  btod.o(CL$$btod_d2e_norm_op1)
    CL$$btod_div_common                      0x080015b8   Section      824  btod.o(CL$$btod_div_common)
    CL$$btod_e2e                             0x080018f0   Section      220  btod.o(CL$$btod_e2e)
    CL$$btod_ediv                            0x080019cc   Section       42  btod.o(CL$$btod_ediv)
    CL$$btod_emul                            0x080019f6   Section       42  btod.o(CL$$btod_emul)
    CL$$btod_mult_common                     0x08001a20   Section      580  btod.o(CL$$btod_mult_common)
    i.Aux_Int                                0x08001c64   Section        0  lora_app.o(i.Aux_Int)
    i.EXTI4_IRQHandler                       0x08001cb4   Section        0  lora_app.o(i.EXTI4_IRQHandler)
    i.EXTI_ClearITPendingBit                 0x08001d2c   Section        0  stm32f10x_exti.o(i.EXTI_ClearITPendingBit)
    i.EXTI_GetITStatus                       0x08001d38   Section        0  stm32f10x_exti.o(i.EXTI_GetITStatus)
    i.EXTI_Init                              0x08001d60   Section        0  stm32f10x_exti.o(i.EXTI_Init)
    i.GPIO_EXTILineConfig                    0x08001df4   Section        0  stm32f10x_gpio.o(i.GPIO_EXTILineConfig)
    i.GPIO_Init                              0x08001e34   Section        0  stm32f10x_gpio.o(i.GPIO_Init)
    i.GPIO_PinRemapConfig                    0x08001f4c   Section        0  stm32f10x_gpio.o(i.GPIO_PinRemapConfig)
    i.GPIO_ResetBits                         0x08001fdc   Section        0  stm32f10x_gpio.o(i.GPIO_ResetBits)
    i.GPIO_Write                             0x08001fe0   Section        0  stm32f10x_gpio.o(i.GPIO_Write)
    i.GPIO_WriteBit                          0x08001fe4   Section        0  stm32f10x_gpio.o(i.GPIO_WriteBit)
    i.LoRa_Configure                         0x08001ff0   Section        0  lora_app.o(i.LoRa_Configure)
    i.LoRa_Init                              0x08002104   Section        0  lora_app.o(i.LoRa_Init)
    i.LoRa_SendData                          0x08002188   Section        0  lora_app.o(i.LoRa_SendData)
    i.LoRa_Set                               0x080022a8   Section        0  lora_app.o(i.LoRa_Set)
    i.Motor_Ctrl                             0x08002444   Section        0  28byj_48.o(i.Motor_Ctrl)
    i.Motor_Init                             0x0800246c   Section        0  28byj_48.o(i.Motor_Init)
    i.Motor_corotation                       0x080024a4   Section        0  28byj_48.o(i.Motor_corotation)
    i.Motor_stop                             0x080024f0   Section        0  28byj_48.o(i.Motor_stop)
    i.NVIC_Init                              0x08002500   Section        0  misc.o(i.NVIC_Init)
    i.NVIC_PriorityGroupConfig               0x08002570   Section        0  misc.o(i.NVIC_PriorityGroupConfig)
    i.OLED_I2C_SendByte                      0x08002584   Section        0  oled.o(i.OLED_I2C_SendByte)
    i.OLED_I2C_Start                         0x080025d8   Section        0  oled.o(i.OLED_I2C_Start)
    i.OLED_I2C_Stop                          0x0800260c   Section        0  oled.o(i.OLED_I2C_Stop)
    i.OLED_SetCursor                         0x08002634   Section        0  oled.o(i.OLED_SetCursor)
    i.OLED_ShowChar                          0x08002658   Section        0  oled.o(i.OLED_ShowChar)
    i.OLED_ShowString                        0x080026cc   Section        0  oled.o(i.OLED_ShowString)
    i.OLED_WriteCommand                      0x080026f4   Section        0  oled.o(i.OLED_WriteCommand)
    i.OLED_WriteData                         0x08002714   Section        0  oled.o(i.OLED_WriteData)
    i.RCC_APB1PeriphClockCmd                 0x08002734   Section        0  stm32f10x_rcc.o(i.RCC_APB1PeriphClockCmd)
    i.RCC_APB1PeriphResetCmd                 0x08002754   Section        0  stm32f10x_rcc.o(i.RCC_APB1PeriphResetCmd)
    i.RCC_APB2PeriphClockCmd                 0x08002774   Section        0  stm32f10x_rcc.o(i.RCC_APB2PeriphClockCmd)
    i.RCC_APB2PeriphResetCmd                 0x08002794   Section        0  stm32f10x_rcc.o(i.RCC_APB2PeriphResetCmd)
    i.RCC_GetClocksFreq                      0x080027b4   Section        0  stm32f10x_rcc.o(i.RCC_GetClocksFreq)
    i.SetSysClock                            0x08002888   Section        0  system_stm32f10x.o(i.SetSysClock)
    SetSysClock                              0x08002889   Thumb Code     8  system_stm32f10x.o(i.SetSysClock)
    i.SetSysClockTo72                        0x08002890   Section        0  system_stm32f10x.o(i.SetSysClockTo72)
    SetSysClockTo72                          0x08002891   Thumb Code   214  system_stm32f10x.o(i.SetSysClockTo72)
    i.SysTick_CLKSourceConfig                0x08002970   Section        0  misc.o(i.SysTick_CLKSourceConfig)
    i.SystemInit                             0x08002998   Section        0  system_stm32f10x.o(i.SystemInit)
    i.TIM3_IRQHandler                        0x080029f8   Section        0  timer.o(i.TIM3_IRQHandler)
    i.TIM3_Int_Init                          0x08002a2c   Section        0  timer.o(i.TIM3_Int_Init)
    i.TIM_ClearITPendingBit                  0x08002a8c   Section        0  stm32f10x_tim.o(i.TIM_ClearITPendingBit)
    i.TIM_Cmd                                0x08002a92   Section        0  stm32f10x_tim.o(i.TIM_Cmd)
    i.TIM_GetITStatus                        0x08002aaa   Section        0  stm32f10x_tim.o(i.TIM_GetITStatus)
    i.TIM_ITConfig                           0x08002acc   Section        0  stm32f10x_tim.o(i.TIM_ITConfig)
    i.TIM_SetCounter                         0x08002ade   Section        0  stm32f10x_tim.o(i.TIM_SetCounter)
    i.TIM_TimeBaseInit                       0x08002ae4   Section        0  stm32f10x_tim.o(i.TIM_TimeBaseInit)
    i.USART1_IRQHandler                      0x08002b88   Section        0  usart1.o(i.USART1_IRQHandler)
    i.USART3_IRQHandler                      0x08002c34   Section        0  usart3.o(i.USART3_IRQHandler)
    i.USART_Cmd                              0x08002cd8   Section        0  stm32f10x_usart.o(i.USART_Cmd)
    i.USART_DeInit                           0x08002cf0   Section        0  stm32f10x_usart.o(i.USART_DeInit)
    i.USART_GetFlagStatus                    0x08002d8c   Section        0  stm32f10x_usart.o(i.USART_GetFlagStatus)
    i.USART_GetITStatus                      0x08002da6   Section        0  stm32f10x_usart.o(i.USART_GetITStatus)
    i.USART_ITConfig                         0x08002dfa   Section        0  stm32f10x_usart.o(i.USART_ITConfig)
    i.USART_Init                             0x08002e44   Section        0  stm32f10x_usart.o(i.USART_Init)
    i.USART_ReceiveData                      0x08002f1c   Section        0  stm32f10x_usart.o(i.USART_ReceiveData)
    i.USART_SendData                         0x08002f26   Section        0  stm32f10x_usart.o(i.USART_SendData)
    i.__ARM_fpclassify                       0x08002f2e   Section        0  fpclassify.o(i.__ARM_fpclassify)
    i._is_digit                              0x08002f56   Section        0  __printf_wp.o(i._is_digit)
    i._sys_exit                              0x08002f64   Section        0  usart1.o(i._sys_exit)
    i.delay_init                             0x08002f68   Section        0  delay.o(i.delay_init)
    i.delay_ms                               0x08002fac   Section        0  delay.o(i.delay_ms)
    i.fputc                                  0x08002ff8   Section        0  usart1.o(i.fputc)
    i.lora_check_cmd                         0x08003014   Section        0  lora_app.o(i.lora_check_cmd)
    i.lora_send_cmd                          0x08003048   Section        0  lora_app.o(i.lora_send_cmd)
    i.main                                   0x080030c8   Section        0  main.o(i.main)
    i.u3_printf                              0x0800314c   Section        0  usart3.o(i.u3_printf)
    i.uart_init                              0x0800319c   Section        0  usart1.o(i.uart_init)
    i.usart3_init                            0x0800323c   Section        0  usart3.o(i.usart3_init)
    i.usart3_rx                              0x08003304   Section        0  usart3.o(i.usart3_rx)
    i.usart3_set                             0x0800333c   Section        0  usart3.o(i.usart3_set)
    locale$$code                             0x08003400   Section       44  lc_numeric_c.o(locale$$code)
    locale$$code                             0x0800342c   Section       44  lc_ctype_c.o(locale$$code)
    x$fpl$printf1                            0x08003458   Section        4  printf1.o(x$fpl$printf1)
    x$fpl$printf2                            0x0800345c   Section        4  printf2.o(x$fpl$printf2)
    .constdata                               0x08003460   Section       40  main.o(.constdata)
    x$fpl$usenofp                            0x08003460   Section        0  usenofp.o(x$fpl$usenofp)
    .constdata                               0x08003488   Section     1520  oled.o(.constdata)
    .constdata                               0x08003a78   Section       40  _printf_hex_int_ll_ptr.o(.constdata)
    uc_hextab                                0x08003a78   Data          20  _printf_hex_int_ll_ptr.o(.constdata)
    lc_hextab                                0x08003a8c   Data          20  _printf_hex_int_ll_ptr.o(.constdata)
    .constdata                               0x08003aa0   Section       17  __printf_flags_ss_wp.o(.constdata)
    maptable                                 0x08003aa0   Data          17  __printf_flags_ss_wp.o(.constdata)
    .constdata                               0x08003ab4   Section        8  _printf_wctomb.o(.constdata)
    initial_mbstate                          0x08003ab4   Data           8  _printf_wctomb.o(.constdata)
    .constdata                               0x08003abc   Section       38  _printf_fp_hex.o(.constdata)
    lc_hextab                                0x08003abc   Data          19  _printf_fp_hex.o(.constdata)
    uc_hextab                                0x08003acf   Data          19  _printf_fp_hex.o(.constdata)
    .constdata                               0x08003ae4   Section      148  bigflt0.o(.constdata)
    tenpwrs_x                                0x08003ae4   Data          60  bigflt0.o(.constdata)
    tenpwrs_i                                0x08003b20   Data          64  bigflt0.o(.constdata)
    locale$$data                             0x08003b98   Section       28  lc_numeric_c.o(locale$$data)
    __lcnum_c_name                           0x08003b9c   Data           2  lc_numeric_c.o(locale$$data)
    __lcnum_c_start                          0x08003ba4   Data           0  lc_numeric_c.o(locale$$data)
    __lcnum_c_point                          0x08003bb0   Data           0  lc_numeric_c.o(locale$$data)
    __lcnum_c_thousands                      0x08003bb2   Data           0  lc_numeric_c.o(locale$$data)
    __lcnum_c_grouping                       0x08003bb3   Data           0  lc_numeric_c.o(locale$$data)
    locale$$data                             0x08003bb4   Section      272  lc_ctype_c.o(locale$$data)
    __lcnum_c_end                            0x08003bb4   Data           0  lc_numeric_c.o(locale$$data)
    __lcctype_c_name                         0x08003bb8   Data           2  lc_ctype_c.o(locale$$data)
    __lcctype_c_start                        0x08003bc0   Data           0  lc_ctype_c.o(locale$$data)
    __lcctype_c_end                          0x08003cc4   Data           0  lc_ctype_c.o(locale$$data)
    .data                                    0x20000000   Section        1  main.o(.data)
    .data                                    0x20000002   Section        4  delay.o(.data)
    fac_us                                   0x20000002   Data           1  delay.o(.data)
    fac_ms                                   0x20000004   Data           2  delay.o(.data)
    .data                                    0x20000008   Section       37  lora_app.o(.data)
    Int_mode                                 0x20000021   Data           1  lora_app.o(.data)
    .data                                    0x20000030   Section        6  usart1.o(.data)
    .data                                    0x20000038   Section        8  usart3.o(.data)
    bound                                    0x2000003c   Data           4  usart3.o(.data)
    .data                                    0x20000040   Section        8  28byj_48.o(.data)
    .data                                    0x20000048   Section       20  stm32f10x_rcc.o(.data)
    APBAHBPrescTable                         0x20000048   Data          16  stm32f10x_rcc.o(.data)
    ADCPrescTable                            0x20000058   Data           4  stm32f10x_rcc.o(.data)
    .data                                    0x2000005c   Section       20  system_stm32f10x.o(.data)
    .bss                                     0x20000070   Section       40  main.o(.bss)
    .bss                                     0x20000098   Section      250  lora_app.o(.bss)
    .bss                                     0x20000192   Section      200  usart1.o(.bss)
    .bss                                     0x2000025c   Section     1640  usart3.o(.bss)
    .bss                                     0x200008c4   Section       96  libspace.o(.bss)
    HEAP                                     0x20000928   Section      512  startup_stm32f10x_hd.o(HEAP)
    Heap_Mem                                 0x20000928   Data         512  startup_stm32f10x_hd.o(HEAP)
    STACK                                    0x20000b28   Section     1024  startup_stm32f10x_hd.o(STACK)
    Stack_Mem                                0x20000b28   Data        1024  startup_stm32f10x_hd.o(STACK)
    __initial_sp                             0x20000f28   Data           0  startup_stm32f10x_hd.o(STACK)

    Global Symbols

    Symbol Name                              Value     Ov Type        Size  Object(Section)

    BuildAttributes$$THM_ISAv4$P$D$K$B$S$PE$A:L22UL41UL21$X:L11$S22US41US21$IEEE1$IW$USESV6$~STKCKD$USESV7$~SHL$OTIME$ROPI$IEEEJ$EBA8$UX$STANDARDLIB$REQ8$PRES8$EABIv2 0x00000000   Number         0  anon$$obj.o ABSOLUTE
    __ARM_use_no_argv                        0x00000000   Number         0  main.o ABSOLUTE
    _printf_flags                            0x00000000   Number         0  printf_stubs.o ABSOLUTE
    _printf_return_value                     0x00000000   Number         0  printf_stubs.o ABSOLUTE
    _printf_sizespec                         0x00000000   Number         0  printf_stubs.o ABSOLUTE
    _printf_widthprec                        0x00000000   Number         0  printf_stubs.o ABSOLUTE
    __ARM_exceptions_init                     - Undefined Weak Reference
    __alloca_initialize                       - Undefined Weak Reference
    __arm_preinit_                            - Undefined Weak Reference
    __cpp_initialize__aeabi_                  - Undefined Weak Reference
    __cxa_finalize                            - Undefined Weak Reference
    __sigvec_lookup                           - Undefined Weak Reference
    _atexit_init                              - Undefined Weak Reference
    _call_atexit_fns                          - Undefined Weak Reference
    _clock_init                               - Undefined Weak Reference
    _fp_trap_init                             - Undefined Weak Reference
    _fp_trap_shutdown                         - Undefined Weak Reference
    _get_lc_collate                           - Undefined Weak Reference
    _get_lc_monetary                          - Undefined Weak Reference
    _get_lc_time                              - Undefined Weak Reference
    _getenv_init                              - Undefined Weak Reference
    _handle_redirection                       - Undefined Weak Reference
    _init_alloc                               - Undefined Weak Reference
    _init_user_alloc                          - Undefined Weak Reference
    _initio                                   - Undefined Weak Reference
    _mutex_acquire                            - Undefined Weak Reference
    _mutex_release                            - Undefined Weak Reference
    _printf_mbtowc                            - Undefined Weak Reference
    _printf_wc                                - Undefined Weak Reference
    _rand_init                                - Undefined Weak Reference
    _signal_finish                            - Undefined Weak Reference
    _signal_init                              - Undefined Weak Reference
    _terminate_alloc                          - Undefined Weak Reference
    _terminate_user_alloc                     - Undefined Weak Reference
    _terminateio                              - Undefined Weak Reference
    __Vectors_Size                           0x00000130   Number         0  startup_stm32f10x_hd.o ABSOLUTE
    __Vectors                                0x08000000   Data           4  startup_stm32f10x_hd.o(RESET)
    __Vectors_End                            0x08000130   Data           0  startup_stm32f10x_hd.o(RESET)
    __main                                   0x08000131   Thumb Code     8  __main.o(!!!main)
    __scatterload                            0x08000139   Thumb Code     0  __scatter.o(!!!scatter)
    __scatterload_rt2                        0x08000139   Thumb Code    44  __scatter.o(!!!scatter)
    __scatterload_rt2_thumb_only             0x08000139   Thumb Code     0  __scatter.o(!!!scatter)
    __scatterload_null                       0x08000147   Thumb Code     0  __scatter.o(!!!scatter)
    __scatterload_copy                       0x0800016d   Thumb Code    26  __scatter_copy.o(!!handler_copy)
    __scatterload_zeroinit                   0x08000189   Thumb Code    28  __scatter_zi.o(!!handler_zi)
    _printf_n                                0x080001a5   Thumb Code     0  _printf_n.o(.ARM.Collect$$_printf_percent$$00000001)
    _printf_percent                          0x080001a5   Thumb Code     0  _printf_percent.o(.ARM.Collect$$_printf_percent$$00000000)
    _printf_p                                0x080001ab   Thumb Code     0  _printf_p.o(.ARM.Collect$$_printf_percent$$00000002)
    _printf_f                                0x080001b1   Thumb Code     0  _printf_f.o(.ARM.Collect$$_printf_percent$$00000003)
    _printf_e                                0x080001b7   Thumb Code     0  _printf_e.o(.ARM.Collect$$_printf_percent$$00000004)
    _printf_g                                0x080001bd   Thumb Code     0  _printf_g.o(.ARM.Collect$$_printf_percent$$00000005)
    _printf_a                                0x080001c3   Thumb Code     0  _printf_a.o(.ARM.Collect$$_printf_percent$$00000006)
    _printf_ll                               0x080001c9   Thumb Code     0  _printf_ll.o(.ARM.Collect$$_printf_percent$$00000007)
    _printf_i                                0x080001d3   Thumb Code     0  _printf_i.o(.ARM.Collect$$_printf_percent$$00000008)
    _printf_d                                0x080001d9   Thumb Code     0  _printf_d.o(.ARM.Collect$$_printf_percent$$00000009)
    _printf_u                                0x080001df   Thumb Code     0  _printf_u.o(.ARM.Collect$$_printf_percent$$0000000A)
    _printf_o                                0x080001e5   Thumb Code     0  _printf_o.o(.ARM.Collect$$_printf_percent$$0000000B)
    _printf_x                                0x080001eb   Thumb Code     0  _printf_x.o(.ARM.Collect$$_printf_percent$$0000000C)
    _printf_lli                              0x080001f1   Thumb Code     0  _printf_lli.o(.ARM.Collect$$_printf_percent$$0000000D)
    _printf_lld                              0x080001f7   Thumb Code     0  _printf_lld.o(.ARM.Collect$$_printf_percent$$0000000E)
    _printf_llu                              0x080001fd   Thumb Code     0  _printf_llu.o(.ARM.Collect$$_printf_percent$$0000000F)
    _printf_llo                              0x08000203   Thumb Code     0  _printf_llo.o(.ARM.Collect$$_printf_percent$$00000010)
    _printf_llx                              0x08000209   Thumb Code     0  _printf_llx.o(.ARM.Collect$$_printf_percent$$00000011)
    _printf_l                                0x0800020f   Thumb Code     0  _printf_l.o(.ARM.Collect$$_printf_percent$$00000012)
    _printf_c                                0x08000219   Thumb Code     0  _printf_c.o(.ARM.Collect$$_printf_percent$$00000013)
    _printf_s                                0x0800021f   Thumb Code     0  _printf_s.o(.ARM.Collect$$_printf_percent$$00000014)
    _printf_lc                               0x08000225   Thumb Code     0  _printf_lc.o(.ARM.Collect$$_printf_percent$$00000015)
    _printf_ls                               0x0800022b   Thumb Code     0  _printf_ls.o(.ARM.Collect$$_printf_percent$$00000016)
    _printf_percent_end                      0x08000231   Thumb Code     0  _printf_percent_end.o(.ARM.Collect$$_printf_percent$$00000017)
    __rt_lib_init                            0x08000235   Thumb Code     0  libinit.o(.ARM.Collect$$libinit$$00000000)
    __rt_lib_init_fp_1                       0x08000237   Thumb Code     0  libinit2.o(.ARM.Collect$$libinit$$00000002)
    __rt_lib_init_heap_1                     0x08000237   Thumb Code     0  libinit2.o(.ARM.Collect$$libinit$$0000000A)
    __rt_lib_init_lc_common                  0x08000237   Thumb Code     0  libinit2.o(.ARM.Collect$$libinit$$0000000F)
    __rt_lib_init_preinit_1                  0x08000237   Thumb Code     0  libinit2.o(.ARM.Collect$$libinit$$00000004)
    __rt_lib_init_rand_1                     0x08000237   Thumb Code     0  libinit2.o(.ARM.Collect$$libinit$$0000000E)
    __rt_lib_init_user_alloc_1               0x08000237   Thumb Code     0  libinit2.o(.ARM.Collect$$libinit$$0000000C)
    __rt_lib_init_lc_collate_1               0x0800023d   Thumb Code     0  libinit2.o(.ARM.Collect$$libinit$$00000011)
    __rt_lib_init_lc_ctype_2                 0x0800023d   Thumb Code     0  libinit2.o(.ARM.Collect$$libinit$$00000012)
    __rt_lib_init_lc_ctype_1                 0x08000249   Thumb Code     0  libinit2.o(.ARM.Collect$$libinit$$00000013)
    __rt_lib_init_lc_monetary_1              0x08000249   Thumb Code     0  libinit2.o(.ARM.Collect$$libinit$$00000015)
    __rt_lib_init_lc_numeric_2               0x08000249   Thumb Code     0  libinit2.o(.ARM.Collect$$libinit$$00000016)
    __rt_lib_init_alloca_1                   0x08000253   Thumb Code     0  libinit2.o(.ARM.Collect$$libinit$$0000002E)
    __rt_lib_init_argv_1                     0x08000253   Thumb Code     0  libinit2.o(.ARM.Collect$$libinit$$0000002C)
    __rt_lib_init_atexit_1                   0x08000253   Thumb Code     0  libinit2.o(.ARM.Collect$$libinit$$0000001B)
    __rt_lib_init_clock_1                    0x08000253   Thumb Code     0  libinit2.o(.ARM.Collect$$libinit$$00000021)
    __rt_lib_init_cpp_1                      0x08000253   Thumb Code     0  libinit2.o(.ARM.Collect$$libinit$$00000032)
    __rt_lib_init_exceptions_1               0x08000253   Thumb Code     0  libinit2.o(.ARM.Collect$$libinit$$00000030)
    __rt_lib_init_fp_trap_1                  0x08000253   Thumb Code     0  libinit2.o(.ARM.Collect$$libinit$$0000001F)
    __rt_lib_init_getenv_1                   0x08000253   Thumb Code     0  libinit2.o(.ARM.Collect$$libinit$$00000023)
    __rt_lib_init_lc_numeric_1               0x08000253   Thumb Code     0  libinit2.o(.ARM.Collect$$libinit$$00000017)
    __rt_lib_init_lc_time_1                  0x08000253   Thumb Code     0  libinit2.o(.ARM.Collect$$libinit$$00000019)
    __rt_lib_init_return                     0x08000253   Thumb Code     0  libinit2.o(.ARM.Collect$$libinit$$00000033)
    __rt_lib_init_signal_1                   0x08000253   Thumb Code     0  libinit2.o(.ARM.Collect$$libinit$$0000001D)
    __rt_lib_init_stdio_1                    0x08000253   Thumb Code     0  libinit2.o(.ARM.Collect$$libinit$$00000025)
    __rt_lib_shutdown                        0x08000255   Thumb Code     0  libshutdown.o(.ARM.Collect$$libshutdown$$00000000)
    __rt_lib_shutdown_cpp_1                  0x08000257   Thumb Code     0  libshutdown2.o(.ARM.Collect$$libshutdown$$00000002)
    __rt_lib_shutdown_fp_trap_1              0x08000257   Thumb Code     0  libshutdown2.o(.ARM.Collect$$libshutdown$$00000007)
    __rt_lib_shutdown_heap_1                 0x08000257   Thumb Code     0  libshutdown2.o(.ARM.Collect$$libshutdown$$0000000F)
    __rt_lib_shutdown_return                 0x08000257   Thumb Code     0  libshutdown2.o(.ARM.Collect$$libshutdown$$00000010)
    __rt_lib_shutdown_signal_1               0x08000257   Thumb Code     0  libshutdown2.o(.ARM.Collect$$libshutdown$$0000000A)
    __rt_lib_shutdown_stdio_1                0x08000257   Thumb Code     0  libshutdown2.o(.ARM.Collect$$libshutdown$$00000004)
    __rt_lib_shutdown_user_alloc_1           0x08000257   Thumb Code     0  libshutdown2.o(.ARM.Collect$$libshutdown$$0000000C)
    __rt_entry                               0x08000259   Thumb Code     0  __rtentry.o(.ARM.Collect$$rtentry$$00000000)
    __rt_entry_presh_1                       0x08000259   Thumb Code     0  __rtentry2.o(.ARM.Collect$$rtentry$$00000002)
    __rt_entry_sh                            0x08000259   Thumb Code     0  __rtentry4.o(.ARM.Collect$$rtentry$$00000004)
    __rt_entry_li                            0x0800025f   Thumb Code     0  __rtentry2.o(.ARM.Collect$$rtentry$$0000000A)
    __rt_entry_postsh_1                      0x0800025f   Thumb Code     0  __rtentry2.o(.ARM.Collect$$rtentry$$00000009)
    __rt_entry_main                          0x08000263   Thumb Code     0  __rtentry2.o(.ARM.Collect$$rtentry$$0000000D)
    __rt_entry_postli_1                      0x08000263   Thumb Code     0  __rtentry2.o(.ARM.Collect$$rtentry$$0000000C)
    __rt_exit                                0x0800026b   Thumb Code     0  rtexit.o(.ARM.Collect$$rtexit$$00000000)
    __rt_exit_ls                             0x0800026d   Thumb Code     0  rtexit2.o(.ARM.Collect$$rtexit$$00000003)
    __rt_exit_prels_1                        0x0800026d   Thumb Code     0  rtexit2.o(.ARM.Collect$$rtexit$$00000002)
    __rt_exit_exit                           0x08000271   Thumb Code     0  rtexit2.o(.ARM.Collect$$rtexit$$00000004)
    Reset_Handler                            0x08000279   Thumb Code     8  startup_stm32f10x_hd.o(.text)
    NMI_Handler                              0x08000281   Thumb Code     2  startup_stm32f10x_hd.o(.text)
    HardFault_Handler                        0x08000283   Thumb Code     2  startup_stm32f10x_hd.o(.text)
    MemManage_Handler                        0x08000285   Thumb Code     2  startup_stm32f10x_hd.o(.text)
    BusFault_Handler                         0x08000287   Thumb Code     2  startup_stm32f10x_hd.o(.text)
    UsageFault_Handler                       0x08000289   Thumb Code     2  startup_stm32f10x_hd.o(.text)
    SVC_Handler                              0x0800028b   Thumb Code     2  startup_stm32f10x_hd.o(.text)
    DebugMon_Handler                         0x0800028d   Thumb Code     2  startup_stm32f10x_hd.o(.text)
    PendSV_Handler                           0x0800028f   Thumb Code     2  startup_stm32f10x_hd.o(.text)
    SysTick_Handler                          0x08000291   Thumb Code     2  startup_stm32f10x_hd.o(.text)
    ADC1_2_IRQHandler                        0x08000293   Thumb Code     0  startup_stm32f10x_hd.o(.text)
    ADC3_IRQHandler                          0x08000293   Thumb Code     0  startup_stm32f10x_hd.o(.text)
    CAN1_RX1_IRQHandler                      0x08000293   Thumb Code     0  startup_stm32f10x_hd.o(.text)
    CAN1_SCE_IRQHandler                      0x08000293   Thumb Code     0  startup_stm32f10x_hd.o(.text)
    DMA1_Channel1_IRQHandler                 0x08000293   Thumb Code     0  startup_stm32f10x_hd.o(.text)
    DMA1_Channel2_IRQHandler                 0x08000293   Thumb Code     0  startup_stm32f10x_hd.o(.text)
    DMA1_Channel3_IRQHandler                 0x08000293   Thumb Code     0  startup_stm32f10x_hd.o(.text)
    DMA1_Channel4_IRQHandler                 0x08000293   Thumb Code     0  startup_stm32f10x_hd.o(.text)
    DMA1_Channel5_IRQHandler                 0x08000293   Thumb Code     0  startup_stm32f10x_hd.o(.text)
    DMA1_Channel6_IRQHandler                 0x08000293   Thumb Code     0  startup_stm32f10x_hd.o(.text)
    DMA1_Channel7_IRQHandler                 0x08000293   Thumb Code     0  startup_stm32f10x_hd.o(.text)
    DMA2_Channel1_IRQHandler                 0x08000293   Thumb Code     0  startup_stm32f10x_hd.o(.text)
    DMA2_Channel2_IRQHandler                 0x08000293   Thumb Code     0  startup_stm32f10x_hd.o(.text)
    DMA2_Channel3_IRQHandler                 0x08000293   Thumb Code     0  startup_stm32f10x_hd.o(.text)
    DMA2_Channel4_5_IRQHandler               0x08000293   Thumb Code     0  startup_stm32f10x_hd.o(.text)
    EXTI0_IRQHandler                         0x08000293   Thumb Code     0  startup_stm32f10x_hd.o(.text)
    EXTI15_10_IRQHandler                     0x08000293   Thumb Code     0  startup_stm32f10x_hd.o(.text)
    EXTI1_IRQHandler                         0x08000293   Thumb Code     0  startup_stm32f10x_hd.o(.text)
    EXTI2_IRQHandler                         0x08000293   Thumb Code     0  startup_stm32f10x_hd.o(.text)
    EXTI3_IRQHandler                         0x08000293   Thumb Code     0  startup_stm32f10x_hd.o(.text)
    EXTI9_5_IRQHandler                       0x08000293   Thumb Code     0  startup_stm32f10x_hd.o(.text)
    FLASH_IRQHandler                         0x08000293   Thumb Code     0  startup_stm32f10x_hd.o(.text)
    FSMC_IRQHandler                          0x08000293   Thumb Code     0  startup_stm32f10x_hd.o(.text)
    I2C1_ER_IRQHandler                       0x08000293   Thumb Code     0  startup_stm32f10x_hd.o(.text)
    I2C1_EV_IRQHandler                       0x08000293   Thumb Code     0  startup_stm32f10x_hd.o(.text)
    I2C2_ER_IRQHandler                       0x08000293   Thumb Code     0  startup_stm32f10x_hd.o(.text)
    I2C2_EV_IRQHandler                       0x08000293   Thumb Code     0  startup_stm32f10x_hd.o(.text)
    PVD_IRQHandler                           0x08000293   Thumb Code     0  startup_stm32f10x_hd.o(.text)
    RCC_IRQHandler                           0x08000293   Thumb Code     0  startup_stm32f10x_hd.o(.text)
    RTCAlarm_IRQHandler                      0x08000293   Thumb Code     0  startup_stm32f10x_hd.o(.text)
    RTC_IRQHandler                           0x08000293   Thumb Code     0  startup_stm32f10x_hd.o(.text)
    SDIO_IRQHandler                          0x08000293   Thumb Code     0  startup_stm32f10x_hd.o(.text)
    SPI1_IRQHandler                          0x08000293   Thumb Code     0  startup_stm32f10x_hd.o(.text)
    SPI2_IRQHandler                          0x08000293   Thumb Code     0  startup_stm32f10x_hd.o(.text)
    SPI3_IRQHandler                          0x08000293   Thumb Code     0  startup_stm32f10x_hd.o(.text)
    TAMPER_IRQHandler                        0x08000293   Thumb Code     0  startup_stm32f10x_hd.o(.text)
    TIM1_BRK_IRQHandler                      0x08000293   Thumb Code     0  startup_stm32f10x_hd.o(.text)
    TIM1_CC_IRQHandler                       0x08000293   Thumb Code     0  startup_stm32f10x_hd.o(.text)
    TIM1_TRG_COM_IRQHandler                  0x08000293   Thumb Code     0  startup_stm32f10x_hd.o(.text)
    TIM1_UP_IRQHandler                       0x08000293   Thumb Code     0  startup_stm32f10x_hd.o(.text)
    TIM2_IRQHandler                          0x08000293   Thumb Code     0  startup_stm32f10x_hd.o(.text)
    TIM4_IRQHandler                          0x08000293   Thumb Code     0  startup_stm32f10x_hd.o(.text)
    TIM5_IRQHandler                          0x08000293   Thumb Code     0  startup_stm32f10x_hd.o(.text)
    TIM6_IRQHandler                          0x08000293   Thumb Code     0  startup_stm32f10x_hd.o(.text)
    TIM7_IRQHandler                          0x08000293   Thumb Code     0  startup_stm32f10x_hd.o(.text)
    TIM8_BRK_IRQHandler                      0x08000293   Thumb Code     0  startup_stm32f10x_hd.o(.text)
    TIM8_CC_IRQHandler                       0x08000293   Thumb Code     0  startup_stm32f10x_hd.o(.text)
    TIM8_TRG_COM_IRQHandler                  0x08000293   Thumb Code     0  startup_stm32f10x_hd.o(.text)
    TIM8_UP_IRQHandler                       0x08000293   Thumb Code     0  startup_stm32f10x_hd.o(.text)
    UART4_IRQHandler                         0x08000293   Thumb Code     0  startup_stm32f10x_hd.o(.text)
    UART5_IRQHandler                         0x08000293   Thumb Code     0  startup_stm32f10x_hd.o(.text)
    USART2_IRQHandler                        0x08000293   Thumb Code     0  startup_stm32f10x_hd.o(.text)
    USBWakeUp_IRQHandler                     0x08000293   Thumb Code     0  startup_stm32f10x_hd.o(.text)
    USB_HP_CAN1_TX_IRQHandler                0x08000293   Thumb Code     0  startup_stm32f10x_hd.o(.text)
    USB_LP_CAN1_RX0_IRQHandler               0x08000293   Thumb Code     0  startup_stm32f10x_hd.o(.text)
    WWDG_IRQHandler                          0x08000293   Thumb Code     0  startup_stm32f10x_hd.o(.text)
    __user_initial_stackheap                 0x08000295   Thumb Code     0  startup_stm32f10x_hd.o(.text)
    __use_no_semihosting                     0x080002b9   Thumb Code     2  use_no_semi_2.o(.text)
    vsprintf                                 0x080002bd   Thumb Code    32  vsprintf.o(.text)
    __2printf                                0x080002e1   Thumb Code    20  __2printf.o(.text)
    __2sprintf                               0x080002f9   Thumb Code    38  __2sprintf.o(.text)
    _printf_pre_padding                      0x08000325   Thumb Code    44  _printf_pad.o(.text)
    _printf_post_padding                     0x08000351   Thumb Code    34  _printf_pad.o(.text)
    _printf_str                              0x08000373   Thumb Code    82  _printf_str.o(.text)
    _printf_int_dec                          0x080003c5   Thumb Code   104  _printf_dec.o(.text)
    _printf_longlong_hex                     0x0800043d   Thumb Code    86  _printf_hex_int_ll_ptr.o(.text)
    _printf_int_hex                          0x08000493   Thumb Code    28  _printf_hex_int_ll_ptr.o(.text)
    _printf_ll_hex                           0x080004af   Thumb Code    12  _printf_hex_int_ll_ptr.o(.text)
    _printf_hex_ptr                          0x080004bb   Thumb Code    18  _printf_hex_int_ll_ptr.o(.text)
    __printf                                 0x080004d1   Thumb Code   388  __printf_flags_ss_wp.o(.text)
    strstr                                   0x08000659   Thumb Code    36  strstr.o(.text)
    strlen                                   0x0800067d   Thumb Code    62  strlen.o(.text)
    __aeabi_memcpy4                          0x080006bb   Thumb Code     0  rt_memcpy_w.o(.text)
    __aeabi_memcpy8                          0x080006bb   Thumb Code     0  rt_memcpy_w.o(.text)
    __rt_memcpy_w                            0x080006bb   Thumb Code   100  rt_memcpy_w.o(.text)
    _memcpy_lastbytes_aligned                0x08000703   Thumb Code     0  rt_memcpy_w.o(.text)
    __use_two_region_memory                  0x0800071f   Thumb Code     2  heapauxi.o(.text)
    __rt_heap_escrow$2region                 0x08000721   Thumb Code     2  heapauxi.o(.text)
    __rt_heap_expand$2region                 0x08000723   Thumb Code     2  heapauxi.o(.text)
    __I$use$semihosting                      0x08000725   Thumb Code     0  use_no_semi.o(.text)
    __use_no_semihosting_swi                 0x08000725   Thumb Code     2  use_no_semi.o(.text)
    _printf_truncate_signed                  0x08000727   Thumb Code    18  _printf_truncate.o(.text)
    _printf_truncate_unsigned                0x08000739   Thumb Code    18  _printf_truncate.o(.text)
    _printf_int_common                       0x0800074b   Thumb Code   178  _printf_intcommon.o(.text)
    _printf_charcount                        0x080007fd   Thumb Code    40  _printf_charcount.o(.text)
    _printf_char_common                      0x0800082f   Thumb Code    32  _printf_char_common.o(.text)
    _sputc                                   0x08000855   Thumb Code    10  _sputc.o(.text)
    _printf_cs_common                        0x0800085f   Thumb Code    20  _printf_char.o(.text)
    _printf_char                             0x08000873   Thumb Code    16  _printf_char.o(.text)
    _printf_string                           0x08000883   Thumb Code     8  _printf_char.o(.text)
    _printf_char_file                        0x0800088d   Thumb Code    32  _printf_char_file.o(.text)
    _printf_wctomb                           0x080008b1   Thumb Code   182  _printf_wctomb.o(.text)
    _printf_longlong_dec                     0x0800096d   Thumb Code   108  _printf_longlong_dec.o(.text)
    _printf_longlong_oct                     0x080009e9   Thumb Code    66  _printf_oct_int_ll.o(.text)
    _printf_int_oct                          0x08000a2b   Thumb Code    24  _printf_oct_int_ll.o(.text)
    _printf_ll_oct                           0x08000a43   Thumb Code    12  _printf_oct_int_ll.o(.text)
    _ll_udiv10                               0x08000a59   Thumb Code   138  lludiv10.o(.text)
    __lib_sel_fp_printf                      0x08000ae3   Thumb Code     2  _printf_fp_dec.o(.text)
    _printf_fp_dec_real                      0x08000c95   Thumb Code   620  _printf_fp_dec.o(.text)
    _printf_fp_hex_real                      0x08000f01   Thumb Code   756  _printf_fp_hex.o(.text)
    _printf_lcs_common                       0x080011fd   Thumb Code    20  _printf_wchar.o(.text)
    _printf_wchar                            0x08001211   Thumb Code    16  _printf_wchar.o(.text)
    _printf_wstring                          0x08001221   Thumb Code     8  _printf_wchar.o(.text)
    ferror                                   0x08001229   Thumb Code     8  ferror.o(.text)
    _wcrtomb                                 0x08001231   Thumb Code    64  _wcrtomb.o(.text)
    __user_setup_stackheap                   0x08001271   Thumb Code    74  sys_stackheap_outer.o(.text)
    __rt_ctype_table                         0x080012bd   Thumb Code    16  rt_ctype_table.o(.text)
    __rt_locale                              0x080012cd   Thumb Code     8  rt_locale_intlibspace.o(.text)
    _printf_fp_infnan                        0x080012d5   Thumb Code   112  _printf_fp_infnan.o(.text)
    _btod_etento                             0x08001355   Thumb Code   224  bigflt0.o(.text)
    exit                                     0x08001439   Thumb Code    18  exit.o(.text)
    __user_libspace                          0x0800144d   Thumb Code     8  libspace.o(.text)
    __user_perproc_libspace                  0x0800144d   Thumb Code     0  libspace.o(.text)
    __user_perthread_libspace                0x0800144d   Thumb Code     0  libspace.o(.text)
    strcmp                                   0x08001455   Thumb Code   128  strcmpv7m.o(.text)
    _btod_d2e                                0x080014d5   Thumb Code    62  btod.o(CL$$btod_d2e)
    _d2e_denorm_low                          0x08001513   Thumb Code    70  btod.o(CL$$btod_d2e_denorm_low)
    _d2e_norm_op1                            0x08001559   Thumb Code    96  btod.o(CL$$btod_d2e_norm_op1)
    __btod_div_common                        0x080015b9   Thumb Code   696  btod.o(CL$$btod_div_common)
    _e2e                                     0x080018f1   Thumb Code   220  btod.o(CL$$btod_e2e)
    _btod_ediv                               0x080019cd   Thumb Code    42  btod.o(CL$$btod_ediv)
    _btod_emul                               0x080019f7   Thumb Code    42  btod.o(CL$$btod_emul)
    __btod_mult_common                       0x08001a21   Thumb Code   580  btod.o(CL$$btod_mult_common)
    Aux_Int                                  0x08001c65   Thumb Code    68  lora_app.o(i.Aux_Int)
    EXTI4_IRQHandler                         0x08001cb5   Thumb Code   106  lora_app.o(i.EXTI4_IRQHandler)
    EXTI_ClearITPendingBit                   0x08001d2d   Thumb Code     6  stm32f10x_exti.o(i.EXTI_ClearITPendingBit)
    EXTI_GetITStatus                         0x08001d39   Thumb Code    34  stm32f10x_exti.o(i.EXTI_GetITStatus)
    EXTI_Init                                0x08001d61   Thumb Code   142  stm32f10x_exti.o(i.EXTI_Init)
    GPIO_EXTILineConfig                      0x08001df5   Thumb Code    60  stm32f10x_gpio.o(i.GPIO_EXTILineConfig)
    GPIO_Init                                0x08001e35   Thumb Code   278  stm32f10x_gpio.o(i.GPIO_Init)
    GPIO_PinRemapConfig                      0x08001f4d   Thumb Code   138  stm32f10x_gpio.o(i.GPIO_PinRemapConfig)
    GPIO_ResetBits                           0x08001fdd   Thumb Code     4  stm32f10x_gpio.o(i.GPIO_ResetBits)
    GPIO_Write                               0x08001fe1   Thumb Code     4  stm32f10x_gpio.o(i.GPIO_Write)
    GPIO_WriteBit                            0x08001fe5   Thumb Code    10  stm32f10x_gpio.o(i.GPIO_WriteBit)
    LoRa_Configure                           0x08001ff1   Thumb Code   234  lora_app.o(i.LoRa_Configure)
    LoRa_Init                                0x08002105   Thumb Code   104  lora_app.o(i.LoRa_Init)
    LoRa_SendData                            0x08002189   Thumb Code   208  lora_app.o(i.LoRa_SendData)
    LoRa_Set                                 0x080022a9   Thumb Code   270  lora_app.o(i.LoRa_Set)
    Motor_Ctrl                               0x08002445   Thumb Code    40  28byj_48.o(i.Motor_Ctrl)
    Motor_Init                               0x0800246d   Thumb Code    50  28byj_48.o(i.Motor_Init)
    Motor_corotation                         0x080024a5   Thumb Code    68  28byj_48.o(i.Motor_corotation)
    Motor_stop                               0x080024f1   Thumb Code    12  28byj_48.o(i.Motor_stop)
    NVIC_Init                                0x08002501   Thumb Code   100  misc.o(i.NVIC_Init)
    NVIC_PriorityGroupConfig                 0x08002571   Thumb Code    10  misc.o(i.NVIC_PriorityGroupConfig)
    OLED_I2C_SendByte                        0x08002585   Thumb Code    80  oled.o(i.OLED_I2C_SendByte)
    OLED_I2C_Start                           0x080025d9   Thumb Code    48  oled.o(i.OLED_I2C_Start)
    OLED_I2C_Stop                            0x0800260d   Thumb Code    36  oled.o(i.OLED_I2C_Stop)
    OLED_SetCursor                           0x08002635   Thumb Code    34  oled.o(i.OLED_SetCursor)
    OLED_ShowChar                            0x08002659   Thumb Code   110  oled.o(i.OLED_ShowChar)
    OLED_ShowString                          0x080026cd   Thumb Code    40  oled.o(i.OLED_ShowString)
    OLED_WriteCommand                        0x080026f5   Thumb Code    32  oled.o(i.OLED_WriteCommand)
    OLED_WriteData                           0x08002715   Thumb Code    32  oled.o(i.OLED_WriteData)
    RCC_APB1PeriphClockCmd                   0x08002735   Thumb Code    26  stm32f10x_rcc.o(i.RCC_APB1PeriphClockCmd)
    RCC_APB1PeriphResetCmd                   0x08002755   Thumb Code    26  stm32f10x_rcc.o(i.RCC_APB1PeriphResetCmd)
    RCC_APB2PeriphClockCmd                   0x08002775   Thumb Code    26  stm32f10x_rcc.o(i.RCC_APB2PeriphClockCmd)
    RCC_APB2PeriphResetCmd                   0x08002795   Thumb Code    26  stm32f10x_rcc.o(i.RCC_APB2PeriphResetCmd)
    RCC_GetClocksFreq                        0x080027b5   Thumb Code   192  stm32f10x_rcc.o(i.RCC_GetClocksFreq)
    SysTick_CLKSourceConfig                  0x08002971   Thumb Code    40  misc.o(i.SysTick_CLKSourceConfig)
    SystemInit                               0x08002999   Thumb Code    78  system_stm32f10x.o(i.SystemInit)
    TIM3_IRQHandler                          0x080029f9   Thumb Code    42  timer.o(i.TIM3_IRQHandler)
    TIM3_Int_Init                            0x08002a2d   Thumb Code    90  timer.o(i.TIM3_Int_Init)
    TIM_ClearITPendingBit                    0x08002a8d   Thumb Code     6  stm32f10x_tim.o(i.TIM_ClearITPendingBit)
    TIM_Cmd                                  0x08002a93   Thumb Code    24  stm32f10x_tim.o(i.TIM_Cmd)
    TIM_GetITStatus                          0x08002aab   Thumb Code    34  stm32f10x_tim.o(i.TIM_GetITStatus)
    TIM_ITConfig                             0x08002acd   Thumb Code    18  stm32f10x_tim.o(i.TIM_ITConfig)
    TIM_SetCounter                           0x08002adf   Thumb Code     4  stm32f10x_tim.o(i.TIM_SetCounter)
    TIM_TimeBaseInit                         0x08002ae5   Thumb Code   122  stm32f10x_tim.o(i.TIM_TimeBaseInit)
    USART1_IRQHandler                        0x08002b89   Thumb Code   152  usart1.o(i.USART1_IRQHandler)
    USART3_IRQHandler                        0x08002c35   Thumb Code   138  usart3.o(i.USART3_IRQHandler)
    USART_Cmd                                0x08002cd9   Thumb Code    24  stm32f10x_usart.o(i.USART_Cmd)
    USART_DeInit                             0x08002cf1   Thumb Code   134  stm32f10x_usart.o(i.USART_DeInit)
    USART_GetFlagStatus                      0x08002d8d   Thumb Code    26  stm32f10x_usart.o(i.USART_GetFlagStatus)
    USART_GetITStatus                        0x08002da7   Thumb Code    84  stm32f10x_usart.o(i.USART_GetITStatus)
    USART_ITConfig                           0x08002dfb   Thumb Code    74  stm32f10x_usart.o(i.USART_ITConfig)
    USART_Init                               0x08002e45   Thumb Code   210  stm32f10x_usart.o(i.USART_Init)
    USART_ReceiveData                        0x08002f1d   Thumb Code    10  stm32f10x_usart.o(i.USART_ReceiveData)
    USART_SendData                           0x08002f27   Thumb Code     8  stm32f10x_usart.o(i.USART_SendData)
    __ARM_fpclassify                         0x08002f2f   Thumb Code    40  fpclassify.o(i.__ARM_fpclassify)
    _is_digit                                0x08002f57   Thumb Code    14  __printf_wp.o(i._is_digit)
    _sys_exit                                0x08002f65   Thumb Code     4  usart1.o(i._sys_exit)
    delay_init                               0x08002f69   Thumb Code    50  delay.o(i.delay_init)
    delay_ms                                 0x08002fad   Thumb Code    72  delay.o(i.delay_ms)
    fputc                                    0x08002ff9   Thumb Code    24  usart1.o(i.fputc)
    lora_check_cmd                           0x08003015   Thumb Code    44  lora_app.o(i.lora_check_cmd)
    lora_send_cmd                            0x08003049   Thumb Code   110  lora_app.o(i.lora_send_cmd)
    main                                     0x080030c9   Thumb Code   116  main.o(i.main)
    u3_printf                                0x0800314d   Thumb Code    72  usart3.o(i.u3_printf)
    uart_init                                0x0800319d   Thumb Code   152  usart1.o(i.uart_init)
    usart3_init                              0x0800323d   Thumb Code   178  usart3.o(i.usart3_init)
    usart3_rx                                0x08003305   Thumb Code    46  usart3.o(i.usart3_rx)
    usart3_set                               0x0800333d   Thumb Code   182  usart3.o(i.usart3_set)
    _get_lc_numeric                          0x08003401   Thumb Code    44  lc_numeric_c.o(locale$$code)
    _get_lc_ctype                            0x0800342d   Thumb Code    44  lc_ctype_c.o(locale$$code)
    _printf_fp_dec                           0x08003459   Thumb Code     4  printf1.o(x$fpl$printf1)
    _printf_fp_hex                           0x0800345d   Thumb Code     4  printf2.o(x$fpl$printf2)
    __I$use$fp                               0x08003460   Number         0  usenofp.o(x$fpl$usenofp)
    OLED_F8x16                               0x08003488   Data        1520  oled.o(.constdata)
    Region$$Table$$Base                      0x08003b78   Number         0  anon$$obj.o(Region$$Table)
    Region$$Table$$Limit                     0x08003b98   Number         0  anon$$obj.o(Region$$Table)
    __ctype                                  0x08003bc1   Data           0  lc_ctype_c.o(locale$$data)
    len_usart1                               0x20000000   Data           1  main.o(.data)
    LoRa_CFG                                 0x20000008   Data          10  lora_app.o(.data)
    EXTI_InitStructure                       0x20000014   Data           8  lora_app.o(.data)
    NVIC_InitStructure                       0x2000001c   Data           4  lora_app.o(.data)
    Lora_mode                                0x20000020   Data           1  lora_app.o(.data)
    Dire_Date                                0x20000022   Data           5  lora_app.o(.data)
    obj_addr                                 0x20000028   Data           4  lora_app.o(.data)
    obj_chn                                  0x2000002c   Data           1  lora_app.o(.data)
    __stdout                                 0x20000030   Data           4  usart1.o(.data)
    USART_RX_STA                             0x20000034   Data           2  usart1.o(.data)
    USART3_RX_STA                            0x20000038   Data           2  usart3.o(.data)
    len123                                   0x2000003a   Data           2  usart3.o(.data)
    zheng                                    0x20000040   Data           8  28byj_48.o(.data)
    SystemCoreClock                          0x2000005c   Data           4  system_stm32f10x.o(.data)
    AHBPrescTable                            0x20000060   Data          16  system_stm32f10x.o(.data)
    str123                                   0x20000070   Data          40  main.o(.bss)
    date                                     0x20000098   Data          30  lora_app.o(.bss)
    Tran_Data                                0x200000b6   Data         200  lora_app.o(.bss)
    wlcd_buff                                0x2000017e   Data          10  lora_app.o(.bss)
    rlcd_buff                                0x20000188   Data          10  lora_app.o(.bss)
    USART_RX_BUF                             0x20000192   Data         200  usart1.o(.bss)
    USART3_RX_BUF                            0x2000025c   Data        1024  usart3.o(.bss)
    USART3_TX_BUF                            0x2000065c   Data         600  usart3.o(.bss)
    USART_InitStructure                      0x200008b4   Data          16  usart3.o(.bss)
    __libspace_start                         0x200008c4   Data          96  libspace.o(.bss)
    __temporary_stack_top$libspace           0x20000924   Data           0  libspace.o(.bss)



==============================================================================

Memory Map of the image

  Image Entry point : 0x08000131

  Load Region LR_IROM1 (Base: 0x08000000, Size: 0x00003d34, Max: 0x00080000, ABSOLUTE)

    Execution Region ER_IROM1 (Exec base: 0x08000000, Load base: 0x08000000, Size: 0x00003cc4, Max: 0x00080000, ABSOLUTE)

    Exec Addr    Load Addr    Size         Type   Attr      Idx    E Section Name        Object

    0x08000000   0x08000000   0x00000130   Data   RO         1814    RESET               startup_stm32f10x_hd.o
    0x08000130   0x08000130   0x00000008   Code   RO         1942  * !!!main             c_w.l(__main.o)
    0x08000138   0x08000138   0x00000034   Code   RO         2216    !!!scatter          c_w.l(__scatter.o)
    0x0800016c   0x0800016c   0x0000001a   Code   RO         2218    !!handler_copy      c_w.l(__scatter_copy.o)
    0x08000186   0x08000186   0x00000002   PAD
    0x08000188   0x08000188   0x0000001c   Code   RO         2220    !!handler_zi        c_w.l(__scatter_zi.o)
    0x080001a4   0x080001a4   0x00000000   Code   RO         1931    .ARM.Collect$$_printf_percent$$00000000  c_w.l(_printf_percent.o)
    0x080001a4   0x080001a4   0x00000006   Code   RO         1973    .ARM.Collect$$_printf_percent$$00000001  c_w.l(_printf_n.o)
    0x080001aa   0x080001aa   0x00000006   Code   RO         1974    .ARM.Collect$$_printf_percent$$00000002  c_w.l(_printf_p.o)
    0x080001b0   0x080001b0   0x00000006   Code   RO         1978    .ARM.Collect$$_printf_percent$$00000003  c_w.l(_printf_f.o)
    0x080001b6   0x080001b6   0x00000006   Code   RO         1979    .ARM.Collect$$_printf_percent$$00000004  c_w.l(_printf_e.o)
    0x080001bc   0x080001bc   0x00000006   Code   RO         1980    .ARM.Collect$$_printf_percent$$00000005  c_w.l(_printf_g.o)
    0x080001c2   0x080001c2   0x00000006   Code   RO         1981    .ARM.Collect$$_printf_percent$$00000006  c_w.l(_printf_a.o)
    0x080001c8   0x080001c8   0x0000000a   Code   RO         1986    .ARM.Collect$$_printf_percent$$00000007  c_w.l(_printf_ll.o)
    0x080001d2   0x080001d2   0x00000006   Code   RO         1976    .ARM.Collect$$_printf_percent$$00000008  c_w.l(_printf_i.o)
    0x080001d8   0x080001d8   0x00000006   Code   RO         1930    .ARM.Collect$$_printf_percent$$00000009  c_w.l(_printf_d.o)
    0x080001de   0x080001de   0x00000006   Code   RO         1977    .ARM.Collect$$_printf_percent$$0000000A  c_w.l(_printf_u.o)
    0x080001e4   0x080001e4   0x00000006   Code   RO         1975    .ARM.Collect$$_printf_percent$$0000000B  c_w.l(_printf_o.o)
    0x080001ea   0x080001ea   0x00000006   Code   RO         1929    .ARM.Collect$$_printf_percent$$0000000C  c_w.l(_printf_x.o)
    0x080001f0   0x080001f0   0x00000006   Code   RO         1983    .ARM.Collect$$_printf_percent$$0000000D  c_w.l(_printf_lli.o)
    0x080001f6   0x080001f6   0x00000006   Code   RO         1984    .ARM.Collect$$_printf_percent$$0000000E  c_w.l(_printf_lld.o)
    0x080001fc   0x080001fc   0x00000006   Code   RO         1985    .ARM.Collect$$_printf_percent$$0000000F  c_w.l(_printf_llu.o)
    0x08000202   0x08000202   0x00000006   Code   RO         1990    .ARM.Collect$$_printf_percent$$00000010  c_w.l(_printf_llo.o)
    0x08000208   0x08000208   0x00000006   Code   RO         1991    .ARM.Collect$$_printf_percent$$00000011  c_w.l(_printf_llx.o)
    0x0800020e   0x0800020e   0x0000000a   Code   RO         1987    .ARM.Collect$$_printf_percent$$00000012  c_w.l(_printf_l.o)
    0x08000218   0x08000218   0x00000006   Code   RO         1972    .ARM.Collect$$_printf_percent$$00000013  c_w.l(_printf_c.o)
    0x0800021e   0x0800021e   0x00000006   Code   RO         1928    .ARM.Collect$$_printf_percent$$00000014  c_w.l(_printf_s.o)
    0x08000224   0x08000224   0x00000006   Code   RO         1988    .ARM.Collect$$_printf_percent$$00000015  c_w.l(_printf_lc.o)
    0x0800022a   0x0800022a   0x00000006   Code   RO         1989    .ARM.Collect$$_printf_percent$$00000016  c_w.l(_printf_ls.o)
    0x08000230   0x08000230   0x00000004   Code   RO         1982    .ARM.Collect$$_printf_percent$$00000017  c_w.l(_printf_percent_end.o)
    0x08000234   0x08000234   0x00000002   Code   RO         2080    .ARM.Collect$$libinit$$00000000  c_w.l(libinit.o)
    0x08000236   0x08000236   0x00000000   Code   RO         2097    .ARM.Collect$$libinit$$00000002  c_w.l(libinit2.o)
    0x08000236   0x08000236   0x00000000   Code   RO         2099    .ARM.Collect$$libinit$$00000004  c_w.l(libinit2.o)
    0x08000236   0x08000236   0x00000000   Code   RO         2102    .ARM.Collect$$libinit$$0000000A  c_w.l(libinit2.o)
    0x08000236   0x08000236   0x00000000   Code   RO         2104    .ARM.Collect$$libinit$$0000000C  c_w.l(libinit2.o)
    0x08000236   0x08000236   0x00000000   Code   RO         2106    .ARM.Collect$$libinit$$0000000E  c_w.l(libinit2.o)
    0x08000236   0x08000236   0x00000006   Code   RO         2107    .ARM.Collect$$libinit$$0000000F  c_w.l(libinit2.o)
    0x0800023c   0x0800023c   0x00000000   Code   RO         2109    .ARM.Collect$$libinit$$00000011  c_w.l(libinit2.o)
    0x0800023c   0x0800023c   0x0000000c   Code   RO         2110    .ARM.Collect$$libinit$$00000012  c_w.l(libinit2.o)
    0x08000248   0x08000248   0x00000000   Code   RO         2111    .ARM.Collect$$libinit$$00000013  c_w.l(libinit2.o)
    0x08000248   0x08000248   0x00000000   Code   RO         2113    .ARM.Collect$$libinit$$00000015  c_w.l(libinit2.o)
    0x08000248   0x08000248   0x0000000a   Code   RO         2114    .ARM.Collect$$libinit$$00000016  c_w.l(libinit2.o)
    0x08000252   0x08000252   0x00000000   Code   RO         2115    .ARM.Collect$$libinit$$00000017  c_w.l(libinit2.o)
    0x08000252   0x08000252   0x00000000   Code   RO         2117    .ARM.Collect$$libinit$$00000019  c_w.l(libinit2.o)
    0x08000252   0x08000252   0x00000000   Code   RO         2119    .ARM.Collect$$libinit$$0000001B  c_w.l(libinit2.o)
    0x08000252   0x08000252   0x00000000   Code   RO         2121    .ARM.Collect$$libinit$$0000001D  c_w.l(libinit2.o)
    0x08000252   0x08000252   0x00000000   Code   RO         2123    .ARM.Collect$$libinit$$0000001F  c_w.l(libinit2.o)
    0x08000252   0x08000252   0x00000000   Code   RO         2125    .ARM.Collect$$libinit$$00000021  c_w.l(libinit2.o)
    0x08000252   0x08000252   0x00000000   Code   RO         2127    .ARM.Collect$$libinit$$00000023  c_w.l(libinit2.o)
    0x08000252   0x08000252   0x00000000   Code   RO         2129    .ARM.Collect$$libinit$$00000025  c_w.l(libinit2.o)
    0x08000252   0x08000252   0x00000000   Code   RO         2133    .ARM.Collect$$libinit$$0000002C  c_w.l(libinit2.o)
    0x08000252   0x08000252   0x00000000   Code   RO         2135    .ARM.Collect$$libinit$$0000002E  c_w.l(libinit2.o)
    0x08000252   0x08000252   0x00000000   Code   RO         2137    .ARM.Collect$$libinit$$00000030  c_w.l(libinit2.o)
    0x08000252   0x08000252   0x00000000   Code   RO         2139    .ARM.Collect$$libinit$$00000032  c_w.l(libinit2.o)
    0x08000252   0x08000252   0x00000002   Code   RO         2140    .ARM.Collect$$libinit$$00000033  c_w.l(libinit2.o)
    0x08000254   0x08000254   0x00000002   Code   RO         2158    .ARM.Collect$$libshutdown$$00000000  c_w.l(libshutdown.o)
    0x08000256   0x08000256   0x00000000   Code   RO         2168    .ARM.Collect$$libshutdown$$00000002  c_w.l(libshutdown2.o)
    0x08000256   0x08000256   0x00000000   Code   RO         2170    .ARM.Collect$$libshutdown$$00000004  c_w.l(libshutdown2.o)
    0x08000256   0x08000256   0x00000000   Code   RO         2173    .ARM.Collect$$libshutdown$$00000007  c_w.l(libshutdown2.o)
    0x08000256   0x08000256   0x00000000   Code   RO         2176    .ARM.Collect$$libshutdown$$0000000A  c_w.l(libshutdown2.o)
    0x08000256   0x08000256   0x00000000   Code   RO         2178    .ARM.Collect$$libshutdown$$0000000C  c_w.l(libshutdown2.o)
    0x08000256   0x08000256   0x00000000   Code   RO         2181    .ARM.Collect$$libshutdown$$0000000F  c_w.l(libshutdown2.o)
    0x08000256   0x08000256   0x00000002   Code   RO         2182    .ARM.Collect$$libshutdown$$00000010  c_w.l(libshutdown2.o)
    0x08000258   0x08000258   0x00000000   Code   RO         1946    .ARM.Collect$$rtentry$$00000000  c_w.l(__rtentry.o)
    0x08000258   0x08000258   0x00000000   Code   RO         2003    .ARM.Collect$$rtentry$$00000002  c_w.l(__rtentry2.o)
    0x08000258   0x08000258   0x00000006   Code   RO         2015    .ARM.Collect$$rtentry$$00000004  c_w.l(__rtentry4.o)
    0x0800025e   0x0800025e   0x00000000   Code   RO         2005    .ARM.Collect$$rtentry$$00000009  c_w.l(__rtentry2.o)
    0x0800025e   0x0800025e   0x00000004   Code   RO         2006    .ARM.Collect$$rtentry$$0000000A  c_w.l(__rtentry2.o)
    0x08000262   0x08000262   0x00000000   Code   RO         2008    .ARM.Collect$$rtentry$$0000000C  c_w.l(__rtentry2.o)
    0x08000262   0x08000262   0x00000008   Code   RO         2009    .ARM.Collect$$rtentry$$0000000D  c_w.l(__rtentry2.o)
    0x0800026a   0x0800026a   0x00000002   Code   RO         2089    .ARM.Collect$$rtexit$$00000000  c_w.l(rtexit.o)
    0x0800026c   0x0800026c   0x00000000   Code   RO         2142    .ARM.Collect$$rtexit$$00000002  c_w.l(rtexit2.o)
    0x0800026c   0x0800026c   0x00000004   Code   RO         2143    .ARM.Collect$$rtexit$$00000003  c_w.l(rtexit2.o)
    0x08000270   0x08000270   0x00000006   Code   RO         2144    .ARM.Collect$$rtexit$$00000004  c_w.l(rtexit2.o)
    0x08000276   0x08000276   0x00000002   PAD
    0x08000278   0x08000278   0x00000040   Code   RO         1815    .text               startup_stm32f10x_hd.o
    0x080002b8   0x080002b8   0x00000002   Code   RO         1867    .text               c_w.l(use_no_semi_2.o)
    0x080002ba   0x080002ba   0x00000002   PAD
    0x080002bc   0x080002bc   0x00000024   Code   RO         1869    .text               c_w.l(vsprintf.o)
    0x080002e0   0x080002e0   0x00000018   Code   RO         1871    .text               c_w.l(__2printf.o)
    0x080002f8   0x080002f8   0x0000002c   Code   RO         1873    .text               c_w.l(__2sprintf.o)
    0x08000324   0x08000324   0x0000004e   Code   RO         1881    .text               c_w.l(_printf_pad.o)
    0x08000372   0x08000372   0x00000052   Code   RO         1883    .text               c_w.l(_printf_str.o)
    0x080003c4   0x080003c4   0x00000078   Code   RO         1885    .text               c_w.l(_printf_dec.o)
    0x0800043c   0x0800043c   0x00000094   Code   RO         1905    .text               c_w.l(_printf_hex_int_ll_ptr.o)
    0x080004d0   0x080004d0   0x00000188   Code   RO         1925    .text               c_w.l(__printf_flags_ss_wp.o)
    0x08000658   0x08000658   0x00000024   Code   RO         1932    .text               c_w.l(strstr.o)
    0x0800067c   0x0800067c   0x0000003e   Code   RO         1934    .text               c_w.l(strlen.o)
    0x080006ba   0x080006ba   0x00000064   Code   RO         1936    .text               c_w.l(rt_memcpy_w.o)
    0x0800071e   0x0800071e   0x00000006   Code   RO         1940    .text               c_w.l(heapauxi.o)
    0x08000724   0x08000724   0x00000002   Code   RO         1944    .text               c_w.l(use_no_semi.o)
    0x08000726   0x08000726   0x00000024   Code   RO         1947    .text               c_w.l(_printf_truncate.o)
    0x0800074a   0x0800074a   0x000000b2   Code   RO         1949    .text               c_w.l(_printf_intcommon.o)
    0x080007fc   0x080007fc   0x00000028   Code   RO         1951    .text               c_w.l(_printf_charcount.o)
    0x08000824   0x08000824   0x00000030   Code   RO         1953    .text               c_w.l(_printf_char_common.o)
    0x08000854   0x08000854   0x0000000a   Code   RO         1955    .text               c_w.l(_sputc.o)
    0x0800085e   0x0800085e   0x0000002c   Code   RO         1957    .text               c_w.l(_printf_char.o)
    0x0800088a   0x0800088a   0x00000002   PAD
    0x0800088c   0x0800088c   0x00000024   Code   RO         1959    .text               c_w.l(_printf_char_file.o)
    0x080008b0   0x080008b0   0x000000bc   Code   RO         1961    .text               c_w.l(_printf_wctomb.o)
    0x0800096c   0x0800096c   0x0000007c   Code   RO         1964    .text               c_w.l(_printf_longlong_dec.o)
    0x080009e8   0x080009e8   0x00000070   Code   RO         1970    .text               c_w.l(_printf_oct_int_ll.o)
    0x08000a58   0x08000a58   0x0000008a   Code   RO         2017    .text               c_w.l(lludiv10.o)
    0x08000ae2   0x08000ae2   0x0000041e   Code   RO         2019    .text               c_w.l(_printf_fp_dec.o)
    0x08000f00   0x08000f00   0x000002fc   Code   RO         2021    .text               c_w.l(_printf_fp_hex.o)
    0x080011fc   0x080011fc   0x0000002c   Code   RO         2026    .text               c_w.l(_printf_wchar.o)
    0x08001228   0x08001228   0x00000008   Code   RO         2028    .text               c_w.l(ferror.o)
    0x08001230   0x08001230   0x00000040   Code   RO         2032    .text               c_w.l(_wcrtomb.o)
    0x08001270   0x08001270   0x0000004a   Code   RO         2034    .text               c_w.l(sys_stackheap_outer.o)
    0x080012ba   0x080012ba   0x00000002   PAD
    0x080012bc   0x080012bc   0x00000010   Code   RO         2036    .text               c_w.l(rt_ctype_table.o)
    0x080012cc   0x080012cc   0x00000008   Code   RO         2041    .text               c_w.l(rt_locale_intlibspace.o)
    0x080012d4   0x080012d4   0x00000080   Code   RO         2043    .text               c_w.l(_printf_fp_infnan.o)
    0x08001354   0x08001354   0x000000e4   Code   RO         2045    .text               c_w.l(bigflt0.o)
    0x08001438   0x08001438   0x00000012   Code   RO         2073    .text               c_w.l(exit.o)
    0x0800144a   0x0800144a   0x00000002   PAD
    0x0800144c   0x0800144c   0x00000008   Code   RO         2086    .text               c_w.l(libspace.o)
    0x08001454   0x08001454   0x00000080   Code   RO         2094    .text               c_w.l(strcmpv7m.o)
    0x080014d4   0x080014d4   0x0000003e   Code   RO         2048    CL$$btod_d2e        c_w.l(btod.o)
    0x08001512   0x08001512   0x00000046   Code   RO         2050    CL$$btod_d2e_denorm_low  c_w.l(btod.o)
    0x08001558   0x08001558   0x00000060   Code   RO         2049    CL$$btod_d2e_norm_op1  c_w.l(btod.o)
    0x080015b8   0x080015b8   0x00000338   Code   RO         2058    CL$$btod_div_common  c_w.l(btod.o)
    0x080018f0   0x080018f0   0x000000dc   Code   RO         2055    CL$$btod_e2e        c_w.l(btod.o)
    0x080019cc   0x080019cc   0x0000002a   Code   RO         2052    CL$$btod_ediv       c_w.l(btod.o)
    0x080019f6   0x080019f6   0x0000002a   Code   RO         2051    CL$$btod_emul       c_w.l(btod.o)
    0x08001a20   0x08001a20   0x00000244   Code   RO         2057    CL$$btod_mult_common  c_w.l(btod.o)
    0x08001c64   0x08001c64   0x00000050   Code   RO          233    i.Aux_Int           lora_app.o
    0x08001cb4   0x08001cb4   0x00000078   Code   RO          234    i.EXTI4_IRQHandler  lora_app.o
    0x08001d2c   0x08001d2c   0x0000000c   Code   RO          660    i.EXTI_ClearITPendingBit  stm32f10x_exti.o
    0x08001d38   0x08001d38   0x00000028   Code   RO          664    i.EXTI_GetITStatus  stm32f10x_exti.o
    0x08001d60   0x08001d60   0x00000094   Code   RO          665    i.EXTI_Init         stm32f10x_exti.o
    0x08001df4   0x08001df4   0x00000040   Code   RO          728    i.GPIO_EXTILineConfig  stm32f10x_gpio.o
    0x08001e34   0x08001e34   0x00000116   Code   RO          731    i.GPIO_Init         stm32f10x_gpio.o
    0x08001f4a   0x08001f4a   0x00000002   PAD
    0x08001f4c   0x08001f4c   0x00000090   Code   RO          733    i.GPIO_PinRemapConfig  stm32f10x_gpio.o
    0x08001fdc   0x08001fdc   0x00000004   Code   RO          738    i.GPIO_ResetBits    stm32f10x_gpio.o
    0x08001fe0   0x08001fe0   0x00000004   Code   RO          741    i.GPIO_Write        stm32f10x_gpio.o
    0x08001fe4   0x08001fe4   0x0000000a   Code   RO          742    i.GPIO_WriteBit     stm32f10x_gpio.o
    0x08001fee   0x08001fee   0x00000002   PAD
    0x08001ff0   0x08001ff0   0x00000114   Code   RO          235    i.LoRa_Configure    lora_app.o
    0x08002104   0x08002104   0x00000084   Code   RO          236    i.LoRa_Init         lora_app.o
    0x08002188   0x08002188   0x00000120   Code   RO          238    i.LoRa_SendData     lora_app.o
    0x080022a8   0x080022a8   0x0000019c   Code   RO          239    i.LoRa_Set          lora_app.o
    0x08002444   0x08002444   0x00000028   Code   RO          440    i.Motor_Ctrl        28byj_48.o
    0x0800246c   0x0800246c   0x00000038   Code   RO          441    i.Motor_Init        28byj_48.o
    0x080024a4   0x080024a4   0x0000004c   Code   RO          442    i.Motor_corotation  28byj_48.o
    0x080024f0   0x080024f0   0x00000010   Code   RO          443    i.Motor_stop        28byj_48.o
    0x08002500   0x08002500   0x00000070   Code   RO          611    i.NVIC_Init         misc.o
    0x08002570   0x08002570   0x00000014   Code   RO          612    i.NVIC_PriorityGroupConfig  misc.o
    0x08002584   0x08002584   0x00000054   Code   RO          493    i.OLED_I2C_SendByte  oled.o
    0x080025d8   0x080025d8   0x00000034   Code   RO          494    i.OLED_I2C_Start    oled.o
    0x0800260c   0x0800260c   0x00000028   Code   RO          495    i.OLED_I2C_Stop     oled.o
    0x08002634   0x08002634   0x00000022   Code   RO          498    i.OLED_SetCursor    oled.o
    0x08002656   0x08002656   0x00000002   PAD
    0x08002658   0x08002658   0x00000074   Code   RO          500    i.OLED_ShowChar     oled.o
    0x080026cc   0x080026cc   0x00000028   Code   RO          504    i.OLED_ShowString   oled.o
    0x080026f4   0x080026f4   0x00000020   Code   RO          505    i.OLED_WriteCommand  oled.o
    0x08002714   0x08002714   0x00000020   Code   RO          506    i.OLED_WriteData    oled.o
    0x08002734   0x08002734   0x00000020   Code   RO          853    i.RCC_APB1PeriphClockCmd  stm32f10x_rcc.o
    0x08002754   0x08002754   0x00000020   Code   RO          854    i.RCC_APB1PeriphResetCmd  stm32f10x_rcc.o
    0x08002774   0x08002774   0x00000020   Code   RO          855    i.RCC_APB2PeriphClockCmd  stm32f10x_rcc.o
    0x08002794   0x08002794   0x00000020   Code   RO          856    i.RCC_APB2PeriphResetCmd  stm32f10x_rcc.o
    0x080027b4   0x080027b4   0x000000d4   Code   RO          863    i.RCC_GetClocksFreq  stm32f10x_rcc.o
    0x08002888   0x08002888   0x00000008   Code   RO         1822    i.SetSysClock       system_stm32f10x.o
    0x08002890   0x08002890   0x000000e0   Code   RO         1823    i.SetSysClockTo72   system_stm32f10x.o
    0x08002970   0x08002970   0x00000028   Code   RO          615    i.SysTick_CLKSourceConfig  misc.o
    0x08002998   0x08002998   0x00000060   Code   RO         1825    i.SystemInit        system_stm32f10x.o
    0x080029f8   0x080029f8   0x00000034   Code   RO          193    i.TIM3_IRQHandler   timer.o
    0x08002a2c   0x08002a2c   0x00000060   Code   RO          194    i.TIM3_Int_Init     timer.o
    0x08002a8c   0x08002a8c   0x00000006   Code   RO         1074    i.TIM_ClearITPendingBit  stm32f10x_tim.o
    0x08002a92   0x08002a92   0x00000018   Code   RO         1079    i.TIM_Cmd           stm32f10x_tim.o
    0x08002aaa   0x08002aaa   0x00000022   Code   RO         1100    i.TIM_GetITStatus   stm32f10x_tim.o
    0x08002acc   0x08002acc   0x00000012   Code   RO         1104    i.TIM_ITConfig      stm32f10x_tim.o
    0x08002ade   0x08002ade   0x00000004   Code   RO         1144    i.TIM_SetCounter    stm32f10x_tim.o
    0x08002ae2   0x08002ae2   0x00000002   PAD
    0x08002ae4   0x08002ae4   0x000000a4   Code   RO         1150    i.TIM_TimeBaseInit  stm32f10x_tim.o
    0x08002b88   0x08002b88   0x000000ac   Code   RO          318    i.USART1_IRQHandler  usart1.o
    0x08002c34   0x08002c34   0x000000a4   Code   RO          372    i.USART3_IRQHandler  usart3.o
    0x08002cd8   0x08002cd8   0x00000018   Code   RO         1627    i.USART_Cmd         stm32f10x_usart.o
    0x08002cf0   0x08002cf0   0x0000009c   Code   RO         1629    i.USART_DeInit      stm32f10x_usart.o
    0x08002d8c   0x08002d8c   0x0000001a   Code   RO         1630    i.USART_GetFlagStatus  stm32f10x_usart.o
    0x08002da6   0x08002da6   0x00000054   Code   RO         1631    i.USART_GetITStatus  stm32f10x_usart.o
    0x08002dfa   0x08002dfa   0x0000004a   Code   RO         1633    i.USART_ITConfig    stm32f10x_usart.o
    0x08002e44   0x08002e44   0x000000d8   Code   RO         1634    i.USART_Init        stm32f10x_usart.o
    0x08002f1c   0x08002f1c   0x0000000a   Code   RO         1641    i.USART_ReceiveData  stm32f10x_usart.o
    0x08002f26   0x08002f26   0x00000008   Code   RO         1644    i.USART_SendData    stm32f10x_usart.o
    0x08002f2e   0x08002f2e   0x00000028   Code   RO         2084    i.__ARM_fpclassify  m_ws.l(fpclassify.o)
    0x08002f56   0x08002f56   0x0000000e   Code   RO         1918    i._is_digit         c_w.l(__printf_wp.o)
    0x08002f64   0x08002f64   0x00000004   Code   RO          319    i._sys_exit         usart1.o
    0x08002f68   0x08002f68   0x00000044   Code   RO          109    i.delay_init        delay.o
    0x08002fac   0x08002fac   0x0000004c   Code   RO          110    i.delay_ms          delay.o
    0x08002ff8   0x08002ff8   0x0000001c   Code   RO          320    i.fputc             usart1.o
    0x08003014   0x08003014   0x00000034   Code   RO          241    i.lora_check_cmd    lora_app.o
    0x08003048   0x08003048   0x00000080   Code   RO          242    i.lora_send_cmd     lora_app.o
    0x080030c8   0x080030c8   0x00000084   Code   RO            4    i.main              main.o
    0x0800314c   0x0800314c   0x00000050   Code   RO          373    i.u3_printf         usart3.o
    0x0800319c   0x0800319c   0x000000a0   Code   RO          321    i.uart_init         usart1.o
    0x0800323c   0x0800323c   0x000000c8   Code   RO          374    i.usart3_init       usart3.o
    0x08003304   0x08003304   0x00000038   Code   RO          375    i.usart3_rx         usart3.o
    0x0800333c   0x0800333c   0x000000c4   Code   RO          376    i.usart3_set        usart3.o
    0x08003400   0x08003400   0x0000002c   Code   RO         2071    locale$$code        c_w.l(lc_numeric_c.o)
    0x0800342c   0x0800342c   0x0000002c   Code   RO         2092    locale$$code        c_w.l(lc_ctype_c.o)
    0x08003458   0x08003458   0x00000004   Code   RO         1994    x$fpl$printf1       fz_ws.l(printf1.o)
    0x0800345c   0x0800345c   0x00000004   Code   RO         1996    x$fpl$printf2       fz_ws.l(printf2.o)
    0x08003460   0x08003460   0x00000000   Code   RO         2083    x$fpl$usenofp       fz_ws.l(usenofp.o)
    0x08003460   0x08003460   0x00000028   Data   RO            6    .constdata          main.o
    0x08003488   0x08003488   0x000005f0   Data   RO          507    .constdata          oled.o
    0x08003a78   0x08003a78   0x00000028   Data   RO         1906    .constdata          c_w.l(_printf_hex_int_ll_ptr.o)
    0x08003aa0   0x08003aa0   0x00000011   Data   RO         1926    .constdata          c_w.l(__printf_flags_ss_wp.o)
    0x08003ab1   0x08003ab1   0x00000003   PAD
    0x08003ab4   0x08003ab4   0x00000008   Data   RO         1962    .constdata          c_w.l(_printf_wctomb.o)
    0x08003abc   0x08003abc   0x00000026   Data   RO         2022    .constdata          c_w.l(_printf_fp_hex.o)
    0x08003ae2   0x08003ae2   0x00000002   PAD
    0x08003ae4   0x08003ae4   0x00000094   Data   RO         2046    .constdata          c_w.l(bigflt0.o)
    0x08003b78   0x08003b78   0x00000020   Data   RO         2214    Region$$Table       anon$$obj.o
    0x08003b98   0x08003b98   0x0000001c   Data   RO         2070    locale$$data        c_w.l(lc_numeric_c.o)
    0x08003bb4   0x08003bb4   0x00000110   Data   RO         2091    locale$$data        c_w.l(lc_ctype_c.o)


    Execution Region RW_IRAM1 (Exec base: 0x20000000, Load base: 0x08003cc4, Size: 0x00000f28, Max: 0x00010000, ABSOLUTE)

    Exec Addr    Load Addr    Size         Type   Attr      Idx    E Section Name        Object

    0x20000000   0x08003cc4   0x00000001   Data   RW            7    .data               main.o
    0x20000001   0x08003cc5   0x00000001   PAD
    0x20000002   0x08003cc6   0x00000004   Data   RW          112    .data               delay.o
    0x20000006   0x08003cca   0x00000002   PAD
    0x20000008   0x08003ccc   0x00000025   Data   RW          244    .data               lora_app.o
    0x2000002d   0x08003cf1   0x00000003   PAD
    0x20000030   0x08003cf4   0x00000006   Data   RW          323    .data               usart1.o
    0x20000036   0x08003cfa   0x00000002   PAD
    0x20000038   0x08003cfc   0x00000008   Data   RW          378    .data               usart3.o
    0x20000040   0x08003d04   0x00000008   Data   RW          444    .data               28byj_48.o
    0x20000048   0x08003d0c   0x00000014   Data   RW          883    .data               stm32f10x_rcc.o
    0x2000005c   0x08003d20   0x00000014   Data   RW         1826    .data               system_stm32f10x.o
    0x20000070        -       0x00000028   Zero   RW            5    .bss                main.o
    0x20000098        -       0x000000fa   Zero   RW          243    .bss                lora_app.o
    0x20000192        -       0x000000c8   Zero   RW          322    .bss                usart1.o
    0x2000025a   0x08003d34   0x00000002   PAD
    0x2000025c        -       0x00000668   Zero   RW          377    .bss                usart3.o
    0x200008c4        -       0x00000060   Zero   RW         2087    .bss                c_w.l(libspace.o)
    0x20000924   0x08003d34   0x00000004   PAD
    0x20000928        -       0x00000200   Zero   RW         1813    HEAP                startup_stm32f10x_hd.o
    0x20000b28        -       0x00000400   Zero   RW         1812    STACK               startup_stm32f10x_hd.o


==============================================================================

Image component sizes


      Code (inc. data)   RO Data    RW Data    ZI Data      Debug   Object Name

       188         18          0          8          0       2566   28byj_48.o
       144         22          0          4          0       1088   delay.o
      1488        344          0         37        250       7115   lora_app.o
       132         16         40          1         40     256972   main.o
       172         22          0          0          0       2225   misc.o
       430         18       1520          0          0       5518   oled.o
        64         26        304          0       1536        812   startup_stm32f10x_hd.o
       200         18          0          0          0       2280   stm32f10x_exti.o
       504         10          0          0          0       5326   stm32f10x_gpio.o
       340         44          0         20          0       5792   stm32f10x_rcc.o
       250         42          0          0          0       4343   stm32f10x_tim.o
       598         28          0          0          0       7092   stm32f10x_usart.o
       328         28          0         20          0       2241   system_stm32f10x.o
       148         16          0          0          0       1050   timer.o
       364         32          0          6        200       3972   usart1.o
       696         88          0          8       1640       4210   usart3.o

    ----------------------------------------------------------------------
      6054        772       1896        112       3668     312602   Object Totals
         0          0         32          0          0          0   (incl. Generated)
         8          0          0          8          2          0   (incl. Padding)

    ----------------------------------------------------------------------

      Code (inc. data)   RO Data    RW Data    ZI Data      Debug   Library Member Name

        24          4          0          0          0         84   __2printf.o
        44          6          0          0          0         84   __2sprintf.o
         8          0          0          0          0         68   __main.o
       392          4         17          0          0         92   __printf_flags_ss_wp.o
        14          0          0          0          0         68   __printf_wp.o
         0          0          0          0          0          0   __rtentry.o
        12          0          0          0          0          0   __rtentry2.o
         6          0          0          0          0          0   __rtentry4.o
        52          8          0          0          0          0   __scatter.o
        26          0          0          0          0          0   __scatter_copy.o
        28          0          0          0          0          0   __scatter_zi.o
         6          0          0          0          0          0   _printf_a.o
         6          0          0          0          0          0   _printf_c.o
        44          0          0          0          0        108   _printf_char.o
        48          6          0          0          0         96   _printf_char_common.o
        36          4          0          0          0         80   _printf_char_file.o
        40          0          0          0          0         68   _printf_charcount.o
         6          0          0          0          0          0   _printf_d.o
       120         16          0          0          0         92   _printf_dec.o
         6          0          0          0          0          0   _printf_e.o
         6          0          0          0          0          0   _printf_f.o
      1054          0          0          0          0        216   _printf_fp_dec.o
       764          8         38          0          0        100   _printf_fp_hex.o
       128         16          0          0          0         84   _printf_fp_infnan.o
         6          0          0          0          0          0   _printf_g.o
       148          4         40          0          0        160   _printf_hex_int_ll_ptr.o
         6          0          0          0          0          0   _printf_i.o
       178          0          0          0          0         88   _printf_intcommon.o
        10          0          0          0          0          0   _printf_l.o
         6          0          0          0          0          0   _printf_lc.o
        10          0          0          0          0          0   _printf_ll.o
         6          0          0          0          0          0   _printf_lld.o
         6          0          0          0          0          0   _printf_lli.o
         6          0          0          0          0          0   _printf_llo.o
         6          0          0          0          0          0   _printf_llu.o
         6          0          0          0          0          0   _printf_llx.o
       124         16          0          0          0         92   _printf_longlong_dec.o
         6          0          0          0          0          0   _printf_ls.o
         6          0          0          0          0          0   _printf_n.o
         6          0          0          0          0          0   _printf_o.o
       112         10          0          0          0        124   _printf_oct_int_ll.o
         6          0          0          0          0          0   _printf_p.o
        78          0          0          0          0        108   _printf_pad.o
         0          0          0          0          0          0   _printf_percent.o
         4          0          0          0          0          0   _printf_percent_end.o
         6          0          0          0          0          0   _printf_s.o
        82          0          0          0          0         80   _printf_str.o
        36          0          0          0          0         84   _printf_truncate.o
         6          0          0          0          0          0   _printf_u.o
        44          0          0          0          0        108   _printf_wchar.o
       188          6          8          0          0         92   _printf_wctomb.o
         6          0          0          0          0          0   _printf_x.o
        10          0          0          0          0         68   _sputc.o
        64          0          0          0          0         92   _wcrtomb.o
       228          4        148          0          0         96   bigflt0.o
      1936        128          0          0          0        672   btod.o
        18          0          0          0          0         80   exit.o
         8          0          0          0          0         68   ferror.o
         6          0          0          0          0        152   heapauxi.o
        44         10        272          0          0         76   lc_ctype_c.o
        44         10         28          0          0         76   lc_numeric_c.o
         2          0          0          0          0          0   libinit.o
        30          0          0          0          0          0   libinit2.o
         2          0          0          0          0          0   libshutdown.o
         2          0          0          0          0          0   libshutdown2.o
         8          4          0          0         96         68   libspace.o
       138          0          0          0          0         80   lludiv10.o
        16          4          0          0          0         76   rt_ctype_table.o
         8          4          0          0          0         68   rt_locale_intlibspace.o
       100          0          0          0          0         80   rt_memcpy_w.o
         2          0          0          0          0          0   rtexit.o
        10          0          0          0          0          0   rtexit2.o
       128          0          0          0          0         68   strcmpv7m.o
        62          0          0          0          0         76   strlen.o
        36          0          0          0          0         80   strstr.o
        74          0          0          0          0         80   sys_stackheap_outer.o
         2          0          0          0          0         68   use_no_semi.o
         2          0          0          0          0         68   use_no_semi_2.o
        36          4          0          0          0         76   vsprintf.o
         4          0          0          0          0         68   printf1.o
         4          0          0          0          0         68   printf2.o
         0          0          0          0          0          0   usenofp.o
        40          0          0          0          0         68   fpclassify.o

    ----------------------------------------------------------------------
      7050        276        556          0        100       4648   Library Totals
        12          0          5          0          4          0   (incl. Padding)

    ----------------------------------------------------------------------

      Code (inc. data)   RO Data    RW Data    ZI Data      Debug   Library Name

      6990        276        551          0         96       4444   c_w.l
         8          0          0          0          0        136   fz_ws.l
        40          0          0          0          0         68   m_ws.l

    ----------------------------------------------------------------------
      7050        276        556          0        100       4648   Library Totals

    ----------------------------------------------------------------------

==============================================================================


      Code (inc. data)   RO Data    RW Data    ZI Data      Debug   

     13104       1048       2452        112       3768     311318   Grand Totals
     13104       1048       2452        112       3768     311318   ELF Image Totals
     13104       1048       2452        112          0          0   ROM Totals

==============================================================================

    Total RO  Size (Code + RO Data)                15556 (  15.19kB)
    Total RW  Size (RW Data + ZI Data)              3880 (   3.79kB)
    Total ROM Size (Code + RO Data + RW Data)      15668 (  15.30kB)

==============================================================================

