<html>
<body>
<pre>
<h1>µVision Build Log</h1>
<h2>Tool Versions:</h2>
IDE-Version: ¦ÌVision V5.24.2.0
Copyright (C) 2017 ARM Ltd and ARM Germany GmbH. All rights reserved.
License Information: Z zy, z, LIC=----
 
Tool Versions:
Toolchain:       MDK-Lite  Version: 5.24.1
Toolchain Path:  D:\KEIL5\ARM\ARMCC\Bin
C Compiler:      Armcc.exe V5.06 update 5 (build 528)
Assembler:       Armasm.exe V5.06 update 5 (build 528)
Linker/Locator:  ArmLink.exe V5.06 update 5 (build 528)
Library Manager: ArmAr.exe V5.06 update 5 (build 528)
Hex Converter:   FromElf.exe V5.06 update 5 (build 528)
CPU DLL:         SARMCM3.DLL V5.24.1
Dialog DLL:      DARMCM1.DLL V1.18.0.0
Target DLL:      Segger\JL2CM3.dll V2.99.26.0
Dialog DLL:      TARMCM1.DLL V1.13.0.0
 
<h2>Project:</h2>
C:\Users\zy\Desktop\KeliProject\Fn33Project\I2C ´Ó»úÀý³Ì\MDK-ARM\FM33LG0XX_Tester.uvprojx
Project File Date:  11/01/2023

<h2>Output:</h2>
*** Using Compiler 'V5.06 update 5 (build 528)', folder: 'D:\KEIL5\ARM\ARMCC\Bin'
Build target 'Example'
assembling startup_fm33lg0xx.s...
compiling system_fm33lg0xx.c...
compiling fm33lg0xx_fl_bstim16.c...
compiling fm33lg0xx_fl_aes.c...
compiling fm33lg0xx_fl.c...
compiling fm33lg0xx_fl_adc.c...
compiling mf_config.c...
compiling fm33lg0xx_fl_atim.c...
compiling I2C.c...
compiling main.c...
compiling fm33lg0xx_fl_can.c...
compiling fm33lg0xx_fl_bstim32.c...
compiling fm33lg0xx_fl_comp.c...
compiling fm33lg0xx_fl_cmu.c...
compiling fm33lg0xx_fl_dma.c...
compiling fm33lg0xx_fl_divas.c...
compiling fm33lg0xx_fl_dac.c...
compiling fm33lg0xx_fl_crc.c...
compiling fm33lg0xx_fl_gpio.c...
compiling fm33lg0xx_fl_exti.c...
compiling fm33lg0xx_fl_lptim16.c...
compiling fm33lg0xx_fl_i2c.c...
compiling fm33lg0xx_fl_flash.c...
compiling fm33lg0xx_fl_gptim.c...
compiling fm33lg0xx_fl_iwdt.c...
compiling fm33lg0xx_fl_lcd.c...
compiling fm33lg0xx_fl_lptim32.c...
compiling fm33lg0xx_fl_opa.c...
compiling fm33lg0xx_fl_lpuart.c...
compiling fm33lg0xx_fl_rng.c...
compiling fm33lg0xx_fl_pmu.c...
compiling fm33lg0xx_fl_pgl.c...
compiling fm33lg0xx_fl_u7816.c...
compiling fm33lg0xx_fl_rtca.c...
compiling fm33lg0xx_fl_spi.c...
compiling fm33lg0xx_fl_rtcb.c...
compiling fm33lg0xx_fl_vao.c...
compiling fm33lg0xx_fl_wwdt.c...
compiling fm33lg0xx_fl_svd.c...
compiling fm33lg0xx_fl_uart.c...
compiling fm33lg0xx_fl_vrefp.c...
linking...
Program Size: Code=3224 RO-data=224 RW-data=20 ZI-data=4196  
FromELF: creating hex file...
".\Objects\FM33LC0xx_Tester.axf" - 0 Error(s), 0 Warning(s).

<h2>Software Packages used:</h2>

Package Vendor: Keil
                
                Keil.FM33LG0XX_DFP.2.0.2
                FMSH ARM Cortex-M0 Device Family Pack

<h2>Collection of Component include folders:</h2>
  .\RTE\_Example

<h2>Collection of Component Files used:</h2>
Build Time Elapsed:  00:00:11
</pre>
</body>
</html>
